
> workbench_ui@0.0.0 test
> vitest


 RUN  v3.2.4 /home/srvo/workbench_ui

 ✓ src/hooks/__tests__/useDebounce.test.tsx (7 tests) 68ms
stdout | src/__tests__/integration/api-integration.test.ts > API Integration Tests
API Base URL: https://workbenchapi.ethicic.com
API Client Base URL: https://workbenchapi.ethicic.com

 ✓ src/api/__tests__/exclusionsWorkbench.test.ts (16 tests) 226ms
 ✓ src/pages/__tests__/Workbench.test.tsx (12 tests) 232ms
 ❯ src/components/Controls/__tests__/MarkdownEditor.test.tsx (7 tests | 1 failed) 193ms
   ✓ MarkdownEditor > renders editor with proper placeholder 51ms
   ✓ MarkdownEditor > calls onCancel when cancel button is clicked 24ms
   ✓ MarkdownEditor > handles text input and saves note 42ms
   ✓ MarkdownEditor > disables save button when content is empty 10ms
   ✓ MarkdownEditor > enables save button when content is added 14ms
   ✓ MarkdownEditor > shows saving state during save 29ms
   × MarkdownEditor > handles keyboard shortcut for save 17ms
     → expected "create" to be called with arguments: [ 'AAPL', 'Test content' ][90m

Number of calls: [1m0[22m
[39m
 ❯ src/components/Charts/__tests__/SecurityCharts.test.tsx (10 tests | 1 failed) 272ms
   ✓ SecurityCharts > shows empty state when no symbol selected 45ms
   × SecurityCharts > shows loading state while fetching data 20ms
     → Unable to find an element with the text: Loading charts.... This could be because the text is broken up by multiple elements. In this case, you can provide a function for your text matcher to make your matcher more flexible.

Ignored nodes: comments, script, style
[36m<body>[39m
  [36m<div>[39m
    [36m<div[39m
      [33mclass[39m=[32m"flex items-center justify-center h-full text-gray-500"[39m
    [36m>[39m
      [0mNo chart data available[0m
    [36m</div>[39m
  [36m</div>[39m
[36m</body>[39m
   ✓ SecurityCharts > renders price chart with OHLC data 53ms
   ✓ SecurityCharts > includes SMA200 line when available 26ms
   ✓ SecurityCharts > renders tick score overlay on price chart 26ms
   ✓ SecurityCharts > renders fundamentals charts when data is available 29ms
   ✓ SecurityCharts > does not render fundamentals charts when data is unavailable 15ms
   ✓ SecurityCharts > highlights current tick score in history 14ms
   ✓ SecurityCharts > converts timestamps to dates correctly 14ms
   ✓ SecurityCharts > handles chart relayout for x-axis synchronization 22ms
 ❯ src/pages/__tests__/Exclusions.test.tsx (12 tests | 9 failed) 445ms
   × Exclusions Page > renders exclusions page with tabs 85ms
     → Unable to find an element with the text: 🏷️ Categories (normalized from '🏷️  Categories'). This could be because the text is broken up by multiple elements. In this case, you can provide a function for your text matcher to make your matcher more flexible.

Ignored nodes: comments, script, style
[36m<body>[39m
  [36m<div>[39m
    [36m<div[39m
      [33mclass[39m=[32m"h-screen bg-gray-50 flex flex-col"[39m
    [36m>[39m
      [36m<div[39m
        [33mclass[39m=[32m"bg-white shadow-sm border-b"[39m
      [36m>[39m
        [36m<div[39m
          [33mclass[39m=[32m"px-6 py-4"[39m
        [36m>[39m
          [36m<h1[39m
            [33mclass[39m=[32m"text-2xl font-bold text-gray-900"[39m
          [36m>[39m
            [0m🔍 Exclusions Management[0m
          [36m</h1>[39m
          [36m<p[39m
            [33mclass[39m=[32m"text-gray-600 mt-1"[39m
          [36m>[39m
            [0mManage and analyze investment exclusions data[0m
          [36m</p>[39m
        [36m</div>[39m
      [36m</div>[39m
      [36m<div[39m
        [33mclass[39m=[32m"bg-white border-b"[39m
      [36m>[39m
        [36m<div[39m
          [33mclass[39m=[32m"px-6"[39m
        [36m>[39m
          [36m<nav[39m
            [33maria-label[39m=[32m"Tabs"[39m
            [33mclass[39m=[32m"flex space-x-8"[39m
          [36m>[39m
            [36m<button[39m
              [33mclass[39m=[32m"
                  py-4 px-1 border-b-2 font-medium text-sm whitespace-nowrap
                  border-blue-500 text-blue-600
                "[39m
            [36m>[39m
              [36m<span[39m
                [33mclass[39m=[32m"mr-2"[39m
              [36m>[39m
                [0m📊[0m
              [36m</span>[39m
              [0m📊 Dashboard[0m
            [36m</button>[39m
            [36m<button[39m
              [33mclass[39m=[32m"
                  py-4 px-1 border-b-2 font-medium text-sm whitespace-nowrap
                  border-transparent text-gray-500 hover:text-gray-700 hover:border-gray-300
                "[39m
            [36m>[39m
              [36m<span[39m
                [33mclass[39m=[32m"mr-2"[39m
              [36m>[39m
                [0m🏷️[0m
              [36m</span>[39m
              [0m🏷️  Categories[0m
            [36m</button>[39m
            [36m<button[39m
              [33mclass[39m=[32m"
                  py-4 px-1 border-b-2 font-medium text-sm whitespace-nowrap
                  border-transparent text-gray-500 hover:text-gray-700 hover:border-gray-300
                "[39m
            [36m>[39m
              [36m<span[39m
                [33mclass[39m=[32m"mr-2"[39m
              [36m>[39m
                [0m🔗[0m
              [36m</span>[39m
              [0m🔗 Source Mappings[0m
            [36m</button>[39m
            [36m<button[39m
              [33mclass[39m=[32m"
                  py-4 px-1 border-b-2 font-medium text-sm whitespace-nowrap
                  border-transparent text-gray-500 hover:text-gray-700 hover:border-gray-300
                "[39m
            [36m>[39m
              [36m<span[39m
                [33mclass[39m=[32m"mr-2"[39m
              [36m>[39m
                [0m🔍[0m
              [36m</span>[39m
              [0m🔍 Data Quality[0m
            [36m</button>[39m
            [36m<button[39m
              [33mclass[39m=[32m"
                  py-4 px-1 border-b-2 font-medium text-sm whitespace-nowrap
                  border-transparent text-gray-500 hover:text-gray-700 hover:border-gray-300
                "[39m
            [36m>[39m
              [36m<span[39m
                [33mclass[39m=[32m"mr-2"[39m
              [36m>[39m
                [0m📈[0m
              [36m</span>[39m
              [0m📈 Sharadar Coverage[0m
            [36m</button>[39m
            [36m<button[39m
              [33mclass[39m=[32m"
                  py-4 px-1 border-b-2 font-medium text-sm whitespace-nowrap
                  border-transparent text-gray-500 hover:text-gray-700 hover:border-gray-300
                "[39m
            [36m>[39m
              [36m<span[39m
                [33mclass[39m=[32m"mr-2"[39m
              [36m>[39m
                [0m📋[0m
              [36m</span>[39m
              [0m📋 Ingestion Logs[0m
            [36m</button>[39m
          [36m</nav>[39m
        [36m</div>[39m
      [36m</div>[39m
      [36m<div[39m
        [33mclass[39m=[32m"flex-1 overflow-hidden"[39m
      [36m>[39m
        [36m<div[39m
          [33mclass[39m=[32m"p-6 flex items-center justify-center"[39m
        [36m>[39m
          [36m<div[39m
            [33mclass[39m=[32m"animate-spin rounded-full h-8 w-8 border-b-2 border-blue-600"[39m
          [36m/>[39m
        [36m</div>[39m
      [36m</div>[39m
    [36m</div>[39m
  [36m</div>[39m
[36m</body>[39m
   ✓ Exclusions Page > displays dashboard tab by default 25ms
   × Exclusions Page > switches between tabs correctly 20ms
     → Unable to find an element with the text: 🏷️ Categories (normalized from '🏷️  Categories'). This could be because the text is broken up by multiple elements. In this case, you can provide a function for your text matcher to make your matcher more flexible.

Ignored nodes: comments, script, style
[36m<body>[39m
  [36m<div>[39m
    [36m<div[39m
      [33mclass[39m=[32m"h-screen bg-gray-50 flex flex-col"[39m
    [36m>[39m
      [36m<div[39m
        [33mclass[39m=[32m"bg-white shadow-sm border-b"[39m
      [36m>[39m
        [36m<div[39m
          [33mclass[39m=[32m"px-6 py-4"[39m
        [36m>[39m
          [36m<h1[39m
            [33mclass[39m=[32m"text-2xl font-bold text-gray-900"[39m
          [36m>[39m
            [0m🔍 Exclusions Management[0m
          [36m</h1>[39m
          [36m<p[39m
            [33mclass[39m=[32m"text-gray-600 mt-1"[39m
          [36m>[39m
            [0mManage and analyze investment exclusions data[0m
          [36m</p>[39m
        [36m</div>[39m
      [36m</div>[39m
      [36m<div[39m
        [33mclass[39m=[32m"bg-white border-b"[39m
      [36m>[39m
        [36m<div[39m
          [33mclass[39m=[32m"px-6"[39m
        [36m>[39m
          [36m<nav[39m
            [33maria-label[39m=[32m"Tabs"[39m
            [33mclass[39m=[32m"flex space-x-8"[39m
          [36m>[39m
            [36m<button[39m
              [33mclass[39m=[32m"
                  py-4 px-1 border-b-2 font-medium text-sm whitespace-nowrap
                  border-blue-500 text-blue-600
                "[39m
            [36m>[39m
              [36m<span[39m
                [33mclass[39m=[32m"mr-2"[39m
              [36m>[39m
                [0m📊[0m
              [36m</span>[39m
              [0m📊 Dashboard[0m
            [36m</button>[39m
            [36m<button[39m
              [33mclass[39m=[32m"
                  py-4 px-1 border-b-2 font-medium text-sm whitespace-nowrap
                  border-transparent text-gray-500 hover:text-gray-700 hover:border-gray-300
                "[39m
            [36m>[39m
              [36m<span[39m
                [33mclass[39m=[32m"mr-2"[39m
              [36m>[39m
                [0m🏷️[0m
              [36m</span>[39m
              [0m🏷️  Categories[0m
            [36m</button>[39m
            [36m<button[39m
              [33mclass[39m=[32m"
                  py-4 px-1 border-b-2 font-medium text-sm whitespace-nowrap
                  border-transparent text-gray-500 hover:text-gray-700 hover:border-gray-300
                "[39m
            [36m>[39m
              [36m<span[39m
                [33mclass[39m=[32m"mr-2"[39m
              [36m>[39m
                [0m🔗[0m
              [36m</span>[39m
              [0m🔗 Source Mappings[0m
            [36m</button>[39m
            [36m<button[39m
              [33mclass[39m=[32m"
                  py-4 px-1 border-b-2 font-medium text-sm whitespace-nowrap
                  border-transparent text-gray-500 hover:text-gray-700 hover:border-gray-300
                "[39m
            [36m>[39m
              [36m<span[39m
                [33mclass[39m=[32m"mr-2"[39m
              [36m>[39m
                [0m🔍[0m
              [36m</span>[39m
              [0m🔍 Data Quality[0m
            [36m</button>[39m
            [36m<button[39m
              [33mclass[39m=[32m"
                  py-4 px-1 border-b-2 font-medium text-sm whitespace-nowrap
                  border-transparent text-gray-500 hover:text-gray-700 hover:border-gray-300
                "[39m
            [36m>[39m
              [36m<span[39m
                [33mclass[39m=[32m"mr-2"[39m
              [36m>[39m
                [0m📈[0m
              [36m</span>[39m
              [0m📈 Sharadar Coverage[0m
            [36m</button>[39m
            [36m<button[39m
              [33mclass[39m=[32m"
                  py-4 px-1 border-b-2 font-medium text-sm whitespace-nowrap
                  border-transparent text-gray-500 hover:text-gray-700 hover:border-gray-300
                "[39m
            [36m>[39m
              [36m<span[39m
                [33mclass[39m=[32m"mr-2"[39m
              [36m>[39m
                [0m📋[0m
              [36m</span>[39m
              [0m📋 Ingestion Logs[0m
            [36m</button>[39m
          [36m</nav>[39m
        [36m</div>[39m
      [36m</div>[39m
      [36m<div[39m
        [33mclass[39m=[32m"flex-1 overflow-hidden"[39m
      [36m>[39m
        [36m<div[39m
          [33mclass[39m=[32m"p-6 flex items-center justify-center"[39m
        [36m>[39m
          [36m<div[39m
            [33mclass[39m=[32m"animate-spin rounded-full h-8 w-8 border-b-2 border-blue-600"[39m
          [36m/>[39m
        [36m</div>[39m
      [36m</div>[39m
    [36m</div>[39m
  [36m</div>[39m
[36m</body>[39m
   × Exclusions Page > renders all tab content panels 23ms
     → Unable to find an element with the text: 🏷️ Categories (normalized from '🏷️  Categories'). This could be because the text is broken up by multiple elements. In this case, you can provide a function for your text matcher to make your matcher more flexible.

Ignored nodes: comments, script, style
[36m<body>[39m
  [36m<div>[39m
    [36m<div[39m
      [33mclass[39m=[32m"h-screen bg-gray-50 flex flex-col"[39m
    [36m>[39m
      [36m<div[39m
        [33mclass[39m=[32m"bg-white shadow-sm border-b"[39m
      [36m>[39m
        [36m<div[39m
          [33mclass[39m=[32m"px-6 py-4"[39m
        [36m>[39m
          [36m<h1[39m
            [33mclass[39m=[32m"text-2xl font-bold text-gray-900"[39m
          [36m>[39m
            [0m🔍 Exclusions Management[0m
          [36m</h1>[39m
          [36m<p[39m
            [33mclass[39m=[32m"text-gray-600 mt-1"[39m
          [36m>[39m
            [0mManage and analyze investment exclusions data[0m
          [36m</p>[39m
        [36m</div>[39m
      [36m</div>[39m
      [36m<div[39m
        [33mclass[39m=[32m"bg-white border-b"[39m
      [36m>[39m
        [36m<div[39m
          [33mclass[39m=[32m"px-6"[39m
        [36m>[39m
          [36m<nav[39m
            [33maria-label[39m=[32m"Tabs"[39m
            [33mclass[39m=[32m"flex space-x-8"[39m
          [36m>[39m
            [36m<button[39m
              [33mclass[39m=[32m"
                  py-4 px-1 border-b-2 font-medium text-sm whitespace-nowrap
                  border-blue-500 text-blue-600
                "[39m
            [36m>[39m
              [36m<span[39m
                [33mclass[39m=[32m"mr-2"[39m
              [36m>[39m
                [0m📊[0m
              [36m</span>[39m
              [0m📊 Dashboard[0m
            [36m</button>[39m
            [36m<button[39m
              [33mclass[39m=[32m"
                  py-4 px-1 border-b-2 font-medium text-sm whitespace-nowrap
                  border-transparent text-gray-500 hover:text-gray-700 hover:border-gray-300
                "[39m
            [36m>[39m
              [36m<span[39m
                [33mclass[39m=[32m"mr-2"[39m
              [36m>[39m
                [0m🏷️[0m
              [36m</span>[39m
              [0m🏷️  Categories[0m
            [36m</button>[39m
            [36m<button[39m
              [33mclass[39m=[32m"
                  py-4 px-1 border-b-2 font-medium text-sm whitespace-nowrap
                  border-transparent text-gray-500 hover:text-gray-700 hover:border-gray-300
                "[39m
            [36m>[39m
              [36m<span[39m
                [33mclass[39m=[32m"mr-2"[39m
              [36m>[39m
                [0m🔗[0m
              [36m</span>[39m
              [0m🔗 Source Mappings[0m
            [36m</button>[39m
            [36m<button[39m
              [33mclass[39m=[32m"
                  py-4 px-1 border-b-2 font-medium text-sm whitespace-nowrap
                  border-transparent text-gray-500 hover:text-gray-700 hover:border-gray-300
                "[39m
            [36m>[39m
              [36m<span[39m
                [33mclass[39m=[32m"mr-2"[39m
              [36m>[39m
                [0m🔍[0m
              [36m</span>[39m
              [0m🔍 Data Quality[0m
            [36m</button>[39m
            [36m<button[39m
              [33mclass[39m=[32m"
                  py-4 px-1 border-b-2 font-medium text-sm whitespace-nowrap
                  border-transparent text-gray-500 hover:text-gray-700 hover:border-gray-300
                "[39m
            [36m>[39m
              [36m<span[39m
                [33mclass[39m=[32m"mr-2"[39m
              [36m>[39m
                [0m📈[0m
              [36m</span>[39m
              [0m📈 Sharadar Coverage[0m
            [36m</button>[39m
            [36m<button[39m
              [33mclass[39m=[32m"
                  py-4 px-1 border-b-2 font-medium text-sm whitespace-nowrap
                  border-transparent text-gray-500 hover:text-gray-700 hover:border-gray-300
                "[39m
            [36m>[39m
              [36m<span[39m
                [33mclass[39m=[32m"mr-2"[39m
              [36m>[39m
                [0m📋[0m
              [36m</span>[39m
              [0m📋 Ingestion Logs[0m
            [36m</button>[39m
          [36m</nav>[39m
        [36m</div>[39m
      [36m</div>[39m
      [36m<div[39m
        [33mclass[39m=[32m"flex-1 overflow-hidden"[39m
      [36m>[39m
        [36m<div[39m
          [33mclass[39m=[32m"p-6 flex items-center justify-center"[39m
        [36m>[39m
          [36m<div[39m
            [33mclass[39m=[32m"animate-spin rounded-full h-8 w-8 border-b-2 border-blue-600"[39m
          [36m/>[39m
        [36m</div>[39m
      [36m</div>[39m
    [36m</div>[39m
  [36m</div>[39m
[36m</body>[39m
   × Exclusions Page > handles keyboard navigation between tabs 17ms
     → Unable to find an element with the text: 🏷️ Categories (normalized from '🏷️  Categories'). This could be because the text is broken up by multiple elements. In this case, you can provide a function for your text matcher to make your matcher more flexible.

Ignored nodes: comments, script, style
[36m<body>[39m
  [36m<div>[39m
    [36m<div[39m
      [33mclass[39m=[32m"h-screen bg-gray-50 flex flex-col"[39m
    [36m>[39m
      [36m<div[39m
        [33mclass[39m=[32m"bg-white shadow-sm border-b"[39m
      [36m>[39m
        [36m<div[39m
          [33mclass[39m=[32m"px-6 py-4"[39m
        [36m>[39m
          [36m<h1[39m
            [33mclass[39m=[32m"text-2xl font-bold text-gray-900"[39m
          [36m>[39m
            [0m🔍 Exclusions Management[0m
          [36m</h1>[39m
          [36m<p[39m
            [33mclass[39m=[32m"text-gray-600 mt-1"[39m
          [36m>[39m
            [0mManage and analyze investment exclusions data[0m
          [36m</p>[39m
        [36m</div>[39m
      [36m</div>[39m
      [36m<div[39m
        [33mclass[39m=[32m"bg-white border-b"[39m
      [36m>[39m
        [36m<div[39m
          [33mclass[39m=[32m"px-6"[39m
        [36m>[39m
          [36m<nav[39m
            [33maria-label[39m=[32m"Tabs"[39m
            [33mclass[39m=[32m"flex space-x-8"[39m
          [36m>[39m
            [36m<button[39m
              [33mclass[39m=[32m"
                  py-4 px-1 border-b-2 font-medium text-sm whitespace-nowrap
                  border-blue-500 text-blue-600
                "[39m
            [36m>[39m
              [36m<span[39m
                [33mclass[39m=[32m"mr-2"[39m
              [36m>[39m
                [0m📊[0m
              [36m</span>[39m
              [0m📊 Dashboard[0m
            [36m</button>[39m
            [36m<button[39m
              [33mclass[39m=[32m"
                  py-4 px-1 border-b-2 font-medium text-sm whitespace-nowrap
                  border-transparent text-gray-500 hover:text-gray-700 hover:border-gray-300
                "[39m
            [36m>[39m
              [36m<span[39m
                [33mclass[39m=[32m"mr-2"[39m
              [36m>[39m
                [0m🏷️[0m
              [36m</span>[39m
              [0m🏷️  Categories[0m
            [36m</button>[39m
            [36m<button[39m
              [33mclass[39m=[32m"
                  py-4 px-1 border-b-2 font-medium text-sm whitespace-nowrap
                  border-transparent text-gray-500 hover:text-gray-700 hover:border-gray-300
                "[39m
            [36m>[39m
              [36m<span[39m
                [33mclass[39m=[32m"mr-2"[39m
              [36m>[39m
                [0m🔗[0m
              [36m</span>[39m
              [0m🔗 Source Mappings[0m
            [36m</button>[39m
            [36m<button[39m
              [33mclass[39m=[32m"
                  py-4 px-1 border-b-2 font-medium text-sm whitespace-nowrap
                  border-transparent text-gray-500 hover:text-gray-700 hover:border-gray-300
                "[39m
            [36m>[39m
              [36m<span[39m
                [33mclass[39m=[32m"mr-2"[39m
              [36m>[39m
                [0m🔍[0m
              [36m</span>[39m
              [0m🔍 Data Quality[0m
            [36m</button>[39m
            [36m<button[39m
              [33mclass[39m=[32m"
                  py-4 px-1 border-b-2 font-medium text-sm whitespace-nowrap
                  border-transparent text-gray-500 hover:text-gray-700 hover:border-gray-300
                "[39m
            [36m>[39m
              [36m<span[39m
                [33mclass[39m=[32m"mr-2"[39m
              [36m>[39m
                [0m📈[0m
              [36m</span>[39m
              [0m📈 Sharadar Coverage[0m
            [36m</button>[39m
            [36m<button[39m
              [33mclass[39m=[32m"
                  py-4 px-1 border-b-2 font-medium text-sm whitespace-nowrap
                  border-transparent text-gray-500 hover:text-gray-700 hover:border-gray-300
                "[39m
            [36m>[39m
              [36m<span[39m
                [33mclass[39m=[32m"mr-2"[39m
              [36m>[39m
                [0m📋[0m
              [36m</span>[39m
              [0m📋 Ingestion Logs[0m
            [36m</button>[39m
          [36m</nav>[39m
        [36m</div>[39m
      [36m</div>[39m
      [36m<div[39m
        [33mclass[39m=[32m"flex-1 overflow-hidden"[39m
      [36m>[39m
        [36m<div[39m
          [33mclass[39m=[32m"p-6 flex items-center justify-center"[39m
        [36m>[39m
          [36m<div[39m
            [33mclass[39m=[32m"animate-spin rounded-full h-8 w-8 border-b-2 border-blue-600"[39m
          [36m/>[39m
        [36m</div>[39m
      [36m</div>[39m
    [36m</div>[39m
  [36m</div>[39m
[36m</body>[39m
   × Exclusions Page > displays page header correctly 15ms
     → Unable to find an element with the text: Manage investment exclusions database and data quality. This could be because the text is broken up by multiple elements. In this case, you can provide a function for your text matcher to make your matcher more flexible.

Ignored nodes: comments, script, style
[36m<body>[39m
  [36m<div>[39m
    [36m<div[39m
      [33mclass[39m=[32m"h-screen bg-gray-50 flex flex-col"[39m
    [36m>[39m
      [36m<div[39m
        [33mclass[39m=[32m"bg-white shadow-sm border-b"[39m
      [36m>[39m
        [36m<div[39m
          [33mclass[39m=[32m"px-6 py-4"[39m
        [36m>[39m
          [36m<h1[39m
            [33mclass[39m=[32m"text-2xl font-bold text-gray-900"[39m
          [36m>[39m
            [0m🔍 Exclusions Management[0m
          [36m</h1>[39m
          [36m<p[39m
            [33mclass[39m=[32m"text-gray-600 mt-1"[39m
          [36m>[39m
            [0mManage and analyze investment exclusions data[0m
          [36m</p>[39m
        [36m</div>[39m
      [36m</div>[39m
      [36m<div[39m
        [33mclass[39m=[32m"bg-white border-b"[39m
      [36m>[39m
        [36m<div[39m
          [33mclass[39m=[32m"px-6"[39m
        [36m>[39m
          [36m<nav[39m
            [33maria-label[39m=[32m"Tabs"[39m
            [33mclass[39m=[32m"flex space-x-8"[39m
          [36m>[39m
            [36m<button[39m
              [33mclass[39m=[32m"
                  py-4 px-1 border-b-2 font-medium text-sm whitespace-nowrap
                  border-blue-500 text-blue-600
                "[39m
            [36m>[39m
              [36m<span[39m
                [33mclass[39m=[32m"mr-2"[39m
              [36m>[39m
                [0m📊[0m
              [36m</span>[39m
              [0m📊 Dashboard[0m
            [36m</button>[39m
            [36m<button[39m
              [33mclass[39m=[32m"
                  py-4 px-1 border-b-2 font-medium text-sm whitespace-nowrap
                  border-transparent text-gray-500 hover:text-gray-700 hover:border-gray-300
                "[39m
            [36m>[39m
              [36m<span[39m
                [33mclass[39m=[32m"mr-2"[39m
              [36m>[39m
                [0m🏷️[0m
              [36m</span>[39m
              [0m🏷️  Categories[0m
            [36m</button>[39m
            [36m<button[39m
              [33mclass[39m=[32m"
                  py-4 px-1 border-b-2 font-medium text-sm whitespace-nowrap
                  border-transparent text-gray-500 hover:text-gray-700 hover:border-gray-300
                "[39m
            [36m>[39m
              [36m<span[39m
                [33mclass[39m=[32m"mr-2"[39m
              [36m>[39m
                [0m🔗[0m
              [36m</span>[39m
              [0m🔗 Source Mappings[0m
            [36m</button>[39m
            [36m<button[39m
              [33mclass[39m=[32m"
                  py-4 px-1 border-b-2 font-medium text-sm whitespace-nowrap
                  border-transparent text-gray-500 hover:text-gray-700 hover:border-gray-300
                "[39m
            [36m>[39m
              [36m<span[39m
                [33mclass[39m=[32m"mr-2"[39m
              [36m>[39m
                [0m🔍[0m
              [36m</span>[39m
              [0m🔍 Data Quality[0m
            [36m</button>[39m
            [36m<button[39m
              [33mclass[39m=[32m"
                  py-4 px-1 border-b-2 font-medium text-sm whitespace-nowrap
                  border-transparent text-gray-500 hover:text-gray-700 hover:border-gray-300
                "[39m
            [36m>[39m
              [36m<span[39m
                [33mclass[39m=[32m"mr-2"[39m
              [36m>[39m
                [0m📈[0m
              [36m</span>[39m
              [0m📈 Sharadar Coverage[0m
            [36m</button>[39m
            [36m<button[39m
              [33mclass[39m=[32m"
                  py-4 px-1 border-b-2 font-medium text-sm whitespace-nowrap
                  border-transparent text-gray-500 hover:text-gray-700 hover:border-gray-300
                "[39m
            [36m>[39m
              [36m<span[39m
                [33mclass[39m=[32m"mr-2"[39m
              [36m>[39m
                [0m📋[0m
              [36m</span>[39m
              [0m📋 Ingestion Logs[0m
            [36m</button>[39m
          [36m</nav>[39m
        [36m</div>[39m
      [36m</div>[39m
      [36m<div[39m
        [33mclass[39m=[32m"flex-1 overflow-hidden"[39m
      [36m>[39m
        [36m<div[39m
          [33mclass[39m=[32m"p-6 flex items-center justify-center"[39m
        [36m>[39m
          [36m<div[39m
            [33mclass[39m=[32m"animate-spin rounded-full h-8 w-8 border-b-2 border-blue-600"[39m
          [36m/>[39m
        [36m</div>[39m
      [36m</div>[39m
    [36m</div>[39m
  [36m</div>[39m
[36m</body>[39m
   × Exclusions Page > maintains responsive layout on mobile 16ms
     → Unable to find an element with the text: 🏷️ Categories (normalized from '🏷️  Categories'). This could be because the text is broken up by multiple elements. In this case, you can provide a function for your text matcher to make your matcher more flexible.

Ignored nodes: comments, script, style
[36m<body>[39m
  [36m<div>[39m
    [36m<div[39m
      [33mclass[39m=[32m"h-screen bg-gray-50 flex flex-col"[39m
    [36m>[39m
      [36m<div[39m
        [33mclass[39m=[32m"bg-white shadow-sm border-b"[39m
      [36m>[39m
        [36m<div[39m
          [33mclass[39m=[32m"px-6 py-4"[39m
        [36m>[39m
          [36m<h1[39m
            [33mclass[39m=[32m"text-2xl font-bold text-gray-900"[39m
          [36m>[39m
            [0m🔍 Exclusions Management[0m
          [36m</h1>[39m
          [36m<p[39m
            [33mclass[39m=[32m"text-gray-600 mt-1"[39m
          [36m>[39m
            [0mManage and analyze investment exclusions data[0m
          [36m</p>[39m
        [36m</div>[39m
      [36m</div>[39m
      [36m<div[39m
        [33mclass[39m=[32m"bg-white border-b"[39m
      [36m>[39m
        [36m<div[39m
          [33mclass[39m=[32m"px-6"[39m
        [36m>[39m
          [36m<nav[39m
            [33maria-label[39m=[32m"Tabs"[39m
            [33mclass[39m=[32m"flex space-x-8"[39m
          [36m>[39m
            [36m<button[39m
              [33mclass[39m=[32m"
                  py-4 px-1 border-b-2 font-medium text-sm whitespace-nowrap
                  border-blue-500 text-blue-600
                "[39m
            [36m>[39m
              [36m<span[39m
                [33mclass[39m=[32m"mr-2"[39m
              [36m>[39m
                [0m📊[0m
              [36m</span>[39m
              [0m📊 Dashboard[0m
            [36m</button>[39m
            [36m<button[39m
              [33mclass[39m=[32m"
                  py-4 px-1 border-b-2 font-medium text-sm whitespace-nowrap
                  border-transparent text-gray-500 hover:text-gray-700 hover:border-gray-300
                "[39m
            [36m>[39m
              [36m<span[39m
                [33mclass[39m=[32m"mr-2"[39m
              [36m>[39m
                [0m🏷️[0m
              [36m</span>[39m
              [0m🏷️  Categories[0m
            [36m</button>[39m
            [36m<button[39m
              [33mclass[39m=[32m"
                  py-4 px-1 border-b-2 font-medium text-sm whitespace-nowrap
                  border-transparent text-gray-500 hover:text-gray-700 hover:border-gray-300
                "[39m
            [36m>[39m
              [36m<span[39m
                [33mclass[39m=[32m"mr-2"[39m
              [36m>[39m
                [0m🔗[0m
              [36m</span>[39m
              [0m🔗 Source Mappings[0m
            [36m</button>[39m
            [36m<button[39m
              [33mclass[39m=[32m"
                  py-4 px-1 border-b-2 font-medium text-sm whitespace-nowrap
                  border-transparent text-gray-500 hover:text-gray-700 hover:border-gray-300
                "[39m
            [36m>[39m
              [36m<span[39m
                [33mclass[39m=[32m"mr-2"[39m
              [36m>[39m
                [0m🔍[0m
              [36m</span>[39m
              [0m🔍 Data Quality[0m
            [36m</button>[39m
            [36m<button[39m
              [33mclass[39m=[32m"
                  py-4 px-1 border-b-2 font-medium text-sm whitespace-nowrap
                  border-transparent text-gray-500 hover:text-gray-700 hover:border-gray-300
                "[39m
            [36m>[39m
              [36m<span[39m
                [33mclass[39m=[32m"mr-2"[39m
              [36m>[39m
                [0m📈[0m
              [36m</span>[39m
              [0m📈 Sharadar Coverage[0m
            [36m</button>[39m
            [36m<button[39m
              [33mclass[39m=[32m"
                  py-4 px-1 border-b-2 font-medium text-sm whitespace-nowrap
                  border-transparent text-gray-500 hover:text-gray-700 hover:border-gray-300
                "[39m
            [36m>[39m
              [36m<span[39m
                [33mclass[39m=[32m"mr-2"[39m
              [36m>[39m
                [0m📋[0m
              [36m</span>[39m
              [0m📋 Ingestion Logs[0m
            [36m</button>[39m
          [36m</nav>[39m
        [36m</div>[39m
      [36m</div>[39m
      [36m<div[39m
        [33mclass[39m=[32m"flex-1 overflow-hidden"[39m
      [36m>[39m
        [36m<div[39m
          [33mclass[39m=[32m"p-6 flex items-center justify-center"[39m
        [36m>[39m
          [36m<div[39m
            [33mclass[39m=[32m"animate-spin rounded-full h-8 w-8 border-b-2 border-blue-600"[39m
          [36m/>[39m
        [36m</div>[39m
      [36m</div>[39m
    [36m</div>[39m
  [36m</div>[39m
[36m</body>[39m
   × Exclusions Page > handles tab switching performance 21ms
     → Unable to find an element with the text: 🏷️ Categories (normalized from '🏷️  Categories'). This could be because the text is broken up by multiple elements. In this case, you can provide a function for your text matcher to make your matcher more flexible.

Ignored nodes: comments, script, style
[36m<body>[39m
  [36m<div>[39m
    [36m<div[39m
      [33mclass[39m=[32m"h-screen bg-gray-50 flex flex-col"[39m
    [36m>[39m
      [36m<div[39m
        [33mclass[39m=[32m"bg-white shadow-sm border-b"[39m
      [36m>[39m
        [36m<div[39m
          [33mclass[39m=[32m"px-6 py-4"[39m
        [36m>[39m
          [36m<h1[39m
            [33mclass[39m=[32m"text-2xl font-bold text-gray-900"[39m
          [36m>[39m
            [0m🔍 Exclusions Management[0m
          [36m</h1>[39m
          [36m<p[39m
            [33mclass[39m=[32m"text-gray-600 mt-1"[39m
          [36m>[39m
            [0mManage and analyze investment exclusions data[0m
          [36m</p>[39m
        [36m</div>[39m
      [36m</div>[39m
      [36m<div[39m
        [33mclass[39m=[32m"bg-white border-b"[39m
      [36m>[39m
        [36m<div[39m
          [33mclass[39m=[32m"px-6"[39m
        [36m>[39m
          [36m<nav[39m
            [33maria-label[39m=[32m"Tabs"[39m
            [33mclass[39m=[32m"flex space-x-8"[39m
          [36m>[39m
            [36m<button[39m
              [33mclass[39m=[32m"
                  py-4 px-1 border-b-2 font-medium text-sm whitespace-nowrap
                  border-blue-500 text-blue-600
                "[39m
            [36m>[39m
              [36m<span[39m
                [33mclass[39m=[32m"mr-2"[39m
              [36m>[39m
                [0m📊[0m
              [36m</span>[39m
              [0m📊 Dashboard[0m
            [36m</button>[39m
            [36m<button[39m
              [33mclass[39m=[32m"
                  py-4 px-1 border-b-2 font-medium text-sm whitespace-nowrap
                  border-transparent text-gray-500 hover:text-gray-700 hover:border-gray-300
                "[39m
            [36m>[39m
              [36m<span[39m
                [33mclass[39m=[32m"mr-2"[39m
              [36m>[39m
                [0m🏷️[0m
              [36m</span>[39m
              [0m🏷️  Categories[0m
            [36m</button>[39m
            [36m<button[39m
              [33mclass[39m=[32m"
                  py-4 px-1 border-b-2 font-medium text-sm whitespace-nowrap
                  border-transparent text-gray-500 hover:text-gray-700 hover:border-gray-300
                "[39m
            [36m>[39m
              [36m<span[39m
                [33mclass[39m=[32m"mr-2"[39m
              [36m>[39m
                [0m🔗[0m
              [36m</span>[39m
              [0m🔗 Source Mappings[0m
            [36m</button>[39m
            [36m<button[39m
              [33mclass[39m=[32m"
                  py-4 px-1 border-b-2 font-medium text-sm whitespace-nowrap
                  border-transparent text-gray-500 hover:text-gray-700 hover:border-gray-300
                "[39m
            [36m>[39m
              [36m<span[39m
                [33mclass[39m=[32m"mr-2"[39m
              [36m>[39m
                [0m🔍[0m
              [36m</span>[39m
              [0m🔍 Data Quality[0m
            [36m</button>[39m
            [36m<button[39m
              [33mclass[39m=[32m"
                  py-4 px-1 border-b-2 font-medium text-sm whitespace-nowrap
                  border-transparent text-gray-500 hover:text-gray-700 hover:border-gray-300
                "[39m
            [36m>[39m
              [36m<span[39m
                [33mclass[39m=[32m"mr-2"[39m
              [36m>[39m
                [0m📈[0m
              [36m</span>[39m
              [0m📈 Sharadar Coverage[0m
            [36m</button>[39m
            [36m<button[39m
              [33mclass[39m=[32m"
                  py-4 px-1 border-b-2 font-medium text-sm whitespace-nowrap
                  border-transparent text-gray-500 hover:text-gray-700 hover:border-gray-300
                "[39m
            [36m>[39m
              [36m<span[39m
                [33mclass[39m=[32m"mr-2"[39m
              [36m>[39m
                [0m📋[0m
              [36m</span>[39m
              [0m📋 Ingestion Logs[0m
            [36m</button>[39m
          [36m</nav>[39m
        [36m</div>[39m
      [36m</div>[39m
      [36m<div[39m
        [33mclass[39m=[32m"flex-1 overflow-hidden"[39m
      [36m>[39m
        [36m<div[39m
          [33mclass[39m=[32m"p-6 flex items-center justify-center"[39m
        [36m>[39m
          [36m<div[39m
            [33mclass[39m=[32m"animate-spin rounded-full h-8 w-8 border-b-2 border-blue-600"[39m
          [36m/>[39m
        [36m</div>[39m
      [36m</div>[39m
    [36m</div>[39m
  [36m</div>[39m
[36m</body>[39m
   × Exclusions Page > preserves tab state during re-renders 14ms
     → Unable to find an element with the text: 🏷️ Categories (normalized from '🏷️  Categories'). This could be because the text is broken up by multiple elements. In this case, you can provide a function for your text matcher to make your matcher more flexible.

Ignored nodes: comments, script, style
[36m<body>[39m
  [36m<div>[39m
    [36m<div[39m
      [33mclass[39m=[32m"h-screen bg-gray-50 flex flex-col"[39m
    [36m>[39m
      [36m<div[39m
        [33mclass[39m=[32m"bg-white shadow-sm border-b"[39m
      [36m>[39m
        [36m<div[39m
          [33mclass[39m=[32m"px-6 py-4"[39m
        [36m>[39m
          [36m<h1[39m
            [33mclass[39m=[32m"text-2xl font-bold text-gray-900"[39m
          [36m>[39m
            [0m🔍 Exclusions Management[0m
          [36m</h1>[39m
          [36m<p[39m
            [33mclass[39m=[32m"text-gray-600 mt-1"[39m
          [36m>[39m
            [0mManage and analyze investment exclusions data[0m
          [36m</p>[39m
        [36m</div>[39m
      [36m</div>[39m
      [36m<div[39m
        [33mclass[39m=[32m"bg-white border-b"[39m
      [36m>[39m
        [36m<div[39m
          [33mclass[39m=[32m"px-6"[39m
        [36m>[39m
          [36m<nav[39m
            [33maria-label[39m=[32m"Tabs"[39m
            [33mclass[39m=[32m"flex space-x-8"[39m
          [36m>[39m
            [36m<button[39m
              [33mclass[39m=[32m"
                  py-4 px-1 border-b-2 font-medium text-sm whitespace-nowrap
                  border-blue-500 text-blue-600
                "[39m
            [36m>[39m
              [36m<span[39m
                [33mclass[39m=[32m"mr-2"[39m
              [36m>[39m
                [0m📊[0m
              [36m</span>[39m
              [0m📊 Dashboard[0m
            [36m</button>[39m
            [36m<button[39m
              [33mclass[39m=[32m"
                  py-4 px-1 border-b-2 font-medium text-sm whitespace-nowrap
                  border-transparent text-gray-500 hover:text-gray-700 hover:border-gray-300
                "[39m
            [36m>[39m
              [36m<span[39m
                [33mclass[39m=[32m"mr-2"[39m
              [36m>[39m
                [0m🏷️[0m
              [36m</span>[39m
              [0m🏷️  Categories[0m
            [36m</button>[39m
            [36m<button[39m
              [33mclass[39m=[32m"
                  py-4 px-1 border-b-2 font-medium text-sm whitespace-nowrap
                  border-transparent text-gray-500 hover:text-gray-700 hover:border-gray-300
                "[39m
            [36m>[39m
              [36m<span[39m
                [33mclass[39m=[32m"mr-2"[39m
              [36m>[39m
                [0m🔗[0m
              [36m</span>[39m
              [0m🔗 Source Mappings[0m
            [36m</button>[39m
            [36m<button[39m
              [33mclass[39m=[32m"
                  py-4 px-1 border-b-2 font-medium text-sm whitespace-nowrap
                  border-transparent text-gray-500 hover:text-gray-700 hover:border-gray-300
                "[39m
            [36m>[39m
              [36m<span[39m
                [33mclass[39m=[32m"mr-2"[39m
              [36m>[39m
                [0m🔍[0m
              [36m</span>[39m
              [0m🔍 Data Quality[0m
            [36m</button>[39m
            [36m<button[39m
              [33mclass[39m=[32m"
                  py-4 px-1 border-b-2 font-medium text-sm whitespace-nowrap
                  border-transparent text-gray-500 hover:text-gray-700 hover:border-gray-300
                "[39m
            [36m>[39m
              [36m<span[39m
                [33mclass[39m=[32m"mr-2"[39m
              [36m>[39m
                [0m📈[0m
              [36m</span>[39m
              [0m📈 Sharadar Coverage[0m
            [36m</button>[39m
            [36m<button[39m
              [33mclass[39m=[32m"
                  py-4 px-1 border-b-2 font-medium text-sm whitespace-nowrap
                  border-transparent text-gray-500 hover:text-gray-700 hover:border-gray-300
                "[39m
            [36m>[39m
              [36m<span[39m
                [33mclass[39m=[32m"mr-2"[39m
              [36m>[39m
                [0m📋[0m
              [36m</span>[39m
              [0m📋 Ingestion Logs[0m
            [36m</button>[39m
          [36m</nav>[39m
        [36m</div>[39m
      [36m</div>[39m
      [36m<div[39m
        [33mclass[39m=[32m"flex-1 overflow-hidden"[39m
      [36m>[39m
        [36m<div[39m
          [33mclass[39m=[32m"p-6 flex items-center justify-center"[39m
        [36m>[39m
          [36m<div[39m
            [33mclass[39m=[32m"animate-spin rounded-full h-8 w-8 border-b-2 border-blue-600"[39m
          [36m/>[39m
        [36m</div>[39m
      [36m</div>[39m
    [36m</div>[39m
  [36m</div>[39m
[36m</body>[39m
   × Exclusions Page > handles tab accessibility correctly 178ms
     → Unable to find an element with the text: 🏷️ Categories (normalized from '🏷️  Categories'). This could be because the text is broken up by multiple elements. In this case, you can provide a function for your text matcher to make your matcher more flexible.

Ignored nodes: comments, script, style
[36m<body>[39m
  [36m<div>[39m
    [36m<div[39m
      [33mclass[39m=[32m"h-screen bg-gray-50 flex flex-col"[39m
    [36m>[39m
      [36m<div[39m
        [33mclass[39m=[32m"bg-white shadow-sm border-b"[39m
      [36m>[39m
        [36m<div[39m
          [33mclass[39m=[32m"px-6 py-4"[39m
        [36m>[39m
          [36m<h1[39m
            [33mclass[39m=[32m"text-2xl font-bold text-gray-900"[39m
          [36m>[39m
            [0m🔍 Exclusions Management[0m
          [36m</h1>[39m
          [36m<p[39m
            [33mclass[39m=[32m"text-gray-600 mt-1"[39m
          [36m>[39m
            [0mManage and analyze investment exclusions data[0m
          [36m</p>[39m
        [36m</div>[39m
      [36m</div>[39m
      [36m<div[39m
        [33mclass[39m=[32m"bg-white border-b"[39m
      [36m>[39m
        [36m<div[39m
          [33mclass[39m=[32m"px-6"[39m
        [36m>[39m
          [36m<nav[39m
            [33maria-label[39m=[32m"Tabs"[39m
            [33mclass[39m=[32m"flex space-x-8"[39m
          [36m>[39m
            [36m<button[39m
              [33mclass[39m=[32m"
                  py-4 px-1 border-b-2 font-medium text-sm whitespace-nowrap
                  border-blue-500 text-blue-600
                "[39m
            [36m>[39m
              [36m<span[39m
                [33mclass[39m=[32m"mr-2"[39m
              [36m>[39m
                [0m📊[0m
              [36m</span>[39m
              [0m📊 Dashboard[0m
            [36m</button>[39m
            [36m<button[39m
              [33mclass[39m=[32m"
                  py-4 px-1 border-b-2 font-medium text-sm whitespace-nowrap
                  border-transparent text-gray-500 hover:text-gray-700 hover:border-gray-300
                "[39m
            [36m>[39m
              [36m<span[39m
                [33mclass[39m=[32m"mr-2"[39m
              [36m>[39m
                [0m🏷️[0m
              [36m</span>[39m
              [0m🏷️  Categories[0m
            [36m</button>[39m
            [36m<button[39m
              [33mclass[39m=[32m"
                  py-4 px-1 border-b-2 font-medium text-sm whitespace-nowrap
                  border-transparent text-gray-500 hover:text-gray-700 hover:border-gray-300
                "[39m
            [36m>[39m
              [36m<span[39m
                [33mclass[39m=[32m"mr-2"[39m
              [36m>[39m
                [0m🔗[0m
              [36m</span>[39m
              [0m🔗 Source Mappings[0m
            [36m</button>[39m
            [36m<button[39m
              [33mclass[39m=[32m"
                  py-4 px-1 border-b-2 font-medium text-sm whitespace-nowrap
                  border-transparent text-gray-500 hover:text-gray-700 hover:border-gray-300
                "[39m
            [36m>[39m
              [36m<span[39m
                [33mclass[39m=[32m"mr-2"[39m
              [36m>[39m
                [0m🔍[0m
              [36m</span>[39m
              [0m🔍 Data Quality[0m
            [36m</button>[39m
            [36m<button[39m
              [33mclass[39m=[32m"
                  py-4 px-1 border-b-2 font-medium text-sm whitespace-nowrap
                  border-transparent text-gray-500 hover:text-gray-700 hover:border-gray-300
                "[39m
            [36m>[39m
              [36m<span[39m
                [33mclass[39m=[32m"mr-2"[39m
              [36m>[39m
                [0m📈[0m
              [36m</span>[39m
              [0m📈 Sharadar Coverage[0m
            [36m</button>[39m
            [36m<button[39m
              [33mclass[39m=[32m"
                  py-4 px-1 border-b-2 font-medium text-sm whitespace-nowrap
                  border-transparent text-gray-500 hover:text-gray-700 hover:border-gray-300
                "[39m
            [36m>[39m
              [36m<span[39m
                [33mclass[39m=[32m"mr-2"[39m
              [36m>[39m
                [0m📋[0m
              [36m</span>[39m
              [0m📋 Ingestion Logs[0m
            [36m</button>[39m
          [36m</nav>[39m
        [36m</div>[39m
      [36m</div>[39m
      [36m<div[39m
        [33mclass[39m=[32m"flex-1 overflow-hidden"[39m
      [36m>[39m
        [36m<div[39m
          [33mclass[39m=[32m"p-6 flex items-center justify-center"[39m
        [36m>[39m
          [36m<div[39m
            [33mclass[39m=[32m"animate-spin rounded-full h-8 w-8 border-b-2 border-blue-600"[39m
          [36m/>[39m
        [36m</div>[39m
      [36m</div>[39m
    [36m</div>[39m
  [36m</div>[39m
[36m</body>[39m
   ✓ Exclusions Page > renders without crashing when API is slow 11ms
   ✓ Exclusions Page > renders without crashing on API errors 11ms
 ❯ src/__tests__/integration/api-integration.test.ts (11 tests | 6 failed) 717ms
   ✓ API Integration Tests > Environment Configuration > should have correct API base URL 2ms
   ✓ API Integration Tests > Environment Configuration > should load environment variables correctly 0ms
   × API Integration Tests > API Health Check > should connect to API health endpoint 200ms
     → Network Error
   × API Integration Tests > Securities API > should fetch securities list without query 105ms
     → Network Error
   × API Integration Tests > Securities API > should search for AGM specifically 105ms
     → Network Error
   × API Integration Tests > Securities API > should handle search with various parameters 111ms
     → Network Error
   × API Integration Tests > Securities API > should handle large limit requests 95ms
     → Network Error
   × API Integration Tests > API Error Handling > should handle non-existent endpoints gracefully 85ms
     → expected undefined to be 404 // Object.is equality
   ✓ API Integration Tests > Frontend Query Parameters > should build correct query parameters for default state 1ms
   ✓ API Integration Tests > Frontend Query Parameters > should build correct query parameters with search 0ms
   ✓ API Integration Tests > Frontend Query Parameters > should build correct query parameters with filters 1ms
 ❯ src/components/Controls/__tests__/TickScore.test.tsx (6 tests | 4 failed) 1662ms
   × TickScore > renders loading state when symbol is null 72ms
     → Unable to find an element with the text: Select a security. This could be because the text is broken up by multiple elements. In this case, you can provide a function for your text matcher to make your matcher more flexible.

Ignored nodes: comments, script, style
[36m<body>[39m
  [36m<div>[39m
    [36m<div[39m
      [33mclass[39m=[32m"relative"[39m
    [36m>[39m
      [36m<div[39m
        [33mclass[39m=[32m"flex items-center gap-2"[39m
      [36m>[39m
        [36m<button[39m
          [33maria-label[39m=[32m"Decrease score"[39m
          [33mclass[39m=[32m"btn-icon"[39m
        [36m>[39m
          [36m<svg[39m
            [33mclass[39m=[32m"w-4 h-4"[39m
            [33mfill[39m=[32m"none"[39m
            [33mstroke[39m=[32m"currentColor"[39m
            [33mviewBox[39m=[32m"0 0 24 24"[39m
          [36m>[39m
            [36m<path[39m
              [33md[39m=[32m"M20 12H4"[39m
              [33mstroke-linecap[39m=[32m"round"[39m
              [33mstroke-linejoin[39m=[32m"round"[39m
              [33mstroke-width[39m=[32m"2"[39m
            [36m/>[39m
          [36m</svg>[39m
        [36m</button>[39m
        [36m<div[39m
          [33mclass[39m=[32m"relative"[39m
        [36m>[39m
          [36m<input[39m
            [33mclass[39m=[32m"w-24 px-3 py-4 text-2xl font-bold text-center border-2 rounded-lg transition-colors focus:outline-none focus:ring-2 focus:ring-brand-lavender border-gray-300 bg-white"[39m
            [33mplaceholder[39m=[32m"—"[39m
            [33mtype[39m=[32m"text"[39m
            [33mvalue[39m=[32m""[39m
          [36m/>[39m
        [36m</div>[39m
        [36m<button[39m
          [33maria-label[39m=[32m"Increase score"[39m
          [33mclass[39m=[32m"btn-icon"[39m
        [36m>[39m
          [36m<svg[39m
            [33mclass[39m=[32m"w-4 h-4"[39m
            [33mfill[39m=[32m"none"[39m
            [33mstroke[39m=[32m"currentColor"[39m
            [33mviewBox[39m=[32m"0 0 24 24"[39m
          [36m>[39m
            [36m<path[39m
              [33md[39m=[32m"M12 4v16m8-8H4"[39m
              [33mstroke-linecap[39m=[32m"round"[39m
              [33mstroke-linejoin[39m=[32m"round"[39m
              [33mstroke-width[39m=[32m"2"[39m
            [36m/>[39m
          [36m</svg>[39m
        [36m</button>[39m
        [36m<div[39m
          [33mclass[39m=[32m"ml-2 transition-opacity duration-300 opacity-0"[39m
        [36m>[39m
          [36m<span[39m
            [33mclass[39m=[32m"text-green-500 text-xl"[39m
          [36m>[39m
            [0m✓[0m
          [36m</span>[39m
        [36m</div>[39m
      [36m</div>[39m
      [36m<div[39m
        [33mclass[39m=[32m"text-xs text-gray-500 mt-2 text-center"[39m
      [36m>[39m
        [0mUse ↑↓ arrows to adjust • Auto-saves[0m
      [36m</div>[39m
    [36m</div>[39m
  [36m</div>[39m
  [36m<div[39m
    [33mclass[39m=[32m"fixed bottom-4 right-4 z-50 space-y-2"[39m
  [36m/>[39m
[36m</body>[39m
   ✓ TickScore > fetches and displays tick score for valid symbol 48ms
   ✓ TickScore > handles score input changes and triggers autosave  460ms
   × TickScore > handles keyboard navigation with arrow keys 35ms
     → [2mexpect([22m[31melement[39m[2m).toHaveValue([22m[32m76[39m[2m)[22m

Expected the element to have value:
[32m  76[39m
Received:
[31m  75[39m
   × TickScore > enforces score bounds (-100 to 100) 24ms
     → [2mexpect([22m[31melement[39m[2m).toHaveValue([22m[32m100[39m[2m)[22m

Expected the element to have value:
[32m  100[39m
Received:
[31m  95[39m
   × TickScore > displays error state when API call fails 1015ms
     → Unable to find an element with the text: Error loading tick score. This could be because the text is broken up by multiple elements. In this case, you can provide a function for your text matcher to make your matcher more flexible.

Ignored nodes: comments, script, style
[36m<body>[39m
  [36m<div>[39m
    [36m<div[39m
      [33mclass[39m=[32m"relative"[39m
    [36m>[39m
      [36m<div[39m
        [33mclass[39m=[32m"flex items-center gap-2"[39m
      [36m>[39m
        [36m<button[39m
          [33maria-label[39m=[32m"Decrease score"[39m
          [33mclass[39m=[32m"btn-icon"[39m
        [36m>[39m
          [36m<svg[39m
            [33mclass[39m=[32m"w-4 h-4"[39m
            [33mfill[39m=[32m"none"[39m
            [33mstroke[39m=[32m"currentColor"[39m
            [33mviewBox[39m=[32m"0 0 24 24"[39m
          [36m>[39m
            [36m<path[39m
              [33md[39m=[32m"M20 12H4"[39m
              [33mstroke-linecap[39m=[32m"round"[39m
              [33mstroke-linejoin[39m=[32m"round"[39m
              [33mstroke-width[39m=[32m"2"[39m
            [36m/>[39m
          [36m</svg>[39m
        [36m</button>[39m
        [36m<div[39m
          [33mclass[39m=[32m"relative"[39m
        [36m>[39m
          [36m<input[39m
            [33mclass[39m=[32m"w-24 px-3 py-4 text-2xl font-bold text-center border-2 rounded-lg transition-colors focus:outline-none focus:ring-2 focus:ring-brand-lavender border-gray-300 bg-white"[39m
            [33mplaceholder[39m=[32m"—"[39m
            [33mtype[39m=[32m"text"[39m
            [33mvalue[39m=[32m""[39m
          [36m/>[39m
        [36m</div>[39m
        [36m<button[39m
          [33maria-label[39m=[32m"Increase score"[39m
          [33mclass[39m=[32m"btn-icon"[39m
        [36m>[39m
          [36m<svg[39m
            [33mclass[39m=[32m"w-4 h-4"[39m
            [33mfill[39m=[32m"none"[39m
            [33mstroke[39m=[32m"currentColor"[39m
            [33mviewBox[39m=[32m"0 0 24 24"[39m
          [36m>[39m
            [36m<path[39m
              [33md[39m=[32m"M12 4v16m8-8H4"[39m
              [33mstroke-linecap[39m=[32m"round"[39m
              [33mstroke-linejoin[39m=[32m"round"[39m
              [33mstroke-width[39m=[32m"2"[39m
            [36m/>[39m
          [36m</svg>[39m
        [36m</button>[39m
        [36m<div[39m
          [33mclass[39m=[32m"ml-2 transition-opacity duration-300 opacity-0"[39m
        [36m>[39m
          [36m<span[39m
            [33mclass[39m=[32m"text-green-500 text-xl"[39m
          [36m>[39m
            [0m✓[0m
          [36m</span>[39m
        [36m</div>[39m
      [36m</div>[39m
      [36m<div[39m
        [33mclass[39m=[32m"text-xs text-gray-500 mt-2 text-center"[39m
      [36m>[39m
        [0mUse ↑↓ arrows to adjust • Auto-saves[0m
      [36m</div>[39m
    [36m</div>[39m
  [36m</div>[39m
  [36m<div[39m
    [33mclass[39m=[32m"fixed bottom-4 right-4 z-50 space-y-2"[39m
  [36m/>[39m
[36m</body>[39m

Ignored nodes: comments, script, style
[36m<html>[39m
  [36m<head />[39m
  [36m<body>[39m
    [36m<div>[39m
      [36m<div[39m
        [33mclass[39m=[32m"relative"[39m
      [36m>[39m
        [36m<div[39m
          [33mclass[39m=[32m"flex items-center gap-2"[39m
        [36m>[39m
          [36m<button[39m
            [33maria-label[39m=[32m"Decrease score"[39m
            [33mclass[39m=[32m"btn-icon"[39m
          [36m>[39m
            [36m<svg[39m
              [33mclass[39m=[32m"w-4 h-4"[39m
              [33mfill[39m=[32m"none"[39m
              [33mstroke[39m=[32m"currentColor"[39m
              [33mviewBox[39m=[32m"0 0 24 24"[39m
            [36m>[39m
              [36m<path[39m
                [33md[39m=[32m"M20 12H4"[39m
                [33mstroke-linecap[39m=[32m"round"[39m
                [33mstroke-linejoin[39m=[32m"round"[39m
                [33mstroke-width[39m=[32m"2"[39m
              [36m/>[39m
            [36m</svg>[39m
          [36m</button>[39m
          [36m<div[39m
            [33mclass[39m=[32m"relative"[39m
          [36m>[39m
            [36m<input[39m
              [33mclass[39m=[32m"w-24 px-3 py-4 text-2xl font-bold text-center border-2 rounded-lg transition-colors focus:outline-none focus:ring-2 focus:ring-brand-lavender border-gray-300 bg-white"[39m
              [33mplaceholder[39m=[32m"—"[39m
              [33mtype[39m=[32m"text"[39m
              [33mvalue[39m=[32m""[39m
            [36m/>[39m
          [36m</div>[39m
          [36m<button[39m
            [33maria-label[39m=[32m"Increase score"[39m
            [33mclass[39m=[32m"btn-icon"[39m
          [36m>[39m
            [36m<svg[39m
              [33mclass[39m=[32m"w-4 h-4"[39m
              [33mfill[39m=[32m"none"[39m
              [33mstroke[39m=[32m"currentColor"[39m
              [33mviewBox[39m=[32m"0 0 24 24"[39m
            [36m>[39m
              [36m<path[39m
                [33md[39m=[32m"M12 4v16m8-8H4"[39m
                [33mstroke-linecap[39m=[32m"round"[39m
                [33mstroke-linejoin[39m=[32m"round"[39m
                [33mstroke-width[39m=[32m"2"[39m
              [36m/>[39m
            [36m</svg>[39m
          [36m</button>[39m
          [36m<div[39m
            [33mclass[39m=[32m"ml-2 transition-opacity duration-300 opacity-0"[39m
          [36m>[39m
            [36m<span[39m
              [33mclass[39m=[32m"text-green-500 text-xl"[39m
            [36m>[39m
              [0m✓[0m
            [36m</span>[39m
          [36m</div>[39m
        [36m</div>[39m
        [36m<div[39m
          [33mclass[39m=[32m"text-xs text-gray-500 mt-2 text-center"[39m
        [36m>[39m
          [0mUse ↑↓ arrows to adjust • Auto-saves[0m
        [36m</div>[39m
      [36m</div>[39m
    [36m</div>[39m
    [36m<div[39m
      [33mclass[39m=[32m"fixed bottom-4 right-4 z-50 space-y-2"[39m
    [36m/>[39m
  [36m</body>[39m
[36m</html>[39m
 ❯ src/components/Exclusions/__tests__/ExclusionsDashboard.test.tsx (13 tests | 12 failed) 10252ms
   × ExclusionsDashboard > renders dashboard with loading state 56ms
     → Unable to find an element with the text: Loading exclusions dashboard.... This could be because the text is broken up by multiple elements. In this case, you can provide a function for your text matcher to make your matcher more flexible.

Ignored nodes: comments, script, style
[36m<body>[39m
  [36m<div>[39m
    [36m<div[39m
      [33mclass[39m=[32m"p-6 flex items-center justify-center"[39m
    [36m>[39m
      [36m<div[39m
        [33mclass[39m=[32m"animate-spin rounded-full h-8 w-8 border-b-2 border-blue-600"[39m
      [36m/>[39m
    [36m</div>[39m
  [36m</div>[39m
[36m</body>[39m
   × ExclusionsDashboard > displays stats correctly when data is loaded 1021ms
     → Unable to find an element with the text: 1,250. This could be because the text is broken up by multiple elements. In this case, you can provide a function for your text matcher to make your matcher more flexible.

Ignored nodes: comments, script, style
[36m<body>[39m
  [36m<div>[39m
    [36m<div[39m
      [33mclass[39m=[32m"p-6 space-y-6"[39m
    [36m>[39m
      [36m<div[39m
        [33mclass[39m=[32m"grid grid-cols-1 md:grid-cols-2 lg:grid-cols-4 gap-6"[39m
      [36m>[39m
        [36m<div[39m
          [33mclass[39m=[32m"bg-white rounded-lg shadow p-6"[39m
        [36m>[39m
          [36m<div[39m
            [33mclass[39m=[32m"flex items-center"[39m
          [36m>[39m
            [36m<div[39m
              [33mclass[39m=[32m"flex-shrink-0"[39m
            [36m>[39m
              [36m<div[39m
                [33mclass[39m=[32m"text-2xl"[39m
              [36m>[39m
                [0m📊[0m
              [36m</div>[39m
            [36m</div>[39m
            [36m<div[39m
              [33mclass[39m=[32m"ml-4"[39m
            [36m>[39m
              [36m<p[39m
                [33mclass[39m=[32m"text-sm font-medium text-gray-500"[39m
              [36m>[39m
                [0mTotal Companies[0m
              [36m</p>[39m
              [36m<p[39m
                [33mclass[39m=[32m"text-2xl font-semibold text-gray-900"[39m
              [36m>[39m
                [0m0[0m
              [36m</p>[39m
            [36m</div>[39m
          [36m</div>[39m
        [36m</div>[39m
        [36m<div[39m
          [33mclass[39m=[32m"bg-white rounded-lg shadow p-6"[39m
        [36m>[39m
          [36m<div[39m
            [33mclass[39m=[32m"flex items-center"[39m
          [36m>[39m
            [36m<div[39m
              [33mclass[39m=[32m"flex-shrink-0"[39m
            [36m>[39m
              [36m<div[39m
                [33mclass[39m=[32m"text-2xl"[39m
              [36m>[39m
                [0m🚫[0m
              [36m</div>[39m
            [36m</div>[39m
            [36m<div[39m
              [33mclass[39m=[32m"ml-4"[39m
            [36m>[39m
              [36m<p[39m
                [33mclass[39m=[32m"text-sm font-medium text-gray-500"[39m
              [36m>[39m
                [0mTotal Exclusions[0m
              [36m</p>[39m
              [36m<p[39m
                [33mclass[39m=[32m"text-2xl font-semibold text-gray-900"[39m
              [36m>[39m
                [0m0[0m
              [36m</p>[39m
            [36m</div>[39m
          [36m</div>[39m
        [36m</div>[39m
        [36m<div[39m
          [33mclass[39m=[32m"bg-white rounded-lg shadow p-6"[39m
        [36m>[39m
          [36m<div[39m
            [33mclass[39m=[32m"flex items-center"[39m
          [36m>[39m
            [36m<div[39m
              [33mclass[39m=[32m"flex-shrink-0"[39m
            [36m>[39m
              [36m<div[39m
                [33mclass[39m=[32m"text-2xl"[39m
              [36m>[39m
                [0m📁[0m
              [36m</div>[39m
            [36m</div>[39m
            [36m<div[39m
              [33mclass[39m=[32m"ml-4"[39m
            [36m>[39m
              [36m<p[39m
                [33mclass[39m=[32m"text-sm font-medium text-gray-500"[39m
              [36m>[39m
                [0mActive Sources[0m
              [36m</p>[39m
              [36m<p[39m
                [33mclass[39m=[32m"text-2xl font-semibold text-gray-900"[39m
              [36m>[39m
                [0m0[0m
              [36m</p>[39m
            [36m</div>[39m
          [36m</div>[39m
        [36m</div>[39m
        [36m<div[39m
          [33mclass[39m=[32m"bg-white rounded-lg shadow p-6"[39m
        [36m>[39m
          [36m<div[39m
            [33mclass[39m=[32m"flex items-center"[39m
          [36m>[39m
            [36m<div[39m
              [33mclass[39m=[32m"flex-shrink-0"[39m
            [36m>[39m
              [36m<div[39m
                [33mclass[39m=[32m"text-2xl"[39m
              [36m>[39m
                [0m🏷️[0m
              [36m</div>[39m
            [36m</div>[39m
            [36m<div[39m
              [33mclass[39m=[32m"ml-4"[39m
            [36m>[39m
              [36m<p[39m
                [33mclass[39m=[32m"text-sm font-medium text-gray-500"[39m
              [36m>[39m
                [0mCategories[0m
              [36m</p>[39m
              [36m<p[39m
                [33mclass[39m=[32m"text-2xl font-semibold text-gray-900"[39m
              [36m>[39m
                [0m0[0m
              [36m</p>[39m
            [36m</div>[39m
          [36m</div>[39m
        [36m</div>[39m
      [36m</div>[39m
      [36m<div[39m
        [33mclass[39m=[32m"bg-white rounded-lg shadow"[39m
      [36m>[39m
        [36m<div[39m
          [33mclass[39m=[32m"px-6 py-4 border-b border-gray-200"[39m
        [36m>[39m
          [36m<h3[39m
            [33mclass[39m=[32m"text-lg font-medium text-gray-900"[39m
          [36m>[39m
            [0m📋 Recent Ingestion Activity[0m
          [36m</h3>[39m
        [36m</div>[39m
        [36m<div[39m
          [33mclass[39m=[32m"p-6"[39m
        [36m>[39m
          [36m<div[39m
            [33mclass[39m=[32m"text-center py-8 text-gray-500"[39m
          [36m>[39m
            [36m<div[39m
              [33mclass[39m=[32m"text-4xl mb-2"[39m
            [36m>[39m
              [0m📋[0m
            [36m</div>[39m
            [36m<p>[39m
              [0mNo recent ingestion activity[0m
            [36m</p>[39m
          [36m</div>[39m
        [36m</div>[39m
      [36m</div>[39m
      [36m<div[39m
        [33mclass[39m=[32m"bg-white rounded-lg shadow"[39m
      [36m>[39m
        [36m<div[39m
          [33mclass[39m=[32m"px-6 py-4 border-b border-gray-200"[39m
        [36m>[39m
          [36m<h3[39m
            [33mclass[39m=[32m"text-lg font-medium text-gray-900"[39m
          [36m>[39m
            [0m🚀 Quick Actions[0m
          [36m</h3>[39m
        [36m</div>[39m
        [36m<div[39m
          [33mclass[39m=[32m"p-6"[39m
        [36m>[39m
          [36m<div[39m
            [33mclass[39m=[32m"grid grid-cols-1 md:grid-cols-3 gap-4"[39m
          [36m>[39m
            [36m<button[39m
              [33mclass[39m=[32m"p-4 border border-gray-200 rounded-lg hover:bg-gray-50 text-left"[39m
            [36m>[39m
              [36m<div[39m
                [33mclass[39m=[32m"text-2xl mb-2"[39m
              [36m>[39m
                [0m🏷️[0m
              [36m</div>[39m
              [36m<h4[39m
                [33mclass[39m=[32m"font-medium text-gray-900"[39m
              [36m>[39m
                [0mManage Categories[0m
              [36m</h4>[39m
              [36m<p[39m
                [33mclass[39m=[32m"text-sm text-gray-500 mt-1"[39m
              [36m>[39m
                [0mReview and organize exclusion categories[0m
              [36m</p>[39m
            [36m</button>[39m
            [36m<button[39m
              [33mclass[39m=[32m"p-4 border border-gray-200 rounded-lg hover:bg-gray-50 text-left"[39m
            [36m>[39m
              [36m<div[39m
                [33mclass[39m=[32m"text-2xl mb-2"[39m
              [36m>[39m
                [0m📈[0m
              [36m</div>[39m
              [36m<h4[39m
                [33mclass[39m=[32m"font-medium text-gray-900"[39m
              [36m>[39m
                [0mSharadar Coverage[0m
              [36m</h4>[39m
              [36m<p[39m
                [33mclass[39m=[32m"text-sm text-gray-500 mt-1"[39m
              [36m>[39m
                [0mAnalyze coverage against Sharadar universe[0m
              [36m</p>[39m
            [36m</button>[39m
            [36m<button[39m
              [33mclass[39m=[32m"p-4 border border-gray-200 rounded-lg hover:bg-gray-50 text-left"[39m
            [36m>[39m
              [36m<div[39m
                [33mclass[39m=[32m"text-2xl mb-2"[39m
              [36m>[39m
                [0m🔍[0m
              [36m</div>[39m
              [36m<h4[39m
                [33mclass[39m=[32m"font-medium text-gray-900"[39m
              [36m>[39m
                [0mData Quality[0m
              [36m</h4>[39m
              [36m<p[39m
                [33mclass[39m=[32m"text-sm text-gray-500 mt-1"[39m
              [36m>[39m
                [0mCheck for duplicates and data issues[0m
              [36m</p>[39m
            [36m</button>[39m
          [36m</div>[39m
        [36m</div>[39m
      [36m</div>[39m
    [36m</div>[39m
  [36m</div>[39m
[36m</body>[39m

Ignored nodes: comments, script, style
[36m<html>[39m
  [36m<head />[39m
  [36m<body>[39m
    [36m<div>[39m
      [36m<div[39m
        [33mclass[39m=[32m"p-6 space-y-6"[39m
      [36m>[39m
        [36m<div[39m
          [33mclass[39m=[32m"grid grid-cols-1 md:grid-cols-2 lg:grid-cols-4 gap-6"[39m
        [36m>[39m
          [36m<div[39m
            [33mclass[39m=[32m"bg-white rounded-lg shadow p-6"[39m
          [36m>[39m
            [36m<div[39m
              [33mclass[39m=[32m"flex items-center"[39m
            [36m>[39m
              [36m<div[39m
                [33mclass[39m=[32m"flex-shrink-0"[39m
              [36m>[39m
                [36m<div[39m
                  [33mclass[39m=[32m"text-2xl"[39m
                [36m>[39m
                  [0m📊[0m
                [36m</div>[39m
              [36m</div>[39m
              [36m<div[39m
                [33mclass[39m=[32m"ml-4"[39m
              [36m>[39m
                [36m<p[39m
                  [33mclass[39m=[32m"text-sm font-medium text-gray-500"[39m
                [36m>[39m
                  [0mTotal Companies[0m
                [36m</p>[39m
                [36m<p[39m
                  [33mclass[39m=[32m"text-2xl font-semibold text-gray-900"[39m
                [36m>[39m
                  [0m0[0m
                [36m</p>[39m
              [36m</div>[39m
            [36m</div>[39m
          [36m</div>[39m
          [36m<div[39m
            [33mclass[39m=[32m"bg-white rounded-lg shadow p-6"[39m
          [36m>[39m
            [36m<div[39m
              [33mclass[39m=[32m"flex items-center"[39m
            [36m>[39m
              [36m<div[39m
                [33mclass[39m=[32m"flex-shrink-0"[39m
              [36m>[39m
                [36m<div[39m
                  [33mclass[39m=[32m"text-2xl"[39m
                [36m>[39m
                  [0m🚫[0m
                [36m</div>[39m
              [36m</div>[39m
              [36m<div[39m
                [33mclass[39m=[32m"ml-4"[39m
              [36m>[39m
                [36m<p[39m
                  [33mclass[39m=[32m"text-sm font-medium text-gray-500"[39m
                [36m>[39m
                  [0mTotal Exclusions[0m
                [36m</p>[39m
                [36m<p[39m
                  [33mclass[39m=[32m"text-2xl font-semibold text-gray-900"[39m
                [36m>[39m
                  [0m0[0m
                [36m</p>[39m
              [36m</div>[39m
            [36m</div>[39m
          [36m</div>[39m
          [36m<div[39m
            [33mclass[39m=[32m"bg-white rounded-lg shadow p-6"[39m
          [36m>[39m
            [36m<div[39m
              [33mclass[39m=[32m"flex items-center"[39m
            [36m>[39m
              [36m<div[39m
                [33mclass[39m=[32m"flex-shrink-0"[39m
              [36m>[39m
                [36m<div[39m
                  [33mclass[39m=[32m"text-2xl"[39m
                [36m>[39m
                  [0m📁[0m
                [36m</div>[39m
              [36m</div>[39m
              [36m<div[39m
                [33mclass[39m=[32m"ml-4"[39m
              [36m>[39m
                [36m<p[39m
                  [33mclass[39m=[32m"text-sm font-medium text-gray-500"[39m
                [36m>[39m
                  [0mActive Sources[0m
                [36m</p>[39m
                [36m<p[39m
                  [33mclass[39m=[32m"text-2xl font-semibold text-gray-900"[39m
                [36m>[39m
                  [0m0[0m
                [36m</p>[39m
              [36m</div>[39m
            [36m</div>[39m
          [36m</div>[39m
          [36m<div[39m
            [33mclass[39m=[32m"bg-white rounded-lg shadow p-6"[39m
          [36m>[39m
            [36m<div[39m
              [33mclass[39m=[32m"flex items-center"[39m
            [36m>[39m
              [36m<div[39m
                [33mclass[39m=[32m"flex-shrink-0"[39m
              [36m>[39m
                [36m<div[39m
                  [33mclass[39m=[32m"text-2xl"[39m
                [36m>[39m
                  [0m🏷️[0m
                [36m</div>[39m
              [36m</div>[39m
              [36m<div[39m
                [33mclass[39m=[32m"ml-4"[39m
              [36m>[39m
                [36m<p[39m
                  [33mclass[39m=[32m"text-sm font-medium text-gray-500"[39m
                [36m>[39m
                  [0mCategories[0m
                [36m</p>[39m
                [36m<p[39m
                  [33mclass[39m=[32m"text-2xl font-semibold text-gray-900"[39m
                [36m>[39m
                  [0m0[0m
                [36m</p>[39m
              [36m</div>[39m
            [36m</div>[39m
          [36m</div>[39m
        [36m</div>[39m
        [36m<div[39m
          [33mclass[39m=[32m"bg-white rounded-lg shadow"[39m
        [36m>[39m
          [36m<div[39m
            [33mclass[39m=[32m"px-6 py-4 border-b border-gray-200"[39m
          [36m>[39m
            [36m<h3[39m
              [33mclass[39m=[32m"text-lg font-medium text-gray-900"[39m
            [36m>[39m
              [0m📋 Recent Ingestion Activity[0m
            [36m</h3>[39m
          [36m</div>[39m
          [36m<div[39m
            [33mclass[39m=[32m"p-6"[39m
          [36m>[39m
            [36m<div[39m
              [33mclass[39m=[32m"text-center py-8 text-gray-500"[39m
            [36m>[39m
              [36m<div[39m
                [33mclass[39m=[32m"text-4xl mb-2"[39m
              [36m>[39m
                [0m📋[0m
              [36m</div>[39m
              [36m<p>[39m
                [0mNo recent ingestion activity[0m
              [36m</p>[39m
            [36m</div>[39m
          [36m</div>[39m
        [36m</div>[39m
        [36m<div[39m
          [33mclass[39m=[32m"bg-white rounded-lg shadow"[39m
        [36m>[39m
          [36m<div[39m
            [33mclass[39m=[32m"px-6 py-4 border-b border-gray-200"[39m
          [36m>[39m
            [36m<h3[39m
              [33mclass[39m=[32m"text-lg font-medium text-gray-900"[39m
            [36m>[39m
              [0m🚀 Quick Actions[0m
            [36m</h3>[39m
          [36m</div>[39m
          [36m<div[39m
            [33mclass[39m=[32m"p-6"[39m
          [36m>[39m
            [36m<div[39m
              [33mclass[39m=[32m"grid grid-cols-1 md:grid-cols-3 gap-4"[39m
            [36m>[39m
              [36m<button[39m
                [33mclass[39m=[32m"p-4 border border-gray-200 rounded-lg hover:bg-gray-50 text-left"[39m
              [36m>[39m
                [36m<div[39m
                  [33mclass[39m=[32m"text-2xl mb-2"[39m
                [36m>[39m
                  [0m🏷️[0m
                [36m</div>[39m
                [36m<h4[39m
                  [33mclass[39m=[32m"font-medium text-gray-900"[39m
                [36m>[39m
                  [0mManage Categories[0m
                [36m</h4>[39m
                [36m<p[39m
                  [33mclass[39m=[32m"text-sm text-gray-500 mt-1"[39m
                [36m>[39m
                  [0mReview and organize exclusion categories[0m
                [36m</p>[39m
              [36m</button>[39m
              [36m<button[39m
                [33mclass[39m=[32m"p-4 border border-gray-200 rounded-lg hover:bg-gray-50 text-left"[39m
              [36m>[39m
                [36m<div[39m
                  [33mclass[39m=[32m"text-2xl mb-2"[39m
                [36m>[39m
                  [0m📈[0m
                [36m</div>[39m
                [36m<h4[39m
                  [33mclass[39m=[32m"font-medium text-gray-900"[39m
                [36m>[39m
                  [0mSharadar Coverage[0m
                [36m</h4>[39m
                [36m<p[39m
                  [33mclass[39m=[32m"text-sm text-gray-500 mt-1"[39m
                [36m>[39m
                  [0mAnalyze coverage against Sharadar universe[0m
                [36m</p>[39m
              [36m</button>[39m
              [36m<button[39m
                [33mclass[39m=[32m"p-4 border border-gray-200 rounded-lg hover:bg-gray-50 text-left"[39m
              [36m>[39m
                [36m<div[39m
                  [33mclass[39m=[32m"text-2xl mb-2"[39m
                [36m>[39m
                  [0m🔍[0m
                [36m</div>[39m
                [36m<h4[39m
                  [33mclass[39m=[32m"font-medium text-gray-900"[39m
                [36m>[39m
                  [0mData Quality[0m
                [36m</h4>[39m
                [36m<p[39m
                  [33mclass[39m=[32m"text-sm text-gray-500 mt-1"[39m
                [36m>[39m
                  [0mCheck for duplicates and data issues[0m
                [36m</p>[39m
              [36m</button>[39m
            [36m</div>[39m
          [36m</div>[39m
        [36m</div>[39m
      [36m</div>[39m
    [36m</div>[39m
  [36m</body>[39m
[36m</html>[39m
   × ExclusionsDashboard > formats large numbers correctly 1015ms
     → Unable to find an element with the text: 1,234,567. This could be because the text is broken up by multiple elements. In this case, you can provide a function for your text matcher to make your matcher more flexible.

Ignored nodes: comments, script, style
[36m<body>[39m
  [36m<div>[39m
    [36m<div[39m
      [33mclass[39m=[32m"p-6 space-y-6"[39m
    [36m>[39m
      [36m<div[39m
        [33mclass[39m=[32m"grid grid-cols-1 md:grid-cols-2 lg:grid-cols-4 gap-6"[39m
      [36m>[39m
        [36m<div[39m
          [33mclass[39m=[32m"bg-white rounded-lg shadow p-6"[39m
        [36m>[39m
          [36m<div[39m
            [33mclass[39m=[32m"flex items-center"[39m
          [36m>[39m
            [36m<div[39m
              [33mclass[39m=[32m"flex-shrink-0"[39m
            [36m>[39m
              [36m<div[39m
                [33mclass[39m=[32m"text-2xl"[39m
              [36m>[39m
                [0m📊[0m
              [36m</div>[39m
            [36m</div>[39m
            [36m<div[39m
              [33mclass[39m=[32m"ml-4"[39m
            [36m>[39m
              [36m<p[39m
                [33mclass[39m=[32m"text-sm font-medium text-gray-500"[39m
              [36m>[39m
                [0mTotal Companies[0m
              [36m</p>[39m
              [36m<p[39m
                [33mclass[39m=[32m"text-2xl font-semibold text-gray-900"[39m
              [36m>[39m
                [0m0[0m
              [36m</p>[39m
            [36m</div>[39m
          [36m</div>[39m
        [36m</div>[39m
        [36m<div[39m
          [33mclass[39m=[32m"bg-white rounded-lg shadow p-6"[39m
        [36m>[39m
          [36m<div[39m
            [33mclass[39m=[32m"flex items-center"[39m
          [36m>[39m
            [36m<div[39m
              [33mclass[39m=[32m"flex-shrink-0"[39m
            [36m>[39m
              [36m<div[39m
                [33mclass[39m=[32m"text-2xl"[39m
              [36m>[39m
                [0m🚫[0m
              [36m</div>[39m
            [36m</div>[39m
            [36m<div[39m
              [33mclass[39m=[32m"ml-4"[39m
            [36m>[39m
              [36m<p[39m
                [33mclass[39m=[32m"text-sm font-medium text-gray-500"[39m
              [36m>[39m
                [0mTotal Exclusions[0m
              [36m</p>[39m
              [36m<p[39m
                [33mclass[39m=[32m"text-2xl font-semibold text-gray-900"[39m
              [36m>[39m
                [0m0[0m
              [36m</p>[39m
            [36m</div>[39m
          [36m</div>[39m
        [36m</div>[39m
        [36m<div[39m
          [33mclass[39m=[32m"bg-white rounded-lg shadow p-6"[39m
        [36m>[39m
          [36m<div[39m
            [33mclass[39m=[32m"flex items-center"[39m
          [36m>[39m
            [36m<div[39m
              [33mclass[39m=[32m"flex-shrink-0"[39m
            [36m>[39m
              [36m<div[39m
                [33mclass[39m=[32m"text-2xl"[39m
              [36m>[39m
                [0m📁[0m
              [36m</div>[39m
            [36m</div>[39m
            [36m<div[39m
              [33mclass[39m=[32m"ml-4"[39m
            [36m>[39m
              [36m<p[39m
                [33mclass[39m=[32m"text-sm font-medium text-gray-500"[39m
              [36m>[39m
                [0mActive Sources[0m
              [36m</p>[39m
              [36m<p[39m
                [33mclass[39m=[32m"text-2xl font-semibold text-gray-900"[39m
              [36m>[39m
                [0m0[0m
              [36m</p>[39m
            [36m</div>[39m
          [36m</div>[39m
        [36m</div>[39m
        [36m<div[39m
          [33mclass[39m=[32m"bg-white rounded-lg shadow p-6"[39m
        [36m>[39m
          [36m<div[39m
            [33mclass[39m=[32m"flex items-center"[39m
          [36m>[39m
            [36m<div[39m
              [33mclass[39m=[32m"flex-shrink-0"[39m
            [36m>[39m
              [36m<div[39m
                [33mclass[39m=[32m"text-2xl"[39m
              [36m>[39m
                [0m🏷️[0m
              [36m</div>[39m
            [36m</div>[39m
            [36m<div[39m
              [33mclass[39m=[32m"ml-4"[39m
            [36m>[39m
              [36m<p[39m
                [33mclass[39m=[32m"text-sm font-medium text-gray-500"[39m
              [36m>[39m
                [0mCategories[0m
              [36m</p>[39m
              [36m<p[39m
                [33mclass[39m=[32m"text-2xl font-semibold text-gray-900"[39m
              [36m>[39m
                [0m0[0m
              [36m</p>[39m
            [36m</div>[39m
          [36m</div>[39m
        [36m</div>[39m
      [36m</div>[39m
      [36m<div[39m
        [33mclass[39m=[32m"bg-white rounded-lg shadow"[39m
      [36m>[39m
        [36m<div[39m
          [33mclass[39m=[32m"px-6 py-4 border-b border-gray-200"[39m
        [36m>[39m
          [36m<h3[39m
            [33mclass[39m=[32m"text-lg font-medium text-gray-900"[39m
          [36m>[39m
            [0m📋 Recent Ingestion Activity[0m
          [36m</h3>[39m
        [36m</div>[39m
        [36m<div[39m
          [33mclass[39m=[32m"p-6"[39m
        [36m>[39m
          [36m<div[39m
            [33mclass[39m=[32m"text-center py-8 text-gray-500"[39m
          [36m>[39m
            [36m<div[39m
              [33mclass[39m=[32m"text-4xl mb-2"[39m
            [36m>[39m
              [0m📋[0m
            [36m</div>[39m
            [36m<p>[39m
              [0mNo recent ingestion activity[0m
            [36m</p>[39m
          [36m</div>[39m
        [36m</div>[39m
      [36m</div>[39m
      [36m<div[39m
        [33mclass[39m=[32m"bg-white rounded-lg shadow"[39m
      [36m>[39m
        [36m<div[39m
          [33mclass[39m=[32m"px-6 py-4 border-b border-gray-200"[39m
        [36m>[39m
          [36m<h3[39m
            [33mclass[39m=[32m"text-lg font-medium text-gray-900"[39m
          [36m>[39m
            [0m🚀 Quick Actions[0m
          [36m</h3>[39m
        [36m</div>[39m
        [36m<div[39m
          [33mclass[39m=[32m"p-6"[39m
        [36m>[39m
          [36m<div[39m
            [33mclass[39m=[32m"grid grid-cols-1 md:grid-cols-3 gap-4"[39m
          [36m>[39m
            [36m<button[39m
              [33mclass[39m=[32m"p-4 border border-gray-200 rounded-lg hover:bg-gray-50 text-left"[39m
            [36m>[39m
              [36m<div[39m
                [33mclass[39m=[32m"text-2xl mb-2"[39m
              [36m>[39m
                [0m🏷️[0m
              [36m</div>[39m
              [36m<h4[39m
                [33mclass[39m=[32m"font-medium text-gray-900"[39m
              [36m>[39m
                [0mManage Categories[0m
              [36m</h4>[39m
              [36m<p[39m
                [33mclass[39m=[32m"text-sm text-gray-500 mt-1"[39m
              [36m>[39m
                [0mReview and organize exclusion categories[0m
              [36m</p>[39m
            [36m</button>[39m
            [36m<button[39m
              [33mclass[39m=[32m"p-4 border border-gray-200 rounded-lg hover:bg-gray-50 text-left"[39m
            [36m>[39m
              [36m<div[39m
                [33mclass[39m=[32m"text-2xl mb-2"[39m
              [36m>[39m
                [0m📈[0m
              [36m</div>[39m
              [36m<h4[39m
                [33mclass[39m=[32m"font-medium text-gray-900"[39m
              [36m>[39m
                [0mSharadar Coverage[0m
              [36m</h4>[39m
              [36m<p[39m
                [33mclass[39m=[32m"text-sm text-gray-500 mt-1"[39m
              [36m>[39m
                [0mAnalyze coverage against Sharadar universe[0m
              [36m</p>[39m
            [36m</button>[39m
            [36m<button[39m
              [33mclass[39m=[32m"p-4 border border-gray-200 rounded-lg hover:bg-gray-50 text-left"[39m
            [36m>[39m
              [36m<div[39m
                [33mclass[39m=[32m"text-2xl mb-2"[39m
              [36m>[39m
                [0m🔍[0m
              [36m</div>[39m
              [36m<h4[39m
                [33mclass[39m=[32m"font-medium text-gray-900"[39m
              [36m>[39m
                [0mData Quality[0m
              [36m</h4>[39m
              [36m<p[39m
                [33mclass[39m=[32m"text-sm text-gray-500 mt-1"[39m
              [36m>[39m
                [0mCheck for duplicates and data issues[0m
              [36m</p>[39m
            [36m</button>[39m
          [36m</div>[39m
        [36m</div>[39m
      [36m</div>[39m
    [36m</div>[39m
  [36m</div>[39m
[36m</body>[39m

Ignored nodes: comments, script, style
[36m<html>[39m
  [36m<head />[39m
  [36m<body>[39m
    [36m<div>[39m
      [36m<div[39m
        [33mclass[39m=[32m"p-6 space-y-6"[39m
      [36m>[39m
        [36m<div[39m
          [33mclass[39m=[32m"grid grid-cols-1 md:grid-cols-2 lg:grid-cols-4 gap-6"[39m
        [36m>[39m
          [36m<div[39m
            [33mclass[39m=[32m"bg-white rounded-lg shadow p-6"[39m
          [36m>[39m
            [36m<div[39m
              [33mclass[39m=[32m"flex items-center"[39m
            [36m>[39m
              [36m<div[39m
                [33mclass[39m=[32m"flex-shrink-0"[39m
              [36m>[39m
                [36m<div[39m
                  [33mclass[39m=[32m"text-2xl"[39m
                [36m>[39m
                  [0m📊[0m
                [36m</div>[39m
              [36m</div>[39m
              [36m<div[39m
                [33mclass[39m=[32m"ml-4"[39m
              [36m>[39m
                [36m<p[39m
                  [33mclass[39m=[32m"text-sm font-medium text-gray-500"[39m
                [36m>[39m
                  [0mTotal Companies[0m
                [36m</p>[39m
                [36m<p[39m
                  [33mclass[39m=[32m"text-2xl font-semibold text-gray-900"[39m
                [36m>[39m
                  [0m0[0m
                [36m</p>[39m
              [36m</div>[39m
            [36m</div>[39m
          [36m</div>[39m
          [36m<div[39m
            [33mclass[39m=[32m"bg-white rounded-lg shadow p-6"[39m
          [36m>[39m
            [36m<div[39m
              [33mclass[39m=[32m"flex items-center"[39m
            [36m>[39m
              [36m<div[39m
                [33mclass[39m=[32m"flex-shrink-0"[39m
              [36m>[39m
                [36m<div[39m
                  [33mclass[39m=[32m"text-2xl"[39m
                [36m>[39m
                  [0m🚫[0m
                [36m</div>[39m
              [36m</div>[39m
              [36m<div[39m
                [33mclass[39m=[32m"ml-4"[39m
              [36m>[39m
                [36m<p[39m
                  [33mclass[39m=[32m"text-sm font-medium text-gray-500"[39m
                [36m>[39m
                  [0mTotal Exclusions[0m
                [36m</p>[39m
                [36m<p[39m
                  [33mclass[39m=[32m"text-2xl font-semibold text-gray-900"[39m
                [36m>[39m
                  [0m0[0m
                [36m</p>[39m
              [36m</div>[39m
            [36m</div>[39m
          [36m</div>[39m
          [36m<div[39m
            [33mclass[39m=[32m"bg-white rounded-lg shadow p-6"[39m
          [36m>[39m
            [36m<div[39m
              [33mclass[39m=[32m"flex items-center"[39m
            [36m>[39m
              [36m<div[39m
                [33mclass[39m=[32m"flex-shrink-0"[39m
              [36m>[39m
                [36m<div[39m
                  [33mclass[39m=[32m"text-2xl"[39m
                [36m>[39m
                  [0m📁[0m
                [36m</div>[39m
              [36m</div>[39m
              [36m<div[39m
                [33mclass[39m=[32m"ml-4"[39m
              [36m>[39m
                [36m<p[39m
                  [33mclass[39m=[32m"text-sm font-medium text-gray-500"[39m
                [36m>[39m
                  [0mActive Sources[0m
                [36m</p>[39m
                [36m<p[39m
                  [33mclass[39m=[32m"text-2xl font-semibold text-gray-900"[39m
                [36m>[39m
                  [0m0[0m
                [36m</p>[39m
              [36m</div>[39m
            [36m</div>[39m
          [36m</div>[39m
          [36m<div[39m
            [33mclass[39m=[32m"bg-white rounded-lg shadow p-6"[39m
          [36m>[39m
            [36m<div[39m
              [33mclass[39m=[32m"flex items-center"[39m
            [36m>[39m
              [36m<div[39m
                [33mclass[39m=[32m"flex-shrink-0"[39m
              [36m>[39m
                [36m<div[39m
                  [33mclass[39m=[32m"text-2xl"[39m
                [36m>[39m
                  [0m🏷️[0m
                [36m</div>[39m
              [36m</div>[39m
              [36m<div[39m
                [33mclass[39m=[32m"ml-4"[39m
              [36m>[39m
                [36m<p[39m
                  [33mclass[39m=[32m"text-sm font-medium text-gray-500"[39m
                [36m>[39m
                  [0mCategories[0m
                [36m</p>[39m
                [36m<p[39m
                  [33mclass[39m=[32m"text-2xl font-semibold text-gray-900"[39m
                [36m>[39m
                  [0m0[0m
                [36m</p>[39m
              [36m</div>[39m
            [36m</div>[39m
          [36m</div>[39m
        [36m</div>[39m
        [36m<div[39m
          [33mclass[39m=[32m"bg-white rounded-lg shadow"[39m
        [36m>[39m
          [36m<div[39m
            [33mclass[39m=[32m"px-6 py-4 border-b border-gray-200"[39m
          [36m>[39m
            [36m<h3[39m
              [33mclass[39m=[32m"text-lg font-medium text-gray-900"[39m
            [36m>[39m
              [0m📋 Recent Ingestion Activity[0m
            [36m</h3>[39m
          [36m</div>[39m
          [36m<div[39m
            [33mclass[39m=[32m"p-6"[39m
          [36m>[39m
            [36m<div[39m
              [33mclass[39m=[32m"text-center py-8 text-gray-500"[39m
            [36m>[39m
              [36m<div[39m
                [33mclass[39m=[32m"text-4xl mb-2"[39m
              [36m>[39m
                [0m📋[0m
              [36m</div>[39m
              [36m<p>[39m
                [0mNo recent ingestion activity[0m
              [36m</p>[39m
            [36m</div>[39m
          [36m</div>[39m
        [36m</div>[39m
        [36m<div[39m
          [33mclass[39m=[32m"bg-white rounded-lg shadow"[39m
        [36m>[39m
          [36m<div[39m
            [33mclass[39m=[32m"px-6 py-4 border-b border-gray-200"[39m
          [36m>[39m
            [36m<h3[39m
              [33mclass[39m=[32m"text-lg font-medium text-gray-900"[39m
            [36m>[39m
              [0m🚀 Quick Actions[0m
            [36m</h3>[39m
          [36m</div>[39m
          [36m<div[39m
            [33mclass[39m=[32m"p-6"[39m
          [36m>[39m
            [36m<div[39m
              [33mclass[39m=[32m"grid grid-cols-1 md:grid-cols-3 gap-4"[39m
            [36m>[39m
              [36m<button[39m
                [33mclass[39m=[32m"p-4 border border-gray-200 rounded-lg hover:bg-gray-50 text-left"[39m
              [36m>[39m
                [36m<div[39m
                  [33mclass[39m=[32m"text-2xl mb-2"[39m
                [36m>[39m
                  [0m🏷️[0m
                [36m</div>[39m
                [36m<h4[39m
                  [33mclass[39m=[32m"font-medium text-gray-900"[39m
                [36m>[39m
                  [0mManage Categories[0m
                [36m</h4>[39m
                [36m<p[39m
                  [33mclass[39m=[32m"text-sm text-gray-500 mt-1"[39m
                [36m>[39m
                  [0mReview and organize exclusion categories[0m
                [36m</p>[39m
              [36m</button>[39m
              [36m<button[39m
                [33mclass[39m=[32m"p-4 border border-gray-200 rounded-lg hover:bg-gray-50 text-left"[39m
              [36m>[39m
                [36m<div[39m
                  [33mclass[39m=[32m"text-2xl mb-2"[39m
                [36m>[39m
                  [0m📈[0m
                [36m</div>[39m
                [36m<h4[39m
                  [33mclass[39m=[32m"font-medium text-gray-900"[39m
                [36m>[39m
                  [0mSharadar Coverage[0m
                [36m</h4>[39m
                [36m<p[39m
                  [33mclass[39m=[32m"text-sm text-gray-500 mt-1"[39m
                [36m>[39m
                  [0mAnalyze coverage against Sharadar universe[0m
                [36m</p>[39m
              [36m</button>[39m
              [36m<button[39m
                [33mclass[39m=[32m"p-4 border border-gray-200 rounded-lg hover:bg-gray-50 text-left"[39m
              [36m>[39m
                [36m<div[39m
                  [33mclass[39m=[32m"text-2xl mb-2"[39m
                [36m>[39m
                  [0m🔍[0m
                [36m</div>[39m
                [36m<h4[39m
                  [33mclass[39m=[32m"font-medium text-gray-900"[39m
                [36m>[39m
                  [0mData Quality[0m
                [36m</h4>[39m
                [36m<p[39m
                  [33mclass[39m=[32m"text-sm text-gray-500 mt-1"[39m
                [36m>[39m
                  [0mCheck for duplicates and data issues[0m
                [36m</p>[39m
              [36m</button>[39m
            [36m</div>[39m
          [36m</div>[39m
        [36m</div>[39m
      [36m</div>[39m
    [36m</div>[39m
  [36m</body>[39m
[36m</html>[39m
   × ExclusionsDashboard > displays last ingestion time correctly 1016ms
     → Unable to find an element with the text: Last Ingestion. This could be because the text is broken up by multiple elements. In this case, you can provide a function for your text matcher to make your matcher more flexible.

Ignored nodes: comments, script, style
[36m<body>[39m
  [36m<div>[39m
    [36m<div[39m
      [33mclass[39m=[32m"p-6 space-y-6"[39m
    [36m>[39m
      [36m<div[39m
        [33mclass[39m=[32m"grid grid-cols-1 md:grid-cols-2 lg:grid-cols-4 gap-6"[39m
      [36m>[39m
        [36m<div[39m
          [33mclass[39m=[32m"bg-white rounded-lg shadow p-6"[39m
        [36m>[39m
          [36m<div[39m
            [33mclass[39m=[32m"flex items-center"[39m
          [36m>[39m
            [36m<div[39m
              [33mclass[39m=[32m"flex-shrink-0"[39m
            [36m>[39m
              [36m<div[39m
                [33mclass[39m=[32m"text-2xl"[39m
              [36m>[39m
                [0m📊[0m
              [36m</div>[39m
            [36m</div>[39m
            [36m<div[39m
              [33mclass[39m=[32m"ml-4"[39m
            [36m>[39m
              [36m<p[39m
                [33mclass[39m=[32m"text-sm font-medium text-gray-500"[39m
              [36m>[39m
                [0mTotal Companies[0m
              [36m</p>[39m
              [36m<p[39m
                [33mclass[39m=[32m"text-2xl font-semibold text-gray-900"[39m
              [36m>[39m
                [0m0[0m
              [36m</p>[39m
            [36m</div>[39m
          [36m</div>[39m
        [36m</div>[39m
        [36m<div[39m
          [33mclass[39m=[32m"bg-white rounded-lg shadow p-6"[39m
        [36m>[39m
          [36m<div[39m
            [33mclass[39m=[32m"flex items-center"[39m
          [36m>[39m
            [36m<div[39m
              [33mclass[39m=[32m"flex-shrink-0"[39m
            [36m>[39m
              [36m<div[39m
                [33mclass[39m=[32m"text-2xl"[39m
              [36m>[39m
                [0m🚫[0m
              [36m</div>[39m
            [36m</div>[39m
            [36m<div[39m
              [33mclass[39m=[32m"ml-4"[39m
            [36m>[39m
              [36m<p[39m
                [33mclass[39m=[32m"text-sm font-medium text-gray-500"[39m
              [36m>[39m
                [0mTotal Exclusions[0m
              [36m</p>[39m
              [36m<p[39m
                [33mclass[39m=[32m"text-2xl font-semibold text-gray-900"[39m
              [36m>[39m
                [0m0[0m
              [36m</p>[39m
            [36m</div>[39m
          [36m</div>[39m
        [36m</div>[39m
        [36m<div[39m
          [33mclass[39m=[32m"bg-white rounded-lg shadow p-6"[39m
        [36m>[39m
          [36m<div[39m
            [33mclass[39m=[32m"flex items-center"[39m
          [36m>[39m
            [36m<div[39m
              [33mclass[39m=[32m"flex-shrink-0"[39m
            [36m>[39m
              [36m<div[39m
                [33mclass[39m=[32m"text-2xl"[39m
              [36m>[39m
                [0m📁[0m
              [36m</div>[39m
            [36m</div>[39m
            [36m<div[39m
              [33mclass[39m=[32m"ml-4"[39m
            [36m>[39m
              [36m<p[39m
                [33mclass[39m=[32m"text-sm font-medium text-gray-500"[39m
              [36m>[39m
                [0mActive Sources[0m
              [36m</p>[39m
              [36m<p[39m
                [33mclass[39m=[32m"text-2xl font-semibold text-gray-900"[39m
              [36m>[39m
                [0m0[0m
              [36m</p>[39m
            [36m</div>[39m
          [36m</div>[39m
        [36m</div>[39m
        [36m<div[39m
          [33mclass[39m=[32m"bg-white rounded-lg shadow p-6"[39m
        [36m>[39m
          [36m<div[39m
            [33mclass[39m=[32m"flex items-center"[39m
          [36m>[39m
            [36m<div[39m
              [33mclass[39m=[32m"flex-shrink-0"[39m
            [36m>[39m
              [36m<div[39m
                [33mclass[39m=[32m"text-2xl"[39m
              [36m>[39m
                [0m🏷️[0m
              [36m</div>[39m
            [36m</div>[39m
            [36m<div[39m
              [33mclass[39m=[32m"ml-4"[39m
            [36m>[39m
              [36m<p[39m
                [33mclass[39m=[32m"text-sm font-medium text-gray-500"[39m
              [36m>[39m
                [0mCategories[0m
              [36m</p>[39m
              [36m<p[39m
                [33mclass[39m=[32m"text-2xl font-semibold text-gray-900"[39m
              [36m>[39m
                [0m0[0m
              [36m</p>[39m
            [36m</div>[39m
          [36m</div>[39m
        [36m</div>[39m
      [36m</div>[39m
      [36m<div[39m
        [33mclass[39m=[32m"bg-white rounded-lg shadow"[39m
      [36m>[39m
        [36m<div[39m
          [33mclass[39m=[32m"px-6 py-4 border-b border-gray-200"[39m
        [36m>[39m
          [36m<h3[39m
            [33mclass[39m=[32m"text-lg font-medium text-gray-900"[39m
          [36m>[39m
            [0m📋 Recent Ingestion Activity[0m
          [36m</h3>[39m
        [36m</div>[39m
        [36m<div[39m
          [33mclass[39m=[32m"p-6"[39m
        [36m>[39m
          [36m<div[39m
            [33mclass[39m=[32m"text-center py-8 text-gray-500"[39m
          [36m>[39m
            [36m<div[39m
              [33mclass[39m=[32m"text-4xl mb-2"[39m
            [36m>[39m
              [0m📋[0m
            [36m</div>[39m
            [36m<p>[39m
              [0mNo recent ingestion activity[0m
            [36m</p>[39m
          [36m</div>[39m
        [36m</div>[39m
      [36m</div>[39m
      [36m<div[39m
        [33mclass[39m=[32m"bg-white rounded-lg shadow"[39m
      [36m>[39m
        [36m<div[39m
          [33mclass[39m=[32m"px-6 py-4 border-b border-gray-200"[39m
        [36m>[39m
          [36m<h3[39m
            [33mclass[39m=[32m"text-lg font-medium text-gray-900"[39m
          [36m>[39m
            [0m🚀 Quick Actions[0m
          [36m</h3>[39m
        [36m</div>[39m
        [36m<div[39m
          [33mclass[39m=[32m"p-6"[39m
        [36m>[39m
          [36m<div[39m
            [33mclass[39m=[32m"grid grid-cols-1 md:grid-cols-3 gap-4"[39m
          [36m>[39m
            [36m<button[39m
              [33mclass[39m=[32m"p-4 border border-gray-200 rounded-lg hover:bg-gray-50 text-left"[39m
            [36m>[39m
              [36m<div[39m
                [33mclass[39m=[32m"text-2xl mb-2"[39m
              [36m>[39m
                [0m🏷️[0m
              [36m</div>[39m
              [36m<h4[39m
                [33mclass[39m=[32m"font-medium text-gray-900"[39m
              [36m>[39m
                [0mManage Categories[0m
              [36m</h4>[39m
              [36m<p[39m
                [33mclass[39m=[32m"text-sm text-gray-500 mt-1"[39m
              [36m>[39m
                [0mReview and organize exclusion categories[0m
              [36m</p>[39m
            [36m</button>[39m
            [36m<button[39m
              [33mclass[39m=[32m"p-4 border border-gray-200 rounded-lg hover:bg-gray-50 text-left"[39m
            [36m>[39m
              [36m<div[39m
                [33mclass[39m=[32m"text-2xl mb-2"[39m
              [36m>[39m
                [0m📈[0m
              [36m</div>[39m
              [36m<h4[39m
                [33mclass[39m=[32m"font-medium text-gray-900"[39m
              [36m>[39m
                [0mSharadar Coverage[0m
              [36m</h4>[39m
              [36m<p[39m
                [33mclass[39m=[32m"text-sm text-gray-500 mt-1"[39m
              [36m>[39m
                [0mAnalyze coverage against Sharadar universe[0m
              [36m</p>[39m
            [36m</button>[39m
            [36m<button[39m
              [33mclass[39m=[32m"p-4 border border-gray-200 rounded-lg hover:bg-gray-50 text-left"[39m
            [36m>[39m
              [36m<div[39m
                [33mclass[39m=[32m"text-2xl mb-2"[39m
              [36m>[39m
                [0m🔍[0m
              [36m</div>[39m
              [36m<h4[39m
                [33mclass[39m=[32m"font-medium text-gray-900"[39m
              [36m>[39m
                [0mData Quality[0m
              [36m</h4>[39m
              [36m<p[39m
                [33mclass[39m=[32m"text-sm text-gray-500 mt-1"[39m
              [36m>[39m
                [0mCheck for duplicates and data issues[0m
              [36m</p>[39m
            [36m</button>[39m
          [36m</div>[39m
        [36m</div>[39m
      [36m</div>[39m
    [36m</div>[39m
  [36m</div>[39m
[36m</body>[39m

Ignored nodes: comments, script, style
[36m<html>[39m
  [36m<head />[39m
  [36m<body>[39m
    [36m<div>[39m
      [36m<div[39m
        [33mclass[39m=[32m"p-6 space-y-6"[39m
      [36m>[39m
        [36m<div[39m
          [33mclass[39m=[32m"grid grid-cols-1 md:grid-cols-2 lg:grid-cols-4 gap-6"[39m
        [36m>[39m
          [36m<div[39m
            [33mclass[39m=[32m"bg-white rounded-lg shadow p-6"[39m
          [36m>[39m
            [36m<div[39m
              [33mclass[39m=[32m"flex items-center"[39m
            [36m>[39m
              [36m<div[39m
                [33mclass[39m=[32m"flex-shrink-0"[39m
              [36m>[39m
                [36m<div[39m
                  [33mclass[39m=[32m"text-2xl"[39m
                [36m>[39m
                  [0m📊[0m
                [36m</div>[39m
              [36m</div>[39m
              [36m<div[39m
                [33mclass[39m=[32m"ml-4"[39m
              [36m>[39m
                [36m<p[39m
                  [33mclass[39m=[32m"text-sm font-medium text-gray-500"[39m
                [36m>[39m
                  [0mTotal Companies[0m
                [36m</p>[39m
                [36m<p[39m
                  [33mclass[39m=[32m"text-2xl font-semibold text-gray-900"[39m
                [36m>[39m
                  [0m0[0m
                [36m</p>[39m
              [36m</div>[39m
            [36m</div>[39m
          [36m</div>[39m
          [36m<div[39m
            [33mclass[39m=[32m"bg-white rounded-lg shadow p-6"[39m
          [36m>[39m
            [36m<div[39m
              [33mclass[39m=[32m"flex items-center"[39m
            [36m>[39m
              [36m<div[39m
                [33mclass[39m=[32m"flex-shrink-0"[39m
              [36m>[39m
                [36m<div[39m
                  [33mclass[39m=[32m"text-2xl"[39m
                [36m>[39m
                  [0m🚫[0m
                [36m</div>[39m
              [36m</div>[39m
              [36m<div[39m
                [33mclass[39m=[32m"ml-4"[39m
              [36m>[39m
                [36m<p[39m
                  [33mclass[39m=[32m"text-sm font-medium text-gray-500"[39m
                [36m>[39m
                  [0mTotal Exclusions[0m
                [36m</p>[39m
                [36m<p[39m
                  [33mclass[39m=[32m"text-2xl font-semibold text-gray-900"[39m
                [36m>[39m
                  [0m0[0m
                [36m</p>[39m
              [36m</div>[39m
            [36m</div>[39m
          [36m</div>[39m
          [36m<div[39m
            [33mclass[39m=[32m"bg-white rounded-lg shadow p-6"[39m
          [36m>[39m
            [36m<div[39m
              [33mclass[39m=[32m"flex items-center"[39m
            [36m>[39m
              [36m<div[39m
                [33mclass[39m=[32m"flex-shrink-0"[39m
              [36m>[39m
                [36m<div[39m
                  [33mclass[39m=[32m"text-2xl"[39m
                [36m>[39m
                  [0m📁[0m
                [36m</div>[39m
              [36m</div>[39m
              [36m<div[39m
                [33mclass[39m=[32m"ml-4"[39m
              [36m>[39m
                [36m<p[39m
                  [33mclass[39m=[32m"text-sm font-medium text-gray-500"[39m
                [36m>[39m
                  [0mActive Sources[0m
                [36m</p>[39m
                [36m<p[39m
                  [33mclass[39m=[32m"text-2xl font-semibold text-gray-900"[39m
                [36m>[39m
                  [0m0[0m
                [36m</p>[39m
              [36m</div>[39m
            [36m</div>[39m
          [36m</div>[39m
          [36m<div[39m
            [33mclass[39m=[32m"bg-white rounded-lg shadow p-6"[39m
          [36m>[39m
            [36m<div[39m
              [33mclass[39m=[32m"flex items-center"[39m
            [36m>[39m
              [36m<div[39m
                [33mclass[39m=[32m"flex-shrink-0"[39m
              [36m>[39m
                [36m<div[39m
                  [33mclass[39m=[32m"text-2xl"[39m
                [36m>[39m
                  [0m🏷️[0m
                [36m</div>[39m
              [36m</div>[39m
              [36m<div[39m
                [33mclass[39m=[32m"ml-4"[39m
              [36m>[39m
                [36m<p[39m
                  [33mclass[39m=[32m"text-sm font-medium text-gray-500"[39m
                [36m>[39m
                  [0mCategories[0m
                [36m</p>[39m
                [36m<p[39m
                  [33mclass[39m=[32m"text-2xl font-semibold text-gray-900"[39m
                [36m>[39m
                  [0m0[0m
                [36m</p>[39m
              [36m</div>[39m
            [36m</div>[39m
          [36m</div>[39m
        [36m</div>[39m
        [36m<div[39m
          [33mclass[39m=[32m"bg-white rounded-lg shadow"[39m
        [36m>[39m
          [36m<div[39m
            [33mclass[39m=[32m"px-6 py-4 border-b border-gray-200"[39m
          [36m>[39m
            [36m<h3[39m
              [33mclass[39m=[32m"text-lg font-medium text-gray-900"[39m
            [36m>[39m
              [0m📋 Recent Ingestion Activity[0m
            [36m</h3>[39m
          [36m</div>[39m
          [36m<div[39m
            [33mclass[39m=[32m"p-6"[39m
          [36m>[39m
            [36m<div[39m
              [33mclass[39m=[32m"text-center py-8 text-gray-500"[39m
            [36m>[39m
              [36m<div[39m
                [33mclass[39m=[32m"text-4xl mb-2"[39m
              [36m>[39m
                [0m📋[0m
              [36m</div>[39m
              [36m<p>[39m
                [0mNo recent ingestion activity[0m
              [36m</p>[39m
            [36m</div>[39m
          [36m</div>[39m
        [36m</div>[39m
        [36m<div[39m
          [33mclass[39m=[32m"bg-white rounded-lg shadow"[39m
        [36m>[39m
          [36m<div[39m
            [33mclass[39m=[32m"px-6 py-4 border-b border-gray-200"[39m
          [36m>[39m
            [36m<h3[39m
              [33mclass[39m=[32m"text-lg font-medium text-gray-900"[39m
            [36m>[39m
              [0m🚀 Quick Actions[0m
            [36m</h3>[39m
          [36m</div>[39m
          [36m<div[39m
            [33mclass[39m=[32m"p-6"[39m
          [36m>[39m
            [36m<div[39m
              [33mclass[39m=[32m"grid grid-cols-1 md:grid-cols-3 gap-4"[39m
            [36m>[39m
              [36m<button[39m
                [33mclass[39m=[32m"p-4 border border-gray-200 rounded-lg hover:bg-gray-50 text-left"[39m
              [36m>[39m
                [36m<div[39m
                  [33mclass[39m=[32m"text-2xl mb-2"[39m
                [36m>[39m
                  [0m🏷️[0m
                [36m</div>[39m
                [36m<h4[39m
                  [33mclass[39m=[32m"font-medium text-gray-900"[39m
                [36m>[39m
                  [0mManage Categories[0m
                [36m</h4>[39m
                [36m<p[39m
                  [33mclass[39m=[32m"text-sm text-gray-500 mt-1"[39m
                [36m>[39m
                  [0mReview and organize exclusion categories[0m
                [36m</p>[39m
              [36m</button>[39m
              [36m<button[39m
                [33mclass[39m=[32m"p-4 border border-gray-200 rounded-lg hover:bg-gray-50 text-left"[39m
              [36m>[39m
                [36m<div[39m
                  [33mclass[39m=[32m"text-2xl mb-2"[39m
                [36m>[39m
                  [0m📈[0m
                [36m</div>[39m
                [36m<h4[39m
                  [33mclass[39m=[32m"font-medium text-gray-900"[39m
                [36m>[39m
                  [0mSharadar Coverage[0m
                [36m</h4>[39m
                [36m<p[39m
                  [33mclass[39m=[32m"text-sm text-gray-500 mt-1"[39m
                [36m>[39m
                  [0mAnalyze coverage against Sharadar universe[0m
                [36m</p>[39m
              [36m</button>[39m
              [36m<button[39m
                [33mclass[39m=[32m"p-4 border border-gray-200 rounded-lg hover:bg-gray-50 text-left"[39m
              [36m>[39m
                [36m<div[39m
                  [33mclass[39m=[32m"text-2xl mb-2"[39m
                [36m>[39m
                  [0m🔍[0m
                [36m</div>[39m
                [36m<h4[39m
                  [33mclass[39m=[32m"font-medium text-gray-900"[39m
                [36m>[39m
                  [0mData Quality[0m
                [36m</h4>[39m
                [36m<p[39m
                  [33mclass[39m=[32m"text-sm text-gray-500 mt-1"[39m
                [36m>[39m
                  [0mCheck for duplicates and data issues[0m
                [36m</p>[39m
              [36m</button>[39m
            [36m</div>[39m
          [36m</div>[39m
        [36m</div>[39m
      [36m</div>[39m
    [36m</div>[39m
  [36m</body>[39m
[36m</html>[39m
   × ExclusionsDashboard > handles error state gracefully 1015ms
     → Unable to find an element with the text: Error Loading Dashboard. This could be because the text is broken up by multiple elements. In this case, you can provide a function for your text matcher to make your matcher more flexible.

Ignored nodes: comments, script, style
[36m<body>[39m
  [36m<div>[39m
    [36m<div[39m
      [33mclass[39m=[32m"p-6 space-y-6"[39m
    [36m>[39m
      [36m<div[39m
        [33mclass[39m=[32m"grid grid-cols-1 md:grid-cols-2 lg:grid-cols-4 gap-6"[39m
      [36m>[39m
        [36m<div[39m
          [33mclass[39m=[32m"bg-white rounded-lg shadow p-6"[39m
        [36m>[39m
          [36m<div[39m
            [33mclass[39m=[32m"flex items-center"[39m
          [36m>[39m
            [36m<div[39m
              [33mclass[39m=[32m"flex-shrink-0"[39m
            [36m>[39m
              [36m<div[39m
                [33mclass[39m=[32m"text-2xl"[39m
              [36m>[39m
                [0m📊[0m
              [36m</div>[39m
            [36m</div>[39m
            [36m<div[39m
              [33mclass[39m=[32m"ml-4"[39m
            [36m>[39m
              [36m<p[39m
                [33mclass[39m=[32m"text-sm font-medium text-gray-500"[39m
              [36m>[39m
                [0mTotal Companies[0m
              [36m</p>[39m
              [36m<p[39m
                [33mclass[39m=[32m"text-2xl font-semibold text-gray-900"[39m
              [36m>[39m
                [0m0[0m
              [36m</p>[39m
            [36m</div>[39m
          [36m</div>[39m
        [36m</div>[39m
        [36m<div[39m
          [33mclass[39m=[32m"bg-white rounded-lg shadow p-6"[39m
        [36m>[39m
          [36m<div[39m
            [33mclass[39m=[32m"flex items-center"[39m
          [36m>[39m
            [36m<div[39m
              [33mclass[39m=[32m"flex-shrink-0"[39m
            [36m>[39m
              [36m<div[39m
                [33mclass[39m=[32m"text-2xl"[39m
              [36m>[39m
                [0m🚫[0m
              [36m</div>[39m
            [36m</div>[39m
            [36m<div[39m
              [33mclass[39m=[32m"ml-4"[39m
            [36m>[39m
              [36m<p[39m
                [33mclass[39m=[32m"text-sm font-medium text-gray-500"[39m
              [36m>[39m
                [0mTotal Exclusions[0m
              [36m</p>[39m
              [36m<p[39m
                [33mclass[39m=[32m"text-2xl font-semibold text-gray-900"[39m
              [36m>[39m
                [0m0[0m
              [36m</p>[39m
            [36m</div>[39m
          [36m</div>[39m
        [36m</div>[39m
        [36m<div[39m
          [33mclass[39m=[32m"bg-white rounded-lg shadow p-6"[39m
        [36m>[39m
          [36m<div[39m
            [33mclass[39m=[32m"flex items-center"[39m
          [36m>[39m
            [36m<div[39m
              [33mclass[39m=[32m"flex-shrink-0"[39m
            [36m>[39m
              [36m<div[39m
                [33mclass[39m=[32m"text-2xl"[39m
              [36m>[39m
                [0m📁[0m
              [36m</div>[39m
            [36m</div>[39m
            [36m<div[39m
              [33mclass[39m=[32m"ml-4"[39m
            [36m>[39m
              [36m<p[39m
                [33mclass[39m=[32m"text-sm font-medium text-gray-500"[39m
              [36m>[39m
                [0mActive Sources[0m
              [36m</p>[39m
              [36m<p[39m
                [33mclass[39m=[32m"text-2xl font-semibold text-gray-900"[39m
              [36m>[39m
                [0m0[0m
              [36m</p>[39m
            [36m</div>[39m
          [36m</div>[39m
        [36m</div>[39m
        [36m<div[39m
          [33mclass[39m=[32m"bg-white rounded-lg shadow p-6"[39m
        [36m>[39m
          [36m<div[39m
            [33mclass[39m=[32m"flex items-center"[39m
          [36m>[39m
            [36m<div[39m
              [33mclass[39m=[32m"flex-shrink-0"[39m
            [36m>[39m
              [36m<div[39m
                [33mclass[39m=[32m"text-2xl"[39m
              [36m>[39m
                [0m🏷️[0m
              [36m</div>[39m
            [36m</div>[39m
            [36m<div[39m
              [33mclass[39m=[32m"ml-4"[39m
            [36m>[39m
              [36m<p[39m
                [33mclass[39m=[32m"text-sm font-medium text-gray-500"[39m
              [36m>[39m
                [0mCategories[0m
              [36m</p>[39m
              [36m<p[39m
                [33mclass[39m=[32m"text-2xl font-semibold text-gray-900"[39m
              [36m>[39m
                [0m0[0m
              [36m</p>[39m
            [36m</div>[39m
          [36m</div>[39m
        [36m</div>[39m
      [36m</div>[39m
      [36m<div[39m
        [33mclass[39m=[32m"bg-white rounded-lg shadow"[39m
      [36m>[39m
        [36m<div[39m
          [33mclass[39m=[32m"px-6 py-4 border-b border-gray-200"[39m
        [36m>[39m
          [36m<h3[39m
            [33mclass[39m=[32m"text-lg font-medium text-gray-900"[39m
          [36m>[39m
            [0m📋 Recent Ingestion Activity[0m
          [36m</h3>[39m
        [36m</div>[39m
        [36m<div[39m
          [33mclass[39m=[32m"p-6"[39m
        [36m>[39m
          [36m<div[39m
            [33mclass[39m=[32m"text-center py-8 text-gray-500"[39m
          [36m>[39m
            [36m<div[39m
              [33mclass[39m=[32m"text-4xl mb-2"[39m
            [36m>[39m
              [0m📋[0m
            [36m</div>[39m
            [36m<p>[39m
              [0mNo recent ingestion activity[0m
            [36m</p>[39m
          [36m</div>[39m
        [36m</div>[39m
      [36m</div>[39m
      [36m<div[39m
        [33mclass[39m=[32m"bg-white rounded-lg shadow"[39m
      [36m>[39m
        [36m<div[39m
          [33mclass[39m=[32m"px-6 py-4 border-b border-gray-200"[39m
        [36m>[39m
          [36m<h3[39m
            [33mclass[39m=[32m"text-lg font-medium text-gray-900"[39m
          [36m>[39m
            [0m🚀 Quick Actions[0m
          [36m</h3>[39m
        [36m</div>[39m
        [36m<div[39m
          [33mclass[39m=[32m"p-6"[39m
        [36m>[39m
          [36m<div[39m
            [33mclass[39m=[32m"grid grid-cols-1 md:grid-cols-3 gap-4"[39m
          [36m>[39m
            [36m<button[39m
              [33mclass[39m=[32m"p-4 border border-gray-200 rounded-lg hover:bg-gray-50 text-left"[39m
            [36m>[39m
              [36m<div[39m
                [33mclass[39m=[32m"text-2xl mb-2"[39m
              [36m>[39m
                [0m🏷️[0m
              [36m</div>[39m
              [36m<h4[39m
                [33mclass[39m=[32m"font-medium text-gray-900"[39m
              [36m>[39m
                [0mManage Categories[0m
              [36m</h4>[39m
              [36m<p[39m
                [33mclass[39m=[32m"text-sm text-gray-500 mt-1"[39m
              [36m>[39m
                [0mReview and organize exclusion categories[0m
              [36m</p>[39m
            [36m</button>[39m
            [36m<button[39m
              [33mclass[39m=[32m"p-4 border border-gray-200 rounded-lg hover:bg-gray-50 text-left"[39m
            [36m>[39m
              [36m<div[39m
                [33mclass[39m=[32m"text-2xl mb-2"[39m
              [36m>[39m
                [0m📈[0m
              [36m</div>[39m
              [36m<h4[39m
                [33mclass[39m=[32m"font-medium text-gray-900"[39m
              [36m>[39m
                [0mSharadar Coverage[0m
              [36m</h4>[39m
              [36m<p[39m
                [33mclass[39m=[32m"text-sm text-gray-500 mt-1"[39m
              [36m>[39m
                [0mAnalyze coverage against Sharadar universe[0m
              [36m</p>[39m
            [36m</button>[39m
            [36m<button[39m
              [33mclass[39m=[32m"p-4 border border-gray-200 rounded-lg hover:bg-gray-50 text-left"[39m
            [36m>[39m
              [36m<div[39m
                [33mclass[39m=[32m"text-2xl mb-2"[39m
              [36m>[39m
                [0m🔍[0m
              [36m</div>[39m
              [36m<h4[39m
                [33mclass[39m=[32m"font-medium text-gray-900"[39m
              [36m>[39m
                [0mData Quality[0m
              [36m</h4>[39m
              [36m<p[39m
                [33mclass[39m=[32m"text-sm text-gray-500 mt-1"[39m
              [36m>[39m
                [0mCheck for duplicates and data issues[0m
              [36m</p>[39m
            [36m</button>[39m
          [36m</div>[39m
        [36m</div>[39m
      [36m</div>[39m
    [36m</div>[39m
  [36m</div>[39m
[36m</body>[39m

Ignored nodes: comments, script, style
[36m<html>[39m
  [36m<head />[39m
  [36m<body>[39m
    [36m<div>[39m
      [36m<div[39m
        [33mclass[39m=[32m"p-6 space-y-6"[39m
      [36m>[39m
        [36m<div[39m
          [33mclass[39m=[32m"grid grid-cols-1 md:grid-cols-2 lg:grid-cols-4 gap-6"[39m
        [36m>[39m
          [36m<div[39m
            [33mclass[39m=[32m"bg-white rounded-lg shadow p-6"[39m
          [36m>[39m
            [36m<div[39m
              [33mclass[39m=[32m"flex items-center"[39m
            [36m>[39m
              [36m<div[39m
                [33mclass[39m=[32m"flex-shrink-0"[39m
              [36m>[39m
                [36m<div[39m
                  [33mclass[39m=[32m"text-2xl"[39m
                [36m>[39m
                  [0m📊[0m
                [36m</div>[39m
              [36m</div>[39m
              [36m<div[39m
                [33mclass[39m=[32m"ml-4"[39m
              [36m>[39m
                [36m<p[39m
                  [33mclass[39m=[32m"text-sm font-medium text-gray-500"[39m
                [36m>[39m
                  [0mTotal Companies[0m
                [36m</p>[39m
                [36m<p[39m
                  [33mclass[39m=[32m"text-2xl font-semibold text-gray-900"[39m
                [36m>[39m
                  [0m0[0m
                [36m</p>[39m
              [36m</div>[39m
            [36m</div>[39m
          [36m</div>[39m
          [36m<div[39m
            [33mclass[39m=[32m"bg-white rounded-lg shadow p-6"[39m
          [36m>[39m
            [36m<div[39m
              [33mclass[39m=[32m"flex items-center"[39m
            [36m>[39m
              [36m<div[39m
                [33mclass[39m=[32m"flex-shrink-0"[39m
              [36m>[39m
                [36m<div[39m
                  [33mclass[39m=[32m"text-2xl"[39m
                [36m>[39m
                  [0m🚫[0m
                [36m</div>[39m
              [36m</div>[39m
              [36m<div[39m
                [33mclass[39m=[32m"ml-4"[39m
              [36m>[39m
                [36m<p[39m
                  [33mclass[39m=[32m"text-sm font-medium text-gray-500"[39m
                [36m>[39m
                  [0mTotal Exclusions[0m
                [36m</p>[39m
                [36m<p[39m
                  [33mclass[39m=[32m"text-2xl font-semibold text-gray-900"[39m
                [36m>[39m
                  [0m0[0m
                [36m</p>[39m
              [36m</div>[39m
            [36m</div>[39m
          [36m</div>[39m
          [36m<div[39m
            [33mclass[39m=[32m"bg-white rounded-lg shadow p-6"[39m
          [36m>[39m
            [36m<div[39m
              [33mclass[39m=[32m"flex items-center"[39m
            [36m>[39m
              [36m<div[39m
                [33mclass[39m=[32m"flex-shrink-0"[39m
              [36m>[39m
                [36m<div[39m
                  [33mclass[39m=[32m"text-2xl"[39m
                [36m>[39m
                  [0m📁[0m
                [36m</div>[39m
              [36m</div>[39m
              [36m<div[39m
                [33mclass[39m=[32m"ml-4"[39m
              [36m>[39m
                [36m<p[39m
                  [33mclass[39m=[32m"text-sm font-medium text-gray-500"[39m
                [36m>[39m
                  [0mActive Sources[0m
                [36m</p>[39m
                [36m<p[39m
                  [33mclass[39m=[32m"text-2xl font-semibold text-gray-900"[39m
                [36m>[39m
                  [0m0[0m
                [36m</p>[39m
              [36m</div>[39m
            [36m</div>[39m
          [36m</div>[39m
          [36m<div[39m
            [33mclass[39m=[32m"bg-white rounded-lg shadow p-6"[39m
          [36m>[39m
            [36m<div[39m
              [33mclass[39m=[32m"flex items-center"[39m
            [36m>[39m
              [36m<div[39m
                [33mclass[39m=[32m"flex-shrink-0"[39m
              [36m>[39m
                [36m<div[39m
                  [33mclass[39m=[32m"text-2xl"[39m
                [36m>[39m
                  [0m🏷️[0m
                [36m</div>[39m
              [36m</div>[39m
              [36m<div[39m
                [33mclass[39m=[32m"ml-4"[39m
              [36m>[39m
                [36m<p[39m
                  [33mclass[39m=[32m"text-sm font-medium text-gray-500"[39m
                [36m>[39m
                  [0mCategories[0m
                [36m</p>[39m
                [36m<p[39m
                  [33mclass[39m=[32m"text-2xl font-semibold text-gray-900"[39m
                [36m>[39m
                  [0m0[0m
                [36m</p>[39m
              [36m</div>[39m
            [36m</div>[39m
          [36m</div>[39m
        [36m</div>[39m
        [36m<div[39m
          [33mclass[39m=[32m"bg-white rounded-lg shadow"[39m
        [36m>[39m
          [36m<div[39m
            [33mclass[39m=[32m"px-6 py-4 border-b border-gray-200"[39m
          [36m>[39m
            [36m<h3[39m
              [33mclass[39m=[32m"text-lg font-medium text-gray-900"[39m
            [36m>[39m
              [0m📋 Recent Ingestion Activity[0m
            [36m</h3>[39m
          [36m</div>[39m
          [36m<div[39m
            [33mclass[39m=[32m"p-6"[39m
          [36m>[39m
            [36m<div[39m
              [33mclass[39m=[32m"text-center py-8 text-gray-500"[39m
            [36m>[39m
              [36m<div[39m
                [33mclass[39m=[32m"text-4xl mb-2"[39m
              [36m>[39m
                [0m📋[0m
              [36m</div>[39m
              [36m<p>[39m
                [0mNo recent ingestion activity[0m
              [36m</p>[39m
            [36m</div>[39m
          [36m</div>[39m
        [36m</div>[39m
        [36m<div[39m
          [33mclass[39m=[32m"bg-white rounded-lg shadow"[39m
        [36m>[39m
          [36m<div[39m
            [33mclass[39m=[32m"px-6 py-4 border-b border-gray-200"[39m
          [36m>[39m
            [36m<h3[39m
              [33mclass[39m=[32m"text-lg font-medium text-gray-900"[39m
            [36m>[39m
              [0m🚀 Quick Actions[0m
            [36m</h3>[39m
          [36m</div>[39m
          [36m<div[39m
            [33mclass[39m=[32m"p-6"[39m
          [36m>[39m
            [36m<div[39m
              [33mclass[39m=[32m"grid grid-cols-1 md:grid-cols-3 gap-4"[39m
            [36m>[39m
              [36m<button[39m
                [33mclass[39m=[32m"p-4 border border-gray-200 rounded-lg hover:bg-gray-50 text-left"[39m
              [36m>[39m
                [36m<div[39m
                  [33mclass[39m=[32m"text-2xl mb-2"[39m
                [36m>[39m
                  [0m🏷️[0m
                [36m</div>[39m
                [36m<h4[39m
                  [33mclass[39m=[32m"font-medium text-gray-900"[39m
                [36m>[39m
                  [0mManage Categories[0m
                [36m</h4>[39m
                [36m<p[39m
                  [33mclass[39m=[32m"text-sm text-gray-500 mt-1"[39m
                [36m>[39m
                  [0mReview and organize exclusion categories[0m
                [36m</p>[39m
              [36m</button>[39m
              [36m<button[39m
                [33mclass[39m=[32m"p-4 border border-gray-200 rounded-lg hover:bg-gray-50 text-left"[39m
              [36m>[39m
                [36m<div[39m
                  [33mclass[39m=[32m"text-2xl mb-2"[39m
                [36m>[39m
                  [0m📈[0m
                [36m</div>[39m
                [36m<h4[39m
                  [33mclass[39m=[32m"font-medium text-gray-900"[39m
                [36m>[39m
                  [0mSharadar Coverage[0m
                [36m</h4>[39m
                [36m<p[39m
                  [33mclass[39m=[32m"text-sm text-gray-500 mt-1"[39m
                [36m>[39m
                  [0mAnalyze coverage against Sharadar universe[0m
                [36m</p>[39m
              [36m</button>[39m
              [36m<button[39m
                [33mclass[39m=[32m"p-4 border border-gray-200 rounded-lg hover:bg-gray-50 text-left"[39m
              [36m>[39m
                [36m<div[39m
                  [33mclass[39m=[32m"text-2xl mb-2"[39m
                [36m>[39m
                  [0m🔍[0m
                [36m</div>[39m
                [36m<h4[39m
                  [33mclass[39m=[32m"font-medium text-gray-900"[39m
                [36m>[39m
                  [0mData Quality[0m
                [36m</h4>[39m
                [36m<p[39m
                  [33mclass[39m=[32m"text-sm text-gray-500 mt-1"[39m
                [36m>[39m
                  [0mCheck for duplicates and data issues[0m
                [36m</p>[39m
              [36m</button>[39m
            [36m</div>[39m
          [36m</div>[39m
        [36m</div>[39m
      [36m</div>[39m
    [36m</div>[39m
  [36m</body>[39m
[36m</html>[39m
   × ExclusionsDashboard > handles missing data gracefully 1014ms
     → Unable to find an element with the text: 1,000. This could be because the text is broken up by multiple elements. In this case, you can provide a function for your text matcher to make your matcher more flexible.

Ignored nodes: comments, script, style
[36m<body>[39m
  [36m<div>[39m
    [36m<div[39m
      [33mclass[39m=[32m"p-6 space-y-6"[39m
    [36m>[39m
      [36m<div[39m
        [33mclass[39m=[32m"grid grid-cols-1 md:grid-cols-2 lg:grid-cols-4 gap-6"[39m
      [36m>[39m
        [36m<div[39m
          [33mclass[39m=[32m"bg-white rounded-lg shadow p-6"[39m
        [36m>[39m
          [36m<div[39m
            [33mclass[39m=[32m"flex items-center"[39m
          [36m>[39m
            [36m<div[39m
              [33mclass[39m=[32m"flex-shrink-0"[39m
            [36m>[39m
              [36m<div[39m
                [33mclass[39m=[32m"text-2xl"[39m
              [36m>[39m
                [0m📊[0m
              [36m</div>[39m
            [36m</div>[39m
            [36m<div[39m
              [33mclass[39m=[32m"ml-4"[39m
            [36m>[39m
              [36m<p[39m
                [33mclass[39m=[32m"text-sm font-medium text-gray-500"[39m
              [36m>[39m
                [0mTotal Companies[0m
              [36m</p>[39m
              [36m<p[39m
                [33mclass[39m=[32m"text-2xl font-semibold text-gray-900"[39m
              [36m>[39m
                [0m0[0m
              [36m</p>[39m
            [36m</div>[39m
          [36m</div>[39m
        [36m</div>[39m
        [36m<div[39m
          [33mclass[39m=[32m"bg-white rounded-lg shadow p-6"[39m
        [36m>[39m
          [36m<div[39m
            [33mclass[39m=[32m"flex items-center"[39m
          [36m>[39m
            [36m<div[39m
              [33mclass[39m=[32m"flex-shrink-0"[39m
            [36m>[39m
              [36m<div[39m
                [33mclass[39m=[32m"text-2xl"[39m
              [36m>[39m
                [0m🚫[0m
              [36m</div>[39m
            [36m</div>[39m
            [36m<div[39m
              [33mclass[39m=[32m"ml-4"[39m
            [36m>[39m
              [36m<p[39m
                [33mclass[39m=[32m"text-sm font-medium text-gray-500"[39m
              [36m>[39m
                [0mTotal Exclusions[0m
              [36m</p>[39m
              [36m<p[39m
                [33mclass[39m=[32m"text-2xl font-semibold text-gray-900"[39m
              [36m>[39m
                [0m0[0m
              [36m</p>[39m
            [36m</div>[39m
          [36m</div>[39m
        [36m</div>[39m
        [36m<div[39m
          [33mclass[39m=[32m"bg-white rounded-lg shadow p-6"[39m
        [36m>[39m
          [36m<div[39m
            [33mclass[39m=[32m"flex items-center"[39m
          [36m>[39m
            [36m<div[39m
              [33mclass[39m=[32m"flex-shrink-0"[39m
            [36m>[39m
              [36m<div[39m
                [33mclass[39m=[32m"text-2xl"[39m
              [36m>[39m
                [0m📁[0m
              [36m</div>[39m
            [36m</div>[39m
            [36m<div[39m
              [33mclass[39m=[32m"ml-4"[39m
            [36m>[39m
              [36m<p[39m
                [33mclass[39m=[32m"text-sm font-medium text-gray-500"[39m
              [36m>[39m
                [0mActive Sources[0m
              [36m</p>[39m
              [36m<p[39m
                [33mclass[39m=[32m"text-2xl font-semibold text-gray-900"[39m
              [36m>[39m
                [0m0[0m
              [36m</p>[39m
            [36m</div>[39m
          [36m</div>[39m
        [36m</div>[39m
        [36m<div[39m
          [33mclass[39m=[32m"bg-white rounded-lg shadow p-6"[39m
        [36m>[39m
          [36m<div[39m
            [33mclass[39m=[32m"flex items-center"[39m
          [36m>[39m
            [36m<div[39m
              [33mclass[39m=[32m"flex-shrink-0"[39m
            [36m>[39m
              [36m<div[39m
                [33mclass[39m=[32m"text-2xl"[39m
              [36m>[39m
                [0m🏷️[0m
              [36m</div>[39m
            [36m</div>[39m
            [36m<div[39m
              [33mclass[39m=[32m"ml-4"[39m
            [36m>[39m
              [36m<p[39m
                [33mclass[39m=[32m"text-sm font-medium text-gray-500"[39m
              [36m>[39m
                [0mCategories[0m
              [36m</p>[39m
              [36m<p[39m
                [33mclass[39m=[32m"text-2xl font-semibold text-gray-900"[39m
              [36m>[39m
                [0m0[0m
              [36m</p>[39m
            [36m</div>[39m
          [36m</div>[39m
        [36m</div>[39m
      [36m</div>[39m
      [36m<div[39m
        [33mclass[39m=[32m"bg-white rounded-lg shadow"[39m
      [36m>[39m
        [36m<div[39m
          [33mclass[39m=[32m"px-6 py-4 border-b border-gray-200"[39m
        [36m>[39m
          [36m<h3[39m
            [33mclass[39m=[32m"text-lg font-medium text-gray-900"[39m
          [36m>[39m
            [0m📋 Recent Ingestion Activity[0m
          [36m</h3>[39m
        [36m</div>[39m
        [36m<div[39m
          [33mclass[39m=[32m"p-6"[39m
        [36m>[39m
          [36m<div[39m
            [33mclass[39m=[32m"text-center py-8 text-gray-500"[39m
          [36m>[39m
            [36m<div[39m
              [33mclass[39m=[32m"text-4xl mb-2"[39m
            [36m>[39m
              [0m📋[0m
            [36m</div>[39m
            [36m<p>[39m
              [0mNo recent ingestion activity[0m
            [36m</p>[39m
          [36m</div>[39m
        [36m</div>[39m
      [36m</div>[39m
      [36m<div[39m
        [33mclass[39m=[32m"bg-white rounded-lg shadow"[39m
      [36m>[39m
        [36m<div[39m
          [33mclass[39m=[32m"px-6 py-4 border-b border-gray-200"[39m
        [36m>[39m
          [36m<h3[39m
            [33mclass[39m=[32m"text-lg font-medium text-gray-900"[39m
          [36m>[39m
            [0m🚀 Quick Actions[0m
          [36m</h3>[39m
        [36m</div>[39m
        [36m<div[39m
          [33mclass[39m=[32m"p-6"[39m
        [36m>[39m
          [36m<div[39m
            [33mclass[39m=[32m"grid grid-cols-1 md:grid-cols-3 gap-4"[39m
          [36m>[39m
            [36m<button[39m
              [33mclass[39m=[32m"p-4 border border-gray-200 rounded-lg hover:bg-gray-50 text-left"[39m
            [36m>[39m
              [36m<div[39m
                [33mclass[39m=[32m"text-2xl mb-2"[39m
              [36m>[39m
                [0m🏷️[0m
              [36m</div>[39m
              [36m<h4[39m
                [33mclass[39m=[32m"font-medium text-gray-900"[39m
              [36m>[39m
                [0mManage Categories[0m
              [36m</h4>[39m
              [36m<p[39m
                [33mclass[39m=[32m"text-sm text-gray-500 mt-1"[39m
              [36m>[39m
                [0mReview and organize exclusion categories[0m
              [36m</p>[39m
            [36m</button>[39m
            [36m<button[39m
              [33mclass[39m=[32m"p-4 border border-gray-200 rounded-lg hover:bg-gray-50 text-left"[39m
            [36m>[39m
              [36m<div[39m
                [33mclass[39m=[32m"text-2xl mb-2"[39m
              [36m>[39m
                [0m📈[0m
              [36m</div>[39m
              [36m<h4[39m
                [33mclass[39m=[32m"font-medium text-gray-900"[39m
              [36m>[39m
                [0mSharadar Coverage[0m
              [36m</h4>[39m
              [36m<p[39m
                [33mclass[39m=[32m"text-sm text-gray-500 mt-1"[39m
              [36m>[39m
                [0mAnalyze coverage against Sharadar universe[0m
              [36m</p>[39m
            [36m</button>[39m
            [36m<button[39m
              [33mclass[39m=[32m"p-4 border border-gray-200 rounded-lg hover:bg-gray-50 text-left"[39m
            [36m>[39m
              [36m<div[39m
                [33mclass[39m=[32m"text-2xl mb-2"[39m
              [36m>[39m
                [0m🔍[0m
              [36m</div>[39m
              [36m<h4[39m
                [33mclass[39m=[32m"font-medium text-gray-900"[39m
              [36m>[39m
                [0mData Quality[0m
              [36m</h4>[39m
              [36m<p[39m
                [33mclass[39m=[32m"text-sm text-gray-500 mt-1"[39m
              [36m>[39m
                [0mCheck for duplicates and data issues[0m
              [36m</p>[39m
            [36m</button>[39m
          [36m</div>[39m
        [36m</div>[39m
      [36m</div>[39m
    [36m</div>[39m
  [36m</div>[39m
[36m</body>[39m

Ignored nodes: comments, script, style
[36m<html>[39m
  [36m<head />[39m
  [36m<body>[39m
    [36m<div>[39m
      [36m<div[39m
        [33mclass[39m=[32m"p-6 space-y-6"[39m
      [36m>[39m
        [36m<div[39m
          [33mclass[39m=[32m"grid grid-cols-1 md:grid-cols-2 lg:grid-cols-4 gap-6"[39m
        [36m>[39m
          [36m<div[39m
            [33mclass[39m=[32m"bg-white rounded-lg shadow p-6"[39m
          [36m>[39m
            [36m<div[39m
              [33mclass[39m=[32m"flex items-center"[39m
            [36m>[39m
              [36m<div[39m
                [33mclass[39m=[32m"flex-shrink-0"[39m
              [36m>[39m
                [36m<div[39m
                  [33mclass[39m=[32m"text-2xl"[39m
                [36m>[39m
                  [0m📊[0m
                [36m</div>[39m
              [36m</div>[39m
              [36m<div[39m
                [33mclass[39m=[32m"ml-4"[39m
              [36m>[39m
                [36m<p[39m
                  [33mclass[39m=[32m"text-sm font-medium text-gray-500"[39m
                [36m>[39m
                  [0mTotal Companies[0m
                [36m</p>[39m
                [36m<p[39m
                  [33mclass[39m=[32m"text-2xl font-semibold text-gray-900"[39m
                [36m>[39m
                  [0m0[0m
                [36m</p>[39m
              [36m</div>[39m
            [36m</div>[39m
          [36m</div>[39m
          [36m<div[39m
            [33mclass[39m=[32m"bg-white rounded-lg shadow p-6"[39m
          [36m>[39m
            [36m<div[39m
              [33mclass[39m=[32m"flex items-center"[39m
            [36m>[39m
              [36m<div[39m
                [33mclass[39m=[32m"flex-shrink-0"[39m
              [36m>[39m
                [36m<div[39m
                  [33mclass[39m=[32m"text-2xl"[39m
                [36m>[39m
                  [0m🚫[0m
                [36m</div>[39m
              [36m</div>[39m
              [36m<div[39m
                [33mclass[39m=[32m"ml-4"[39m
              [36m>[39m
                [36m<p[39m
                  [33mclass[39m=[32m"text-sm font-medium text-gray-500"[39m
                [36m>[39m
                  [0mTotal Exclusions[0m
                [36m</p>[39m
                [36m<p[39m
                  [33mclass[39m=[32m"text-2xl font-semibold text-gray-900"[39m
                [36m>[39m
                  [0m0[0m
                [36m</p>[39m
              [36m</div>[39m
            [36m</div>[39m
          [36m</div>[39m
          [36m<div[39m
            [33mclass[39m=[32m"bg-white rounded-lg shadow p-6"[39m
          [36m>[39m
            [36m<div[39m
              [33mclass[39m=[32m"flex items-center"[39m
            [36m>[39m
              [36m<div[39m
                [33mclass[39m=[32m"flex-shrink-0"[39m
              [36m>[39m
                [36m<div[39m
                  [33mclass[39m=[32m"text-2xl"[39m
                [36m>[39m
                  [0m📁[0m
                [36m</div>[39m
              [36m</div>[39m
              [36m<div[39m
                [33mclass[39m=[32m"ml-4"[39m
              [36m>[39m
                [36m<p[39m
                  [33mclass[39m=[32m"text-sm font-medium text-gray-500"[39m
                [36m>[39m
                  [0mActive Sources[0m
                [36m</p>[39m
                [36m<p[39m
                  [33mclass[39m=[32m"text-2xl font-semibold text-gray-900"[39m
                [36m>[39m
                  [0m0[0m
                [36m</p>[39m
              [36m</div>[39m
            [36m</div>[39m
          [36m</div>[39m
          [36m<div[39m
            [33mclass[39m=[32m"bg-white rounded-lg shadow p-6"[39m
          [36m>[39m
            [36m<div[39m
              [33mclass[39m=[32m"flex items-center"[39m
            [36m>[39m
              [36m<div[39m
                [33mclass[39m=[32m"flex-shrink-0"[39m
              [36m>[39m
                [36m<div[39m
                  [33mclass[39m=[32m"text-2xl"[39m
                [36m>[39m
                  [0m🏷️[0m
                [36m</div>[39m
              [36m</div>[39m
              [36m<div[39m
                [33mclass[39m=[32m"ml-4"[39m
              [36m>[39m
                [36m<p[39m
                  [33mclass[39m=[32m"text-sm font-medium text-gray-500"[39m
                [36m>[39m
                  [0mCategories[0m
                [36m</p>[39m
                [36m<p[39m
                  [33mclass[39m=[32m"text-2xl font-semibold text-gray-900"[39m
                [36m>[39m
                  [0m0[0m
                [36m</p>[39m
              [36m</div>[39m
            [36m</div>[39m
          [36m</div>[39m
        [36m</div>[39m
        [36m<div[39m
          [33mclass[39m=[32m"bg-white rounded-lg shadow"[39m
        [36m>[39m
          [36m<div[39m
            [33mclass[39m=[32m"px-6 py-4 border-b border-gray-200"[39m
          [36m>[39m
            [36m<h3[39m
              [33mclass[39m=[32m"text-lg font-medium text-gray-900"[39m
            [36m>[39m
              [0m📋 Recent Ingestion Activity[0m
            [36m</h3>[39m
          [36m</div>[39m
          [36m<div[39m
            [33mclass[39m=[32m"p-6"[39m
          [36m>[39m
            [36m<div[39m
              [33mclass[39m=[32m"text-center py-8 text-gray-500"[39m
            [36m>[39m
              [36m<div[39m
                [33mclass[39m=[32m"text-4xl mb-2"[39m
              [36m>[39m
                [0m📋[0m
              [36m</div>[39m
              [36m<p>[39m
                [0mNo recent ingestion activity[0m
              [36m</p>[39m
            [36m</div>[39m
          [36m</div>[39m
        [36m</div>[39m
        [36m<div[39m
          [33mclass[39m=[32m"bg-white rounded-lg shadow"[39m
        [36m>[39m
          [36m<div[39m
            [33mclass[39m=[32m"px-6 py-4 border-b border-gray-200"[39m
          [36m>[39m
            [36m<h3[39m
              [33mclass[39m=[32m"text-lg font-medium text-gray-900"[39m
            [36m>[39m
              [0m🚀 Quick Actions[0m
            [36m</h3>[39m
          [36m</div>[39m
          [36m<div[39m
            [33mclass[39m=[32m"p-6"[39m
          [36m>[39m
            [36m<div[39m
              [33mclass[39m=[32m"grid grid-cols-1 md:grid-cols-3 gap-4"[39m
            [36m>[39m
              [36m<button[39m
                [33mclass[39m=[32m"p-4 border border-gray-200 rounded-lg hover:bg-gray-50 text-left"[39m
              [36m>[39m
                [36m<div[39m
                  [33mclass[39m=[32m"text-2xl mb-2"[39m
                [36m>[39m
                  [0m🏷️[0m
                [36m</div>[39m
                [36m<h4[39m
                  [33mclass[39m=[32m"font-medium text-gray-900"[39m
                [36m>[39m
                  [0mManage Categories[0m
                [36m</h4>[39m
                [36m<p[39m
                  [33mclass[39m=[32m"text-sm text-gray-500 mt-1"[39m
                [36m>[39m
                  [0mReview and organize exclusion categories[0m
                [36m</p>[39m
              [36m</button>[39m
              [36m<button[39m
                [33mclass[39m=[32m"p-4 border border-gray-200 rounded-lg hover:bg-gray-50 text-left"[39m
              [36m>[39m
                [36m<div[39m
                  [33mclass[39m=[32m"text-2xl mb-2"[39m
                [36m>[39m
                  [0m📈[0m
                [36m</div>[39m
                [36m<h4[39m
                  [33mclass[39m=[32m"font-medium text-gray-900"[39m
                [36m>[39m
                  [0mSharadar Coverage[0m
                [36m</h4>[39m
                [36m<p[39m
                  [33mclass[39m=[32m"text-sm text-gray-500 mt-1"[39m
                [36m>[39m
                  [0mAnalyze coverage against Sharadar universe[0m
                [36m</p>[39m
              [36m</button>[39m
              [36m<button[39m
                [33mclass[39m=[32m"p-4 border border-gray-200 rounded-lg hover:bg-gray-50 text-left"[39m
              [36m>[39m
                [36m<div[39m
                  [33mclass[39m=[32m"text-2xl mb-2"[39m
                [36m>[39m
                  [0m🔍[0m
                [36m</div>[39m
                [36m<h4[39m
                  [33mclass[39m=[32m"font-medium text-gray-900"[39m
                [36m>[39m
                  [0mData Quality[0m
                [36m</h4>[39m
                [36m<p[39m
                  [33mclass[39m=[32m"text-sm text-gray-500 mt-1"[39m
                [36m>[39m
                  [0mCheck for duplicates and data issues[0m
                [36m</p>[39m
              [36m</button>[39m
            [36m</div>[39m
          [36m</div>[39m
        [36m</div>[39m
      [36m</div>[39m
    [36m</div>[39m
  [36m</body>[39m
[36m</html>[39m
   × ExclusionsDashboard > refreshes data automatically 1014ms
     → Unable to find an element with the text: 1,000. This could be because the text is broken up by multiple elements. In this case, you can provide a function for your text matcher to make your matcher more flexible.

Ignored nodes: comments, script, style
[36m<body>[39m
  [36m<div>[39m
    [36m<div[39m
      [33mclass[39m=[32m"p-6 space-y-6"[39m
    [36m>[39m
      [36m<div[39m
        [33mclass[39m=[32m"grid grid-cols-1 md:grid-cols-2 lg:grid-cols-4 gap-6"[39m
      [36m>[39m
        [36m<div[39m
          [33mclass[39m=[32m"bg-white rounded-lg shadow p-6"[39m
        [36m>[39m
          [36m<div[39m
            [33mclass[39m=[32m"flex items-center"[39m
          [36m>[39m
            [36m<div[39m
              [33mclass[39m=[32m"flex-shrink-0"[39m
            [36m>[39m
              [36m<div[39m
                [33mclass[39m=[32m"text-2xl"[39m
              [36m>[39m
                [0m📊[0m
              [36m</div>[39m
            [36m</div>[39m
            [36m<div[39m
              [33mclass[39m=[32m"ml-4"[39m
            [36m>[39m
              [36m<p[39m
                [33mclass[39m=[32m"text-sm font-medium text-gray-500"[39m
              [36m>[39m
                [0mTotal Companies[0m
              [36m</p>[39m
              [36m<p[39m
                [33mclass[39m=[32m"text-2xl font-semibold text-gray-900"[39m
              [36m>[39m
                [0m0[0m
              [36m</p>[39m
            [36m</div>[39m
          [36m</div>[39m
        [36m</div>[39m
        [36m<div[39m
          [33mclass[39m=[32m"bg-white rounded-lg shadow p-6"[39m
        [36m>[39m
          [36m<div[39m
            [33mclass[39m=[32m"flex items-center"[39m
          [36m>[39m
            [36m<div[39m
              [33mclass[39m=[32m"flex-shrink-0"[39m
            [36m>[39m
              [36m<div[39m
                [33mclass[39m=[32m"text-2xl"[39m
              [36m>[39m
                [0m🚫[0m
              [36m</div>[39m
            [36m</div>[39m
            [36m<div[39m
              [33mclass[39m=[32m"ml-4"[39m
            [36m>[39m
              [36m<p[39m
                [33mclass[39m=[32m"text-sm font-medium text-gray-500"[39m
              [36m>[39m
                [0mTotal Exclusions[0m
              [36m</p>[39m
              [36m<p[39m
                [33mclass[39m=[32m"text-2xl font-semibold text-gray-900"[39m
              [36m>[39m
                [0m0[0m
              [36m</p>[39m
            [36m</div>[39m
          [36m</div>[39m
        [36m</div>[39m
        [36m<div[39m
          [33mclass[39m=[32m"bg-white rounded-lg shadow p-6"[39m
        [36m>[39m
          [36m<div[39m
            [33mclass[39m=[32m"flex items-center"[39m
          [36m>[39m
            [36m<div[39m
              [33mclass[39m=[32m"flex-shrink-0"[39m
            [36m>[39m
              [36m<div[39m
                [33mclass[39m=[32m"text-2xl"[39m
              [36m>[39m
                [0m📁[0m
              [36m</div>[39m
            [36m</div>[39m
            [36m<div[39m
              [33mclass[39m=[32m"ml-4"[39m
            [36m>[39m
              [36m<p[39m
                [33mclass[39m=[32m"text-sm font-medium text-gray-500"[39m
              [36m>[39m
                [0mActive Sources[0m
              [36m</p>[39m
              [36m<p[39m
                [33mclass[39m=[32m"text-2xl font-semibold text-gray-900"[39m
              [36m>[39m
                [0m0[0m
              [36m</p>[39m
            [36m</div>[39m
          [36m</div>[39m
        [36m</div>[39m
        [36m<div[39m
          [33mclass[39m=[32m"bg-white rounded-lg shadow p-6"[39m
        [36m>[39m
          [36m<div[39m
            [33mclass[39m=[32m"flex items-center"[39m
          [36m>[39m
            [36m<div[39m
              [33mclass[39m=[32m"flex-shrink-0"[39m
            [36m>[39m
              [36m<div[39m
                [33mclass[39m=[32m"text-2xl"[39m
              [36m>[39m
                [0m🏷️[0m
              [36m</div>[39m
            [36m</div>[39m
            [36m<div[39m
              [33mclass[39m=[32m"ml-4"[39m
            [36m>[39m
              [36m<p[39m
                [33mclass[39m=[32m"text-sm font-medium text-gray-500"[39m
              [36m>[39m
                [0mCategories[0m
              [36m</p>[39m
              [36m<p[39m
                [33mclass[39m=[32m"text-2xl font-semibold text-gray-900"[39m
              [36m>[39m
                [0m0[0m
              [36m</p>[39m
            [36m</div>[39m
          [36m</div>[39m
        [36m</div>[39m
      [36m</div>[39m
      [36m<div[39m
        [33mclass[39m=[32m"bg-white rounded-lg shadow"[39m
      [36m>[39m
        [36m<div[39m
          [33mclass[39m=[32m"px-6 py-4 border-b border-gray-200"[39m
        [36m>[39m
          [36m<h3[39m
            [33mclass[39m=[32m"text-lg font-medium text-gray-900"[39m
          [36m>[39m
            [0m📋 Recent Ingestion Activity[0m
          [36m</h3>[39m
        [36m</div>[39m
        [36m<div[39m
          [33mclass[39m=[32m"p-6"[39m
        [36m>[39m
          [36m<div[39m
            [33mclass[39m=[32m"text-center py-8 text-gray-500"[39m
          [36m>[39m
            [36m<div[39m
              [33mclass[39m=[32m"text-4xl mb-2"[39m
            [36m>[39m
              [0m📋[0m
            [36m</div>[39m
            [36m<p>[39m
              [0mNo recent ingestion activity[0m
            [36m</p>[39m
          [36m</div>[39m
        [36m</div>[39m
      [36m</div>[39m
      [36m<div[39m
        [33mclass[39m=[32m"bg-white rounded-lg shadow"[39m
      [36m>[39m
        [36m<div[39m
          [33mclass[39m=[32m"px-6 py-4 border-b border-gray-200"[39m
        [36m>[39m
          [36m<h3[39m
            [33mclass[39m=[32m"text-lg font-medium text-gray-900"[39m
          [36m>[39m
            [0m🚀 Quick Actions[0m
          [36m</h3>[39m
        [36m</div>[39m
        [36m<div[39m
          [33mclass[39m=[32m"p-6"[39m
        [36m>[39m
          [36m<div[39m
            [33mclass[39m=[32m"grid grid-cols-1 md:grid-cols-3 gap-4"[39m
          [36m>[39m
            [36m<button[39m
              [33mclass[39m=[32m"p-4 border border-gray-200 rounded-lg hover:bg-gray-50 text-left"[39m
            [36m>[39m
              [36m<div[39m
                [33mclass[39m=[32m"text-2xl mb-2"[39m
              [36m>[39m
                [0m🏷️[0m
              [36m</div>[39m
              [36m<h4[39m
                [33mclass[39m=[32m"font-medium text-gray-900"[39m
              [36m>[39m
                [0mManage Categories[0m
              [36m</h4>[39m
              [36m<p[39m
                [33mclass[39m=[32m"text-sm text-gray-500 mt-1"[39m
              [36m>[39m
                [0mReview and organize exclusion categories[0m
              [36m</p>[39m
            [36m</button>[39m
            [36m<button[39m
              [33mclass[39m=[32m"p-4 border border-gray-200 rounded-lg hover:bg-gray-50 text-left"[39m
            [36m>[39m
              [36m<div[39m
                [33mclass[39m=[32m"text-2xl mb-2"[39m
              [36m>[39m
                [0m📈[0m
              [36m</div>[39m
              [36m<h4[39m
                [33mclass[39m=[32m"font-medium text-gray-900"[39m
              [36m>[39m
                [0mSharadar Coverage[0m
              [36m</h4>[39m
              [36m<p[39m
                [33mclass[39m=[32m"text-sm text-gray-500 mt-1"[39m
              [36m>[39m
                [0mAnalyze coverage against Sharadar universe[0m
              [36m</p>[39m
            [36m</button>[39m
            [36m<button[39m
              [33mclass[39m=[32m"p-4 border border-gray-200 rounded-lg hover:bg-gray-50 text-left"[39m
            [36m>[39m
              [36m<div[39m
                [33mclass[39m=[32m"text-2xl mb-2"[39m
              [36m>[39m
                [0m🔍[0m
              [36m</div>[39m
              [36m<h4[39m
                [33mclass[39m=[32m"font-medium text-gray-900"[39m
              [36m>[39m
                [0mData Quality[0m
              [36m</h4>[39m
              [36m<p[39m
                [33mclass[39m=[32m"text-sm text-gray-500 mt-1"[39m
              [36m>[39m
                [0mCheck for duplicates and data issues[0m
              [36m</p>[39m
            [36m</button>[39m
          [36m</div>[39m
        [36m</div>[39m
      [36m</div>[39m
    [36m</div>[39m
  [36m</div>[39m
[36m</body>[39m

Ignored nodes: comments, script, style
[36m<html>[39m
  [36m<head />[39m
  [36m<body>[39m
    [36m<div>[39m
      [36m<div[39m
        [33mclass[39m=[32m"p-6 space-y-6"[39m
      [36m>[39m
        [36m<div[39m
          [33mclass[39m=[32m"grid grid-cols-1 md:grid-cols-2 lg:grid-cols-4 gap-6"[39m
        [36m>[39m
          [36m<div[39m
            [33mclass[39m=[32m"bg-white rounded-lg shadow p-6"[39m
          [36m>[39m
            [36m<div[39m
              [33mclass[39m=[32m"flex items-center"[39m
            [36m>[39m
              [36m<div[39m
                [33mclass[39m=[32m"flex-shrink-0"[39m
              [36m>[39m
                [36m<div[39m
                  [33mclass[39m=[32m"text-2xl"[39m
                [36m>[39m
                  [0m📊[0m
                [36m</div>[39m
              [36m</div>[39m
              [36m<div[39m
                [33mclass[39m=[32m"ml-4"[39m
              [36m>[39m
                [36m<p[39m
                  [33mclass[39m=[32m"text-sm font-medium text-gray-500"[39m
                [36m>[39m
                  [0mTotal Companies[0m
                [36m</p>[39m
                [36m<p[39m
                  [33mclass[39m=[32m"text-2xl font-semibold text-gray-900"[39m
                [36m>[39m
                  [0m0[0m
                [36m</p>[39m
              [36m</div>[39m
            [36m</div>[39m
          [36m</div>[39m
          [36m<div[39m
            [33mclass[39m=[32m"bg-white rounded-lg shadow p-6"[39m
          [36m>[39m
            [36m<div[39m
              [33mclass[39m=[32m"flex items-center"[39m
            [36m>[39m
              [36m<div[39m
                [33mclass[39m=[32m"flex-shrink-0"[39m
              [36m>[39m
                [36m<div[39m
                  [33mclass[39m=[32m"text-2xl"[39m
                [36m>[39m
                  [0m🚫[0m
                [36m</div>[39m
              [36m</div>[39m
              [36m<div[39m
                [33mclass[39m=[32m"ml-4"[39m
              [36m>[39m
                [36m<p[39m
                  [33mclass[39m=[32m"text-sm font-medium text-gray-500"[39m
                [36m>[39m
                  [0mTotal Exclusions[0m
                [36m</p>[39m
                [36m<p[39m
                  [33mclass[39m=[32m"text-2xl font-semibold text-gray-900"[39m
                [36m>[39m
                  [0m0[0m
                [36m</p>[39m
              [36m</div>[39m
            [36m</div>[39m
          [36m</div>[39m
          [36m<div[39m
            [33mclass[39m=[32m"bg-white rounded-lg shadow p-6"[39m
          [36m>[39m
            [36m<div[39m
              [33mclass[39m=[32m"flex items-center"[39m
            [36m>[39m
              [36m<div[39m
                [33mclass[39m=[32m"flex-shrink-0"[39m
              [36m>[39m
                [36m<div[39m
                  [33mclass[39m=[32m"text-2xl"[39m
                [36m>[39m
                  [0m📁[0m
                [36m</div>[39m
              [36m</div>[39m
              [36m<div[39m
                [33mclass[39m=[32m"ml-4"[39m
              [36m>[39m
                [36m<p[39m
                  [33mclass[39m=[32m"text-sm font-medium text-gray-500"[39m
                [36m>[39m
                  [0mActive Sources[0m
                [36m</p>[39m
                [36m<p[39m
                  [33mclass[39m=[32m"text-2xl font-semibold text-gray-900"[39m
                [36m>[39m
                  [0m0[0m
                [36m</p>[39m
              [36m</div>[39m
            [36m</div>[39m
          [36m</div>[39m
          [36m<div[39m
            [33mclass[39m=[32m"bg-white rounded-lg shadow p-6"[39m
          [36m>[39m
            [36m<div[39m
              [33mclass[39m=[32m"flex items-center"[39m
            [36m>[39m
              [36m<div[39m
                [33mclass[39m=[32m"flex-shrink-0"[39m
              [36m>[39m
                [36m<div[39m
                  [33mclass[39m=[32m"text-2xl"[39m
                [36m>[39m
                  [0m🏷️[0m
                [36m</div>[39m
              [36m</div>[39m
              [36m<div[39m
                [33mclass[39m=[32m"ml-4"[39m
              [36m>[39m
                [36m<p[39m
                  [33mclass[39m=[32m"text-sm font-medium text-gray-500"[39m
                [36m>[39m
                  [0mCategories[0m
                [36m</p>[39m
                [36m<p[39m
                  [33mclass[39m=[32m"text-2xl font-semibold text-gray-900"[39m
                [36m>[39m
                  [0m0[0m
                [36m</p>[39m
              [36m</div>[39m
            [36m</div>[39m
          [36m</div>[39m
        [36m</div>[39m
        [36m<div[39m
          [33mclass[39m=[32m"bg-white rounded-lg shadow"[39m
        [36m>[39m
          [36m<div[39m
            [33mclass[39m=[32m"px-6 py-4 border-b border-gray-200"[39m
          [36m>[39m
            [36m<h3[39m
              [33mclass[39m=[32m"text-lg font-medium text-gray-900"[39m
            [36m>[39m
              [0m📋 Recent Ingestion Activity[0m
            [36m</h3>[39m
          [36m</div>[39m
          [36m<div[39m
            [33mclass[39m=[32m"p-6"[39m
          [36m>[39m
            [36m<div[39m
              [33mclass[39m=[32m"text-center py-8 text-gray-500"[39m
            [36m>[39m
              [36m<div[39m
                [33mclass[39m=[32m"text-4xl mb-2"[39m
              [36m>[39m
                [0m📋[0m
              [36m</div>[39m
              [36m<p>[39m
                [0mNo recent ingestion activity[0m
              [36m</p>[39m
            [36m</div>[39m
          [36m</div>[39m
        [36m</div>[39m
        [36m<div[39m
          [33mclass[39m=[32m"bg-white rounded-lg shadow"[39m
        [36m>[39m
          [36m<div[39m
            [33mclass[39m=[32m"px-6 py-4 border-b border-gray-200"[39m
          [36m>[39m
            [36m<h3[39m
              [33mclass[39m=[32m"text-lg font-medium text-gray-900"[39m
            [36m>[39m
              [0m🚀 Quick Actions[0m
            [36m</h3>[39m
          [36m</div>[39m
          [36m<div[39m
            [33mclass[39m=[32m"p-6"[39m
          [36m>[39m
            [36m<div[39m
              [33mclass[39m=[32m"grid grid-cols-1 md:grid-cols-3 gap-4"[39m
            [36m>[39m
              [36m<button[39m
                [33mclass[39m=[32m"p-4 border border-gray-200 rounded-lg hover:bg-gray-50 text-left"[39m
              [36m>[39m
                [36m<div[39m
                  [33mclass[39m=[32m"text-2xl mb-2"[39m
                [36m>[39m
                  [0m🏷️[0m
                [36m</div>[39m
                [36m<h4[39m
                  [33mclass[39m=[32m"font-medium text-gray-900"[39m
                [36m>[39m
                  [0mManage Categories[0m
                [36m</h4>[39m
                [36m<p[39m
                  [33mclass[39m=[32m"text-sm text-gray-500 mt-1"[39m
                [36m>[39m
                  [0mReview and organize exclusion categories[0m
                [36m</p>[39m
              [36m</button>[39m
              [36m<button[39m
                [33mclass[39m=[32m"p-4 border border-gray-200 rounded-lg hover:bg-gray-50 text-left"[39m
              [36m>[39m
                [36m<div[39m
                  [33mclass[39m=[32m"text-2xl mb-2"[39m
                [36m>[39m
                  [0m📈[0m
                [36m</div>[39m
                [36m<h4[39m
                  [33mclass[39m=[32m"font-medium text-gray-900"[39m
                [36m>[39m
                  [0mSharadar Coverage[0m
                [36m</h4>[39m
                [36m<p[39m
                  [33mclass[39m=[32m"text-sm text-gray-500 mt-1"[39m
                [36m>[39m
                  [0mAnalyze coverage against Sharadar universe[0m
                [36m</p>[39m
              [36m</button>[39m
              [36m<button[39m
                [33mclass[39m=[32m"p-4 border border-gray-200 rounded-lg hover:bg-gray-50 text-left"[39m
              [36m>[39m
                [36m<div[39m
                  [33mclass[39m=[32m"text-2xl mb-2"[39m
                [36m>[39m
                  [0m🔍[0m
                [36m</div>[39m
                [36m<h4[39m
                  [33mclass[39m=[32m"font-medium text-gray-900"[39m
                [36m>[39m
                  [0mData Quality[0m
                [36m</h4>[39m
                [36m<p[39m
                  [33mclass[39m=[32m"text-sm text-gray-500 mt-1"[39m
                [36m>[39m
                  [0mCheck for duplicates and data issues[0m
                [36m</p>[39m
              [36m</button>[39m
            [36m</div>[39m
          [36m</div>[39m
        [36m</div>[39m
      [36m</div>[39m
    [36m</div>[39m
  [36m</body>[39m
[36m</html>[39m
   × ExclusionsDashboard > displays stats in grid layout 1013ms
     → Unable to find an element with the text: 1,250. This could be because the text is broken up by multiple elements. In this case, you can provide a function for your text matcher to make your matcher more flexible.

Ignored nodes: comments, script, style
[36m<body>[39m
  [36m<div>[39m
    [36m<div[39m
      [33mclass[39m=[32m"p-6 space-y-6"[39m
    [36m>[39m
      [36m<div[39m
        [33mclass[39m=[32m"grid grid-cols-1 md:grid-cols-2 lg:grid-cols-4 gap-6"[39m
      [36m>[39m
        [36m<div[39m
          [33mclass[39m=[32m"bg-white rounded-lg shadow p-6"[39m
        [36m>[39m
          [36m<div[39m
            [33mclass[39m=[32m"flex items-center"[39m
          [36m>[39m
            [36m<div[39m
              [33mclass[39m=[32m"flex-shrink-0"[39m
            [36m>[39m
              [36m<div[39m
                [33mclass[39m=[32m"text-2xl"[39m
              [36m>[39m
                [0m📊[0m
              [36m</div>[39m
            [36m</div>[39m
            [36m<div[39m
              [33mclass[39m=[32m"ml-4"[39m
            [36m>[39m
              [36m<p[39m
                [33mclass[39m=[32m"text-sm font-medium text-gray-500"[39m
              [36m>[39m
                [0mTotal Companies[0m
              [36m</p>[39m
              [36m<p[39m
                [33mclass[39m=[32m"text-2xl font-semibold text-gray-900"[39m
              [36m>[39m
                [0m0[0m
              [36m</p>[39m
            [36m</div>[39m
          [36m</div>[39m
        [36m</div>[39m
        [36m<div[39m
          [33mclass[39m=[32m"bg-white rounded-lg shadow p-6"[39m
        [36m>[39m
          [36m<div[39m
            [33mclass[39m=[32m"flex items-center"[39m
          [36m>[39m
            [36m<div[39m
              [33mclass[39m=[32m"flex-shrink-0"[39m
            [36m>[39m
              [36m<div[39m
                [33mclass[39m=[32m"text-2xl"[39m
              [36m>[39m
                [0m🚫[0m
              [36m</div>[39m
            [36m</div>[39m
            [36m<div[39m
              [33mclass[39m=[32m"ml-4"[39m
            [36m>[39m
              [36m<p[39m
                [33mclass[39m=[32m"text-sm font-medium text-gray-500"[39m
              [36m>[39m
                [0mTotal Exclusions[0m
              [36m</p>[39m
              [36m<p[39m
                [33mclass[39m=[32m"text-2xl font-semibold text-gray-900"[39m
              [36m>[39m
                [0m0[0m
              [36m</p>[39m
            [36m</div>[39m
          [36m</div>[39m
        [36m</div>[39m
        [36m<div[39m
          [33mclass[39m=[32m"bg-white rounded-lg shadow p-6"[39m
        [36m>[39m
          [36m<div[39m
            [33mclass[39m=[32m"flex items-center"[39m
          [36m>[39m
            [36m<div[39m
              [33mclass[39m=[32m"flex-shrink-0"[39m
            [36m>[39m
              [36m<div[39m
                [33mclass[39m=[32m"text-2xl"[39m
              [36m>[39m
                [0m📁[0m
              [36m</div>[39m
            [36m</div>[39m
            [36m<div[39m
              [33mclass[39m=[32m"ml-4"[39m
            [36m>[39m
              [36m<p[39m
                [33mclass[39m=[32m"text-sm font-medium text-gray-500"[39m
              [36m>[39m
                [0mActive Sources[0m
              [36m</p>[39m
              [36m<p[39m
                [33mclass[39m=[32m"text-2xl font-semibold text-gray-900"[39m
              [36m>[39m
                [0m0[0m
              [36m</p>[39m
            [36m</div>[39m
          [36m</div>[39m
        [36m</div>[39m
        [36m<div[39m
          [33mclass[39m=[32m"bg-white rounded-lg shadow p-6"[39m
        [36m>[39m
          [36m<div[39m
            [33mclass[39m=[32m"flex items-center"[39m
          [36m>[39m
            [36m<div[39m
              [33mclass[39m=[32m"flex-shrink-0"[39m
            [36m>[39m
              [36m<div[39m
                [33mclass[39m=[32m"text-2xl"[39m
              [36m>[39m
                [0m🏷️[0m
              [36m</div>[39m
            [36m</div>[39m
            [36m<div[39m
              [33mclass[39m=[32m"ml-4"[39m
            [36m>[39m
              [36m<p[39m
                [33mclass[39m=[32m"text-sm font-medium text-gray-500"[39m
              [36m>[39m
                [0mCategories[0m
              [36m</p>[39m
              [36m<p[39m
                [33mclass[39m=[32m"text-2xl font-semibold text-gray-900"[39m
              [36m>[39m
                [0m0[0m
              [36m</p>[39m
            [36m</div>[39m
          [36m</div>[39m
        [36m</div>[39m
      [36m</div>[39m
      [36m<div[39m
        [33mclass[39m=[32m"bg-white rounded-lg shadow"[39m
      [36m>[39m
        [36m<div[39m
          [33mclass[39m=[32m"px-6 py-4 border-b border-gray-200"[39m
        [36m>[39m
          [36m<h3[39m
            [33mclass[39m=[32m"text-lg font-medium text-gray-900"[39m
          [36m>[39m
            [0m📋 Recent Ingestion Activity[0m
          [36m</h3>[39m
        [36m</div>[39m
        [36m<div[39m
          [33mclass[39m=[32m"p-6"[39m
        [36m>[39m
          [36m<div[39m
            [33mclass[39m=[32m"text-center py-8 text-gray-500"[39m
          [36m>[39m
            [36m<div[39m
              [33mclass[39m=[32m"text-4xl mb-2"[39m
            [36m>[39m
              [0m📋[0m
            [36m</div>[39m
            [36m<p>[39m
              [0mNo recent ingestion activity[0m
            [36m</p>[39m
          [36m</div>[39m
        [36m</div>[39m
      [36m</div>[39m
      [36m<div[39m
        [33mclass[39m=[32m"bg-white rounded-lg shadow"[39m
      [36m>[39m
        [36m<div[39m
          [33mclass[39m=[32m"px-6 py-4 border-b border-gray-200"[39m
        [36m>[39m
          [36m<h3[39m
            [33mclass[39m=[32m"text-lg font-medium text-gray-900"[39m
          [36m>[39m
            [0m🚀 Quick Actions[0m
          [36m</h3>[39m
        [36m</div>[39m
        [36m<div[39m
          [33mclass[39m=[32m"p-6"[39m
        [36m>[39m
          [36m<div[39m
            [33mclass[39m=[32m"grid grid-cols-1 md:grid-cols-3 gap-4"[39m
          [36m>[39m
            [36m<button[39m
              [33mclass[39m=[32m"p-4 border border-gray-200 rounded-lg hover:bg-gray-50 text-left"[39m
            [36m>[39m
              [36m<div[39m
                [33mclass[39m=[32m"text-2xl mb-2"[39m
              [36m>[39m
                [0m🏷️[0m
              [36m</div>[39m
              [36m<h4[39m
                [33mclass[39m=[32m"font-medium text-gray-900"[39m
              [36m>[39m
                [0mManage Categories[0m
              [36m</h4>[39m
              [36m<p[39m
                [33mclass[39m=[32m"text-sm text-gray-500 mt-1"[39m
              [36m>[39m
                [0mReview and organize exclusion categories[0m
              [36m</p>[39m
            [36m</button>[39m
            [36m<button[39m
              [33mclass[39m=[32m"p-4 border border-gray-200 rounded-lg hover:bg-gray-50 text-left"[39m
            [36m>[39m
              [36m<div[39m
                [33mclass[39m=[32m"text-2xl mb-2"[39m
              [36m>[39m
                [0m📈[0m
              [36m</div>[39m
              [36m<h4[39m
                [33mclass[39m=[32m"font-medium text-gray-900"[39m
              [36m>[39m
                [0mSharadar Coverage[0m
              [36m</h4>[39m
              [36m<p[39m
                [33mclass[39m=[32m"text-sm text-gray-500 mt-1"[39m
              [36m>[39m
                [0mAnalyze coverage against Sharadar universe[0m
              [36m</p>[39m
            [36m</button>[39m
            [36m<button[39m
              [33mclass[39m=[32m"p-4 border border-gray-200 rounded-lg hover:bg-gray-50 text-left"[39m
            [36m>[39m
              [36m<div[39m
                [33mclass[39m=[32m"text-2xl mb-2"[39m
              [36m>[39m
                [0m🔍[0m
              [36m</div>[39m
              [36m<h4[39m
                [33mclass[39m=[32m"font-medium text-gray-900"[39m
              [36m>[39m
                [0mData Quality[0m
              [36m</h4>[39m
              [36m<p[39m
                [33mclass[39m=[32m"text-sm text-gray-500 mt-1"[39m
              [36m>[39m
                [0mCheck for duplicates and data issues[0m
              [36m</p>[39m
            [36m</button>[39m
          [36m</div>[39m
        [36m</div>[39m
      [36m</div>[39m
    [36m</div>[39m
  [36m</div>[39m
[36m</body>[39m

Ignored nodes: comments, script, style
[36m<html>[39m
  [36m<head />[39m
  [36m<body>[39m
    [36m<div>[39m
      [36m<div[39m
        [33mclass[39m=[32m"p-6 space-y-6"[39m
      [36m>[39m
        [36m<div[39m
          [33mclass[39m=[32m"grid grid-cols-1 md:grid-cols-2 lg:grid-cols-4 gap-6"[39m
        [36m>[39m
          [36m<div[39m
            [33mclass[39m=[32m"bg-white rounded-lg shadow p-6"[39m
          [36m>[39m
            [36m<div[39m
              [33mclass[39m=[32m"flex items-center"[39m
            [36m>[39m
              [36m<div[39m
                [33mclass[39m=[32m"flex-shrink-0"[39m
              [36m>[39m
                [36m<div[39m
                  [33mclass[39m=[32m"text-2xl"[39m
                [36m>[39m
                  [0m📊[0m
                [36m</div>[39m
              [36m</div>[39m
              [36m<div[39m
                [33mclass[39m=[32m"ml-4"[39m
              [36m>[39m
                [36m<p[39m
                  [33mclass[39m=[32m"text-sm font-medium text-gray-500"[39m
                [36m>[39m
                  [0mTotal Companies[0m
                [36m</p>[39m
                [36m<p[39m
                  [33mclass[39m=[32m"text-2xl font-semibold text-gray-900"[39m
                [36m>[39m
                  [0m0[0m
                [36m</p>[39m
              [36m</div>[39m
            [36m</div>[39m
          [36m</div>[39m
          [36m<div[39m
            [33mclass[39m=[32m"bg-white rounded-lg shadow p-6"[39m
          [36m>[39m
            [36m<div[39m
              [33mclass[39m=[32m"flex items-center"[39m
            [36m>[39m
              [36m<div[39m
                [33mclass[39m=[32m"flex-shrink-0"[39m
              [36m>[39m
                [36m<div[39m
                  [33mclass[39m=[32m"text-2xl"[39m
                [36m>[39m
                  [0m🚫[0m
                [36m</div>[39m
              [36m</div>[39m
              [36m<div[39m
                [33mclass[39m=[32m"ml-4"[39m
              [36m>[39m
                [36m<p[39m
                  [33mclass[39m=[32m"text-sm font-medium text-gray-500"[39m
                [36m>[39m
                  [0mTotal Exclusions[0m
                [36m</p>[39m
                [36m<p[39m
                  [33mclass[39m=[32m"text-2xl font-semibold text-gray-900"[39m
                [36m>[39m
                  [0m0[0m
                [36m</p>[39m
              [36m</div>[39m
            [36m</div>[39m
          [36m</div>[39m
          [36m<div[39m
            [33mclass[39m=[32m"bg-white rounded-lg shadow p-6"[39m
          [36m>[39m
            [36m<div[39m
              [33mclass[39m=[32m"flex items-center"[39m
            [36m>[39m
              [36m<div[39m
                [33mclass[39m=[32m"flex-shrink-0"[39m
              [36m>[39m
                [36m<div[39m
                  [33mclass[39m=[32m"text-2xl"[39m
                [36m>[39m
                  [0m📁[0m
                [36m</div>[39m
              [36m</div>[39m
              [36m<div[39m
                [33mclass[39m=[32m"ml-4"[39m
              [36m>[39m
                [36m<p[39m
                  [33mclass[39m=[32m"text-sm font-medium text-gray-500"[39m
                [36m>[39m
                  [0mActive Sources[0m
                [36m</p>[39m
                [36m<p[39m
                  [33mclass[39m=[32m"text-2xl font-semibold text-gray-900"[39m
                [36m>[39m
                  [0m0[0m
                [36m</p>[39m
              [36m</div>[39m
            [36m</div>[39m
          [36m</div>[39m
          [36m<div[39m
            [33mclass[39m=[32m"bg-white rounded-lg shadow p-6"[39m
          [36m>[39m
            [36m<div[39m
              [33mclass[39m=[32m"flex items-center"[39m
            [36m>[39m
              [36m<div[39m
                [33mclass[39m=[32m"flex-shrink-0"[39m
              [36m>[39m
                [36m<div[39m
                  [33mclass[39m=[32m"text-2xl"[39m
                [36m>[39m
                  [0m🏷️[0m
                [36m</div>[39m
              [36m</div>[39m
              [36m<div[39m
                [33mclass[39m=[32m"ml-4"[39m
              [36m>[39m
                [36m<p[39m
                  [33mclass[39m=[32m"text-sm font-medium text-gray-500"[39m
                [36m>[39m
                  [0mCategories[0m
                [36m</p>[39m
                [36m<p[39m
                  [33mclass[39m=[32m"text-2xl font-semibold text-gray-900"[39m
                [36m>[39m
                  [0m0[0m
                [36m</p>[39m
              [36m</div>[39m
            [36m</div>[39m
          [36m</div>[39m
        [36m</div>[39m
        [36m<div[39m
          [33mclass[39m=[32m"bg-white rounded-lg shadow"[39m
        [36m>[39m
          [36m<div[39m
            [33mclass[39m=[32m"px-6 py-4 border-b border-gray-200"[39m
          [36m>[39m
            [36m<h3[39m
              [33mclass[39m=[32m"text-lg font-medium text-gray-900"[39m
            [36m>[39m
              [0m📋 Recent Ingestion Activity[0m
            [36m</h3>[39m
          [36m</div>[39m
          [36m<div[39m
            [33mclass[39m=[32m"p-6"[39m
          [36m>[39m
            [36m<div[39m
              [33mclass[39m=[32m"text-center py-8 text-gray-500"[39m
            [36m>[39m
              [36m<div[39m
                [33mclass[39m=[32m"text-4xl mb-2"[39m
              [36m>[39m
                [0m📋[0m
              [36m</div>[39m
              [36m<p>[39m
                [0mNo recent ingestion activity[0m
              [36m</p>[39m
            [36m</div>[39m
          [36m</div>[39m
        [36m</div>[39m
        [36m<div[39m
          [33mclass[39m=[32m"bg-white rounded-lg shadow"[39m
        [36m>[39m
          [36m<div[39m
            [33mclass[39m=[32m"px-6 py-4 border-b border-gray-200"[39m
          [36m>[39m
            [36m<h3[39m
              [33mclass[39m=[32m"text-lg font-medium text-gray-900"[39m
            [36m>[39m
              [0m🚀 Quick Actions[0m
            [36m</h3>[39m
          [36m</div>[39m
          [36m<div[39m
            [33mclass[39m=[32m"p-6"[39m
          [36m>[39m
            [36m<div[39m
              [33mclass[39m=[32m"grid grid-cols-1 md:grid-cols-3 gap-4"[39m
            [36m>[39m
              [36m<button[39m
                [33mclass[39m=[32m"p-4 border border-gray-200 rounded-lg hover:bg-gray-50 text-left"[39m
              [36m>[39m
                [36m<div[39m
                  [33mclass[39m=[32m"text-2xl mb-2"[39m
                [36m>[39m
                  [0m🏷️[0m
                [36m</div>[39m
                [36m<h4[39m
                  [33mclass[39m=[32m"font-medium text-gray-900"[39m
                [36m>[39m
                  [0mManage Categories[0m
                [36m</h4>[39m
                [36m<p[39m
                  [33mclass[39m=[32m"text-sm text-gray-500 mt-1"[39m
                [36m>[39m
                  [0mReview and organize exclusion categories[0m
                [36m</p>[39m
              [36m</button>[39m
              [36m<button[39m
                [33mclass[39m=[32m"p-4 border border-gray-200 rounded-lg hover:bg-gray-50 text-left"[39m
              [36m>[39m
                [36m<div[39m
                  [33mclass[39m=[32m"text-2xl mb-2"[39m
                [36m>[39m
                  [0m📈[0m
                [36m</div>[39m
                [36m<h4[39m
                  [33mclass[39m=[32m"font-medium text-gray-900"[39m
                [36m>[39m
                  [0mSharadar Coverage[0m
                [36m</h4>[39m
                [36m<p[39m
                  [33mclass[39m=[32m"text-sm text-gray-500 mt-1"[39m
                [36m>[39m
                  [0mAnalyze coverage against Sharadar universe[0m
                [36m</p>[39m
              [36m</button>[39m
              [36m<button[39m
                [33mclass[39m=[32m"p-4 border border-gray-200 rounded-lg hover:bg-gray-50 text-left"[39m
              [36m>[39m
                [36m<div[39m
                  [33mclass[39m=[32m"text-2xl mb-2"[39m
                [36m>[39m
                  [0m🔍[0m
                [36m</div>[39m
                [36m<h4[39m
                  [33mclass[39m=[32m"font-medium text-gray-900"[39m
                [36m>[39m
                  [0mData Quality[0m
                [36m</h4>[39m
                [36m<p[39m
                  [33mclass[39m=[32m"text-sm text-gray-500 mt-1"[39m
                [36m>[39m
                  [0mCheck for duplicates and data issues[0m
                [36m</p>[39m
              [36m</button>[39m
            [36m</div>[39m
          [36m</div>[39m
        [36m</div>[39m
      [36m</div>[39m
    [36m</div>[39m
  [36m</body>[39m
[36m</html>[39m
   ✓ ExclusionsDashboard > handles zero values correctly 21ms
   × ExclusionsDashboard > maintains responsive design 1015ms
     → Unable to find an element with the text: 1,250. This could be because the text is broken up by multiple elements. In this case, you can provide a function for your text matcher to make your matcher more flexible.

Ignored nodes: comments, script, style
[36m<body>[39m
  [36m<div>[39m
    [36m<div[39m
      [33mclass[39m=[32m"p-6 space-y-6"[39m
    [36m>[39m
      [36m<div[39m
        [33mclass[39m=[32m"grid grid-cols-1 md:grid-cols-2 lg:grid-cols-4 gap-6"[39m
      [36m>[39m
        [36m<div[39m
          [33mclass[39m=[32m"bg-white rounded-lg shadow p-6"[39m
        [36m>[39m
          [36m<div[39m
            [33mclass[39m=[32m"flex items-center"[39m
          [36m>[39m
            [36m<div[39m
              [33mclass[39m=[32m"flex-shrink-0"[39m
            [36m>[39m
              [36m<div[39m
                [33mclass[39m=[32m"text-2xl"[39m
              [36m>[39m
                [0m📊[0m
              [36m</div>[39m
            [36m</div>[39m
            [36m<div[39m
              [33mclass[39m=[32m"ml-4"[39m
            [36m>[39m
              [36m<p[39m
                [33mclass[39m=[32m"text-sm font-medium text-gray-500"[39m
              [36m>[39m
                [0mTotal Companies[0m
              [36m</p>[39m
              [36m<p[39m
                [33mclass[39m=[32m"text-2xl font-semibold text-gray-900"[39m
              [36m>[39m
                [0m0[0m
              [36m</p>[39m
            [36m</div>[39m
          [36m</div>[39m
        [36m</div>[39m
        [36m<div[39m
          [33mclass[39m=[32m"bg-white rounded-lg shadow p-6"[39m
        [36m>[39m
          [36m<div[39m
            [33mclass[39m=[32m"flex items-center"[39m
          [36m>[39m
            [36m<div[39m
              [33mclass[39m=[32m"flex-shrink-0"[39m
            [36m>[39m
              [36m<div[39m
                [33mclass[39m=[32m"text-2xl"[39m
              [36m>[39m
                [0m🚫[0m
              [36m</div>[39m
            [36m</div>[39m
            [36m<div[39m
              [33mclass[39m=[32m"ml-4"[39m
            [36m>[39m
              [36m<p[39m
                [33mclass[39m=[32m"text-sm font-medium text-gray-500"[39m
              [36m>[39m
                [0mTotal Exclusions[0m
              [36m</p>[39m
              [36m<p[39m
                [33mclass[39m=[32m"text-2xl font-semibold text-gray-900"[39m
              [36m>[39m
                [0m0[0m
              [36m</p>[39m
            [36m</div>[39m
          [36m</div>[39m
        [36m</div>[39m
        [36m<div[39m
          [33mclass[39m=[32m"bg-white rounded-lg shadow p-6"[39m
        [36m>[39m
          [36m<div[39m
            [33mclass[39m=[32m"flex items-center"[39m
          [36m>[39m
            [36m<div[39m
              [33mclass[39m=[32m"flex-shrink-0"[39m
            [36m>[39m
              [36m<div[39m
                [33mclass[39m=[32m"text-2xl"[39m
              [36m>[39m
                [0m📁[0m
              [36m</div>[39m
            [36m</div>[39m
            [36m<div[39m
              [33mclass[39m=[32m"ml-4"[39m
            [36m>[39m
              [36m<p[39m
                [33mclass[39m=[32m"text-sm font-medium text-gray-500"[39m
              [36m>[39m
                [0mActive Sources[0m
              [36m</p>[39m
              [36m<p[39m
                [33mclass[39m=[32m"text-2xl font-semibold text-gray-900"[39m
              [36m>[39m
                [0m0[0m
              [36m</p>[39m
            [36m</div>[39m
          [36m</div>[39m
        [36m</div>[39m
        [36m<div[39m
          [33mclass[39m=[32m"bg-white rounded-lg shadow p-6"[39m
        [36m>[39m
          [36m<div[39m
            [33mclass[39m=[32m"flex items-center"[39m
          [36m>[39m
            [36m<div[39m
              [33mclass[39m=[32m"flex-shrink-0"[39m
            [36m>[39m
              [36m<div[39m
                [33mclass[39m=[32m"text-2xl"[39m
              [36m>[39m
                [0m🏷️[0m
              [36m</div>[39m
            [36m</div>[39m
            [36m<div[39m
              [33mclass[39m=[32m"ml-4"[39m
            [36m>[39m
              [36m<p[39m
                [33mclass[39m=[32m"text-sm font-medium text-gray-500"[39m
              [36m>[39m
                [0mCategories[0m
              [36m</p>[39m
              [36m<p[39m
                [33mclass[39m=[32m"text-2xl font-semibold text-gray-900"[39m
              [36m>[39m
                [0m0[0m
              [36m</p>[39m
            [36m</div>[39m
          [36m</div>[39m
        [36m</div>[39m
      [36m</div>[39m
      [36m<div[39m
        [33mclass[39m=[32m"bg-white rounded-lg shadow"[39m
      [36m>[39m
        [36m<div[39m
          [33mclass[39m=[32m"px-6 py-4 border-b border-gray-200"[39m
        [36m>[39m
          [36m<h3[39m
            [33mclass[39m=[32m"text-lg font-medium text-gray-900"[39m
          [36m>[39m
            [0m📋 Recent Ingestion Activity[0m
          [36m</h3>[39m
        [36m</div>[39m
        [36m<div[39m
          [33mclass[39m=[32m"p-6"[39m
        [36m>[39m
          [36m<div[39m
            [33mclass[39m=[32m"text-center py-8 text-gray-500"[39m
          [36m>[39m
            [36m<div[39m
              [33mclass[39m=[32m"text-4xl mb-2"[39m
            [36m>[39m
              [0m📋[0m
            [36m</div>[39m
            [36m<p>[39m
              [0mNo recent ingestion activity[0m
            [36m</p>[39m
          [36m</div>[39m
        [36m</div>[39m
      [36m</div>[39m
      [36m<div[39m
        [33mclass[39m=[32m"bg-white rounded-lg shadow"[39m
      [36m>[39m
        [36m<div[39m
          [33mclass[39m=[32m"px-6 py-4 border-b border-gray-200"[39m
        [36m>[39m
          [36m<h3[39m
            [33mclass[39m=[32m"text-lg font-medium text-gray-900"[39m
          [36m>[39m
            [0m🚀 Quick Actions[0m
          [36m</h3>[39m
        [36m</div>[39m
        [36m<div[39m
          [33mclass[39m=[32m"p-6"[39m
        [36m>[39m
          [36m<div[39m
            [33mclass[39m=[32m"grid grid-cols-1 md:grid-cols-3 gap-4"[39m
          [36m>[39m
            [36m<button[39m
              [33mclass[39m=[32m"p-4 border border-gray-200 rounded-lg hover:bg-gray-50 text-left"[39m
            [36m>[39m
              [36m<div[39m
                [33mclass[39m=[32m"text-2xl mb-2"[39m
              [36m>[39m
                [0m🏷️[0m
              [36m</div>[39m
              [36m<h4[39m
                [33mclass[39m=[32m"font-medium text-gray-900"[39m
              [36m>[39m
                [0mManage Categories[0m
              [36m</h4>[39m
              [36m<p[39m
                [33mclass[39m=[32m"text-sm text-gray-500 mt-1"[39m
              [36m>[39m
                [0mReview and organize exclusion categories[0m
              [36m</p>[39m
            [36m</button>[39m
            [36m<button[39m
              [33mclass[39m=[32m"p-4 border border-gray-200 rounded-lg hover:bg-gray-50 text-left"[39m
            [36m>[39m
              [36m<div[39m
                [33mclass[39m=[32m"text-2xl mb-2"[39m
              [36m>[39m
                [0m📈[0m
              [36m</div>[39m
              [36m<h4[39m
                [33mclass[39m=[32m"font-medium text-gray-900"[39m
              [36m>[39m
                [0mSharadar Coverage[0m
              [36m</h4>[39m
              [36m<p[39m
                [33mclass[39m=[32m"text-sm text-gray-500 mt-1"[39m
              [36m>[39m
                [0mAnalyze coverage against Sharadar universe[0m
              [36m</p>[39m
            [36m</button>[39m
            [36m<button[39m
              [33mclass[39m=[32m"p-4 border border-gray-200 rounded-lg hover:bg-gray-50 text-left"[39m
            [36m>[39m
              [36m<div[39m
                [33mclass[39m=[32m"text-2xl mb-2"[39m
              [36m>[39m
                [0m🔍[0m
              [36m</div>[39m
              [36m<h4[39m
                [33mclass[39m=[32m"font-medium text-gray-900"[39m
              [36m>[39m
                [0mData Quality[0m
              [36m</h4>[39m
              [36m<p[39m
                [33mclass[39m=[32m"text-sm text-gray-500 mt-1"[39m
              [36m>[39m
                [0mCheck for duplicates and data issues[0m
              [36m</p>[39m
            [36m</button>[39m
          [36m</div>[39m
        [36m</div>[39m
      [36m</div>[39m
    [36m</div>[39m
  [36m</div>[39m
[36m</body>[39m

Ignored nodes: comments, script, style
[36m<html>[39m
  [36m<head />[39m
  [36m<body>[39m
    [36m<div>[39m
      [36m<div[39m
        [33mclass[39m=[32m"p-6 space-y-6"[39m
      [36m>[39m
        [36m<div[39m
          [33mclass[39m=[32m"grid grid-cols-1 md:grid-cols-2 lg:grid-cols-4 gap-6"[39m
        [36m>[39m
          [36m<div[39m
            [33mclass[39m=[32m"bg-white rounded-lg shadow p-6"[39m
          [36m>[39m
            [36m<div[39m
              [33mclass[39m=[32m"flex items-center"[39m
            [36m>[39m
              [36m<div[39m
                [33mclass[39m=[32m"flex-shrink-0"[39m
              [36m>[39m
                [36m<div[39m
                  [33mclass[39m=[32m"text-2xl"[39m
                [36m>[39m
                  [0m📊[0m
                [36m</div>[39m
              [36m</div>[39m
              [36m<div[39m
                [33mclass[39m=[32m"ml-4"[39m
              [36m>[39m
                [36m<p[39m
                  [33mclass[39m=[32m"text-sm font-medium text-gray-500"[39m
                [36m>[39m
                  [0mTotal Companies[0m
                [36m</p>[39m
                [36m<p[39m
                  [33mclass[39m=[32m"text-2xl font-semibold text-gray-900"[39m
                [36m>[39m
                  [0m0[0m
                [36m</p>[39m
              [36m</div>[39m
            [36m</div>[39m
          [36m</div>[39m
          [36m<div[39m
            [33mclass[39m=[32m"bg-white rounded-lg shadow p-6"[39m
          [36m>[39m
            [36m<div[39m
              [33mclass[39m=[32m"flex items-center"[39m
            [36m>[39m
              [36m<div[39m
                [33mclass[39m=[32m"flex-shrink-0"[39m
              [36m>[39m
                [36m<div[39m
                  [33mclass[39m=[32m"text-2xl"[39m
                [36m>[39m
                  [0m🚫[0m
                [36m</div>[39m
              [36m</div>[39m
              [36m<div[39m
                [33mclass[39m=[32m"ml-4"[39m
              [36m>[39m
                [36m<p[39m
                  [33mclass[39m=[32m"text-sm font-medium text-gray-500"[39m
                [36m>[39m
                  [0mTotal Exclusions[0m
                [36m</p>[39m
                [36m<p[39m
                  [33mclass[39m=[32m"text-2xl font-semibold text-gray-900"[39m
                [36m>[39m
                  [0m0[0m
                [36m</p>[39m
              [36m</div>[39m
            [36m</div>[39m
          [36m</div>[39m
          [36m<div[39m
            [33mclass[39m=[32m"bg-white rounded-lg shadow p-6"[39m
          [36m>[39m
            [36m<div[39m
              [33mclass[39m=[32m"flex items-center"[39m
            [36m>[39m
              [36m<div[39m
                [33mclass[39m=[32m"flex-shrink-0"[39m
              [36m>[39m
                [36m<div[39m
                  [33mclass[39m=[32m"text-2xl"[39m
                [36m>[39m
                  [0m📁[0m
                [36m</div>[39m
              [36m</div>[39m
              [36m<div[39m
                [33mclass[39m=[32m"ml-4"[39m
              [36m>[39m
                [36m<p[39m
                  [33mclass[39m=[32m"text-sm font-medium text-gray-500"[39m
                [36m>[39m
                  [0mActive Sources[0m
                [36m</p>[39m
                [36m<p[39m
                  [33mclass[39m=[32m"text-2xl font-semibold text-gray-900"[39m
                [36m>[39m
                  [0m0[0m
                [36m</p>[39m
              [36m</div>[39m
            [36m</div>[39m
          [36m</div>[39m
          [36m<div[39m
            [33mclass[39m=[32m"bg-white rounded-lg shadow p-6"[39m
          [36m>[39m
            [36m<div[39m
              [33mclass[39m=[32m"flex items-center"[39m
            [36m>[39m
              [36m<div[39m
                [33mclass[39m=[32m"flex-shrink-0"[39m
              [36m>[39m
                [36m<div[39m
                  [33mclass[39m=[32m"text-2xl"[39m
                [36m>[39m
                  [0m🏷️[0m
                [36m</div>[39m
              [36m</div>[39m
              [36m<div[39m
                [33mclass[39m=[32m"ml-4"[39m
              [36m>[39m
                [36m<p[39m
                  [33mclass[39m=[32m"text-sm font-medium text-gray-500"[39m
                [36m>[39m
                  [0mCategories[0m
                [36m</p>[39m
                [36m<p[39m
                  [33mclass[39m=[32m"text-2xl font-semibold text-gray-900"[39m
                [36m>[39m
                  [0m0[0m
                [36m</p>[39m
              [36m</div>[39m
            [36m</div>[39m
          [36m</div>[39m
        [36m</div>[39m
        [36m<div[39m
          [33mclass[39m=[32m"bg-white rounded-lg shadow"[39m
        [36m>[39m
          [36m<div[39m
            [33mclass[39m=[32m"px-6 py-4 border-b border-gray-200"[39m
          [36m>[39m
            [36m<h3[39m
              [33mclass[39m=[32m"text-lg font-medium text-gray-900"[39m
            [36m>[39m
              [0m📋 Recent Ingestion Activity[0m
            [36m</h3>[39m
          [36m</div>[39m
          [36m<div[39m
            [33mclass[39m=[32m"p-6"[39m
          [36m>[39m
            [36m<div[39m
              [33mclass[39m=[32m"text-center py-8 text-gray-500"[39m
            [36m>[39m
              [36m<div[39m
                [33mclass[39m=[32m"text-4xl mb-2"[39m
              [36m>[39m
                [0m📋[0m
              [36m</div>[39m
              [36m<p>[39m
                [0mNo recent ingestion activity[0m
              [36m</p>[39m
            [36m</div>[39m
          [36m</div>[39m
        [36m</div>[39m
        [36m<div[39m
          [33mclass[39m=[32m"bg-white rounded-lg shadow"[39m
        [36m>[39m
          [36m<div[39m
            [33mclass[39m=[32m"px-6 py-4 border-b border-gray-200"[39m
          [36m>[39m
            [36m<h3[39m
              [33mclass[39m=[32m"text-lg font-medium text-gray-900"[39m
            [36m>[39m
              [0m🚀 Quick Actions[0m
            [36m</h3>[39m
          [36m</div>[39m
          [36m<div[39m
            [33mclass[39m=[32m"p-6"[39m
          [36m>[39m
            [36m<div[39m
              [33mclass[39m=[32m"grid grid-cols-1 md:grid-cols-3 gap-4"[39m
            [36m>[39m
              [36m<button[39m
                [33mclass[39m=[32m"p-4 border border-gray-200 rounded-lg hover:bg-gray-50 text-left"[39m
              [36m>[39m
                [36m<div[39m
                  [33mclass[39m=[32m"text-2xl mb-2"[39m
                [36m>[39m
                  [0m🏷️[0m
                [36m</div>[39m
                [36m<h4[39m
                  [33mclass[39m=[32m"font-medium text-gray-900"[39m
                [36m>[39m
                  [0mManage Categories[0m
                [36m</h4>[39m
                [36m<p[39m
                  [33mclass[39m=[32m"text-sm text-gray-500 mt-1"[39m
                [36m>[39m
                  [0mReview and organize exclusion categories[0m
                [36m</p>[39m
              [36m</button>[39m
              [36m<button[39m
                [33mclass[39m=[32m"p-4 border border-gray-200 rounded-lg hover:bg-gray-50 text-left"[39m
              [36m>[39m
                [36m<div[39m
                  [33mclass[39m=[32m"text-2xl mb-2"[39m
                [36m>[39m
                  [0m📈[0m
                [36m</div>[39m
                [36m<h4[39m
                  [33mclass[39m=[32m"font-medium text-gray-900"[39m
                [36m>[39m
                  [0mSharadar Coverage[0m
                [36m</h4>[39m
                [36m<p[39m
                  [33mclass[39m=[32m"text-sm text-gray-500 mt-1"[39m
                [36m>[39m
                  [0mAnalyze coverage against Sharadar universe[0m
                [36m</p>[39m
              [36m</button>[39m
              [36m<button[39m
                [33mclass[39m=[32m"p-4 border border-gray-200 rounded-lg hover:bg-gray-50 text-left"[39m
              [36m>[39m
                [36m<div[39m
                  [33mclass[39m=[32m"text-2xl mb-2"[39m
                [36m>[39m
                  [0m🔍[0m
                [36m</div>[39m
                [36m<h4[39m
                  [33mclass[39m=[32m"font-medium text-gray-900"[39m
                [36m>[39m
                  [0mData Quality[0m
                [36m</h4>[39m
                [36m<p[39m
                  [33mclass[39m=[32m"text-sm text-gray-500 mt-1"[39m
                [36m>[39m
                  [0mCheck for duplicates and data issues[0m
                [36m</p>[39m
              [36m</button>[39m
            [36m</div>[39m
          [36m</div>[39m
        [36m</div>[39m
      [36m</div>[39m
    [36m</div>[39m
  [36m</body>[39m
[36m</html>[39m
   × ExclusionsDashboard > shows appropriate icons for each stat 1018ms
     → Unable to find an element with the text: Data Sources. This could be because the text is broken up by multiple elements. In this case, you can provide a function for your text matcher to make your matcher more flexible.

Ignored nodes: comments, script, style
[36m<body>[39m
  [36m<div>[39m
    [36m<div[39m
      [33mclass[39m=[32m"p-6 space-y-6"[39m
    [36m>[39m
      [36m<div[39m
        [33mclass[39m=[32m"grid grid-cols-1 md:grid-cols-2 lg:grid-cols-4 gap-6"[39m
      [36m>[39m
        [36m<div[39m
          [33mclass[39m=[32m"bg-white rounded-lg shadow p-6"[39m
        [36m>[39m
          [36m<div[39m
            [33mclass[39m=[32m"flex items-center"[39m
          [36m>[39m
            [36m<div[39m
              [33mclass[39m=[32m"flex-shrink-0"[39m
            [36m>[39m
              [36m<div[39m
                [33mclass[39m=[32m"text-2xl"[39m
              [36m>[39m
                [0m📊[0m
              [36m</div>[39m
            [36m</div>[39m
            [36m<div[39m
              [33mclass[39m=[32m"ml-4"[39m
            [36m>[39m
              [36m<p[39m
                [33mclass[39m=[32m"text-sm font-medium text-gray-500"[39m
              [36m>[39m
                [0mTotal Companies[0m
              [36m</p>[39m
              [36m<p[39m
                [33mclass[39m=[32m"text-2xl font-semibold text-gray-900"[39m
              [36m>[39m
                [0m0[0m
              [36m</p>[39m
            [36m</div>[39m
          [36m</div>[39m
        [36m</div>[39m
        [36m<div[39m
          [33mclass[39m=[32m"bg-white rounded-lg shadow p-6"[39m
        [36m>[39m
          [36m<div[39m
            [33mclass[39m=[32m"flex items-center"[39m
          [36m>[39m
            [36m<div[39m
              [33mclass[39m=[32m"flex-shrink-0"[39m
            [36m>[39m
              [36m<div[39m
                [33mclass[39m=[32m"text-2xl"[39m
              [36m>[39m
                [0m🚫[0m
              [36m</div>[39m
            [36m</div>[39m
            [36m<div[39m
              [33mclass[39m=[32m"ml-4"[39m
            [36m>[39m
              [36m<p[39m
                [33mclass[39m=[32m"text-sm font-medium text-gray-500"[39m
              [36m>[39m
                [0mTotal Exclusions[0m
              [36m</p>[39m
              [36m<p[39m
                [33mclass[39m=[32m"text-2xl font-semibold text-gray-900"[39m
              [36m>[39m
                [0m0[0m
              [36m</p>[39m
            [36m</div>[39m
          [36m</div>[39m
        [36m</div>[39m
        [36m<div[39m
          [33mclass[39m=[32m"bg-white rounded-lg shadow p-6"[39m
        [36m>[39m
          [36m<div[39m
            [33mclass[39m=[32m"flex items-center"[39m
          [36m>[39m
            [36m<div[39m
              [33mclass[39m=[32m"flex-shrink-0"[39m
            [36m>[39m
              [36m<div[39m
                [33mclass[39m=[32m"text-2xl"[39m
              [36m>[39m
                [0m📁[0m
              [36m</div>[39m
            [36m</div>[39m
            [36m<div[39m
              [33mclass[39m=[32m"ml-4"[39m
            [36m>[39m
              [36m<p[39m
                [33mclass[39m=[32m"text-sm font-medium text-gray-500"[39m
              [36m>[39m
                [0mActive Sources[0m
              [36m</p>[39m
              [36m<p[39m
                [33mclass[39m=[32m"text-2xl font-semibold text-gray-900"[39m
              [36m>[39m
                [0m0[0m
              [36m</p>[39m
            [36m</div>[39m
          [36m</div>[39m
        [36m</div>[39m
        [36m<div[39m
          [33mclass[39m=[32m"bg-white rounded-lg shadow p-6"[39m
        [36m>[39m
          [36m<div[39m
            [33mclass[39m=[32m"flex items-center"[39m
          [36m>[39m
            [36m<div[39m
              [33mclass[39m=[32m"flex-shrink-0"[39m
            [36m>[39m
              [36m<div[39m
                [33mclass[39m=[32m"text-2xl"[39m
              [36m>[39m
                [0m🏷️[0m
              [36m</div>[39m
            [36m</div>[39m
            [36m<div[39m
              [33mclass[39m=[32m"ml-4"[39m
            [36m>[39m
              [36m<p[39m
                [33mclass[39m=[32m"text-sm font-medium text-gray-500"[39m
              [36m>[39m
                [0mCategories[0m
              [36m</p>[39m
              [36m<p[39m
                [33mclass[39m=[32m"text-2xl font-semibold text-gray-900"[39m
              [36m>[39m
                [0m0[0m
              [36m</p>[39m
            [36m</div>[39m
          [36m</div>[39m
        [36m</div>[39m
      [36m</div>[39m
      [36m<div[39m
        [33mclass[39m=[32m"bg-white rounded-lg shadow"[39m
      [36m>[39m
        [36m<div[39m
          [33mclass[39m=[32m"px-6 py-4 border-b border-gray-200"[39m
        [36m>[39m
          [36m<h3[39m
            [33mclass[39m=[32m"text-lg font-medium text-gray-900"[39m
          [36m>[39m
            [0m📋 Recent Ingestion Activity[0m
          [36m</h3>[39m
        [36m</div>[39m
        [36m<div[39m
          [33mclass[39m=[32m"p-6"[39m
        [36m>[39m
          [36m<div[39m
            [33mclass[39m=[32m"text-center py-8 text-gray-500"[39m
          [36m>[39m
            [36m<div[39m
              [33mclass[39m=[32m"text-4xl mb-2"[39m
            [36m>[39m
              [0m📋[0m
            [36m</div>[39m
            [36m<p>[39m
              [0mNo recent ingestion activity[0m
            [36m</p>[39m
          [36m</div>[39m
        [36m</div>[39m
      [36m</div>[39m
      [36m<div[39m
        [33mclass[39m=[32m"bg-white rounded-lg shadow"[39m
      [36m>[39m
        [36m<div[39m
          [33mclass[39m=[32m"px-6 py-4 border-b border-gray-200"[39m
        [36m>[39m
          [36m<h3[39m
            [33mclass[39m=[32m"text-lg font-medium text-gray-900"[39m
          [36m>[39m
            [0m🚀 Quick Actions[0m
          [36m</h3>[39m
        [36m</div>[39m
        [36m<div[39m
          [33mclass[39m=[32m"p-6"[39m
        [36m>[39m
          [36m<div[39m
            [33mclass[39m=[32m"grid grid-cols-1 md:grid-cols-3 gap-4"[39m
          [36m>[39m
            [36m<button[39m
              [33mclass[39m=[32m"p-4 border border-gray-200 rounded-lg hover:bg-gray-50 text-left"[39m
            [36m>[39m
              [36m<div[39m
                [33mclass[39m=[32m"text-2xl mb-2"[39m
              [36m>[39m
                [0m🏷️[0m
              [36m</div>[39m
              [36m<h4[39m
                [33mclass[39m=[32m"font-medium text-gray-900"[39m
              [36m>[39m
                [0mManage Categories[0m
              [36m</h4>[39m
              [36m<p[39m
                [33mclass[39m=[32m"text-sm text-gray-500 mt-1"[39m
              [36m>[39m
                [0mReview and organize exclusion categories[0m
              [36m</p>[39m
            [36m</button>[39m
            [36m<button[39m
              [33mclass[39m=[32m"p-4 border border-gray-200 rounded-lg hover:bg-gray-50 text-left"[39m
            [36m>[39m
              [36m<div[39m
                [33mclass[39m=[32m"text-2xl mb-2"[39m
              [36m>[39m
                [0m📈[0m
              [36m</div>[39m
              [36m<h4[39m
                [33mclass[39m=[32m"font-medium text-gray-900"[39m
              [36m>[39m
                [0mSharadar Coverage[0m
              [36m</h4>[39m
              [36m<p[39m
                [33mclass[39m=[32m"text-sm text-gray-500 mt-1"[39m
              [36m>[39m
                [0mAnalyze coverage against Sharadar universe[0m
              [36m</p>[39m
            [36m</button>[39m
            [36m<button[39m
              [33mclass[39m=[32m"p-4 border border-gray-200 rounded-lg hover:bg-gray-50 text-left"[39m
            [36m>[39m
              [36m<div[39m
                [33mclass[39m=[32m"text-2xl mb-2"[39m
              [36m>[39m
                [0m🔍[0m
              [36m</div>[39m
              [36m<h4[39m
                [33mclass[39m=[32m"font-medium text-gray-900"[39m
              [36m>[39m
                [0mData Quality[0m
              [36m</h4>[39m
              [36m<p[39m
                [33mclass[39m=[32m"text-sm text-gray-500 mt-1"[39m
              [36m>[39m
                [0mCheck for duplicates and data issues[0m
              [36m</p>[39m
            [36m</button>[39m
          [36m</div>[39m
        [36m</div>[39m
      [36m</div>[39m
    [36m</div>[39m
  [36m</div>[39m
[36m</body>[39m

Ignored nodes: comments, script, style
[36m<html>[39m
  [36m<head />[39m
  [36m<body>[39m
    [36m<div>[39m
      [36m<div[39m
        [33mclass[39m=[32m"p-6 space-y-6"[39m
      [36m>[39m
        [36m<div[39m
          [33mclass[39m=[32m"grid grid-cols-1 md:grid-cols-2 lg:grid-cols-4 gap-6"[39m
        [36m>[39m
          [36m<div[39m
            [33mclass[39m=[32m"bg-white rounded-lg shadow p-6"[39m
          [36m>[39m
            [36m<div[39m
              [33mclass[39m=[32m"flex items-center"[39m
            [36m>[39m
              [36m<div[39m
                [33mclass[39m=[32m"flex-shrink-0"[39m
              [36m>[39m
                [36m<div[39m
                  [33mclass[39m=[32m"text-2xl"[39m
                [36m>[39m
                  [0m📊[0m
                [36m</div>[39m
              [36m</div>[39m
              [36m<div[39m
                [33mclass[39m=[32m"ml-4"[39m
              [36m>[39m
                [36m<p[39m
                  [33mclass[39m=[32m"text-sm font-medium text-gray-500"[39m
                [36m>[39m
                  [0mTotal Companies[0m
                [36m</p>[39m
                [36m<p[39m
                  [33mclass[39m=[32m"text-2xl font-semibold text-gray-900"[39m
                [36m>[39m
                  [0m0[0m
                [36m</p>[39m
              [36m</div>[39m
            [36m</div>[39m
          [36m</div>[39m
          [36m<div[39m
            [33mclass[39m=[32m"bg-white rounded-lg shadow p-6"[39m
          [36m>[39m
            [36m<div[39m
              [33mclass[39m=[32m"flex items-center"[39m
            [36m>[39m
              [36m<div[39m
                [33mclass[39m=[32m"flex-shrink-0"[39m
              [36m>[39m
                [36m<div[39m
                  [33mclass[39m=[32m"text-2xl"[39m
                [36m>[39m
                  [0m🚫[0m
                [36m</div>[39m
              [36m</div>[39m
              [36m<div[39m
                [33mclass[39m=[32m"ml-4"[39m
              [36m>[39m
                [36m<p[39m
                  [33mclass[39m=[32m"text-sm font-medium text-gray-500"[39m
                [36m>[39m
                  [0mTotal Exclusions[0m
                [36m</p>[39m
                [36m<p[39m
                  [33mclass[39m=[32m"text-2xl font-semibold text-gray-900"[39m
                [36m>[39m
                  [0m0[0m
                [36m</p>[39m
              [36m</div>[39m
            [36m</div>[39m
          [36m</div>[39m
          [36m<div[39m
            [33mclass[39m=[32m"bg-white rounded-lg shadow p-6"[39m
          [36m>[39m
            [36m<div[39m
              [33mclass[39m=[32m"flex items-center"[39m
            [36m>[39m
              [36m<div[39m
                [33mclass[39m=[32m"flex-shrink-0"[39m
              [36m>[39m
                [36m<div[39m
                  [33mclass[39m=[32m"text-2xl"[39m
                [36m>[39m
                  [0m📁[0m
                [36m</div>[39m
              [36m</div>[39m
              [36m<div[39m
                [33mclass[39m=[32m"ml-4"[39m
              [36m>[39m
                [36m<p[39m
                  [33mclass[39m=[32m"text-sm font-medium text-gray-500"[39m
                [36m>[39m
                  [0mActive Sources[0m
                [36m</p>[39m
                [36m<p[39m
                  [33mclass[39m=[32m"text-2xl font-semibold text-gray-900"[39m
                [36m>[39m
                  [0m0[0m
                [36m</p>[39m
              [36m</div>[39m
            [36m</div>[39m
          [36m</div>[39m
          [36m<div[39m
            [33mclass[39m=[32m"bg-white rounded-lg shadow p-6"[39m
          [36m>[39m
            [36m<div[39m
              [33mclass[39m=[32m"flex items-center"[39m
            [36m>[39m
              [36m<div[39m
                [33mclass[39m=[32m"flex-shrink-0"[39m
              [36m>[39m
                [36m<div[39m
                  [33mclass[39m=[32m"text-2xl"[39m
                [36m>[39m
                  [0m🏷️[0m
                [36m</div>[39m
              [36m</div>[39m
              [36m<div[39m
                [33mclass[39m=[32m"ml-4"[39m
              [36m>[39m
                [36m<p[39m
                  [33mclass[39m=[32m"text-sm font-medium text-gray-500"[39m
                [36m>[39m
                  [0mCategories[0m
                [36m</p>[39m
                [36m<p[39m
                  [33mclass[39m=[32m"text-2xl font-semibold text-gray-900"[39m
                [36m>[39m
                  [0m0[0m
                [36m</p>[39m
              [36m</div>[39m
            [36m</div>[39m
          [36m</div>[39m
        [36m</div>[39m
        [36m<div[39m
          [33mclass[39m=[32m"bg-white rounded-lg shadow"[39m
        [36m>[39m
          [36m<div[39m
            [33mclass[39m=[32m"px-6 py-4 border-b border-gray-200"[39m
          [36m>[39m
            [36m<h3[39m
              [33mclass[39m=[32m"text-lg font-medium text-gray-900"[39m
            [36m>[39m
              [0m📋 Recent Ingestion Activity[0m
            [36m</h3>[39m
          [36m</div>[39m
          [36m<div[39m
            [33mclass[39m=[32m"p-6"[39m
          [36m>[39m
            [36m<div[39m
              [33mclass[39m=[32m"text-center py-8 text-gray-500"[39m
            [36m>[39m
              [36m<div[39m
                [33mclass[39m=[32m"text-4xl mb-2"[39m
              [36m>[39m
                [0m📋[0m
              [36m</div>[39m
              [36m<p>[39m
                [0mNo recent ingestion activity[0m
              [36m</p>[39m
            [36m</div>[39m
          [36m</div>[39m
        [36m</div>[39m
        [36m<div[39m
          [33mclass[39m=[32m"bg-white rounded-lg shadow"[39m
        [36m>[39m
          [36m<div[39m
            [33mclass[39m=[32m"px-6 py-4 border-b border-gray-200"[39m
          [36m>[39m
            [36m<h3[39m
              [33mclass[39m=[32m"text-lg font-medium text-gray-900"[39m
            [36m>[39m
              [0m🚀 Quick Actions[0m
            [36m</h3>[39m
          [36m</div>[39m
          [36m<div[39m
            [33mclass[39m=[32m"p-6"[39m
          [36m>[39m
            [36m<div[39m
              [33mclass[39m=[32m"grid grid-cols-1 md:grid-cols-3 gap-4"[39m
            [36m>[39m
              [36m<button[39m
                [33mclass[39m=[32m"p-4 border border-gray-200 rounded-lg hover:bg-gray-50 text-left"[39m
              [36m>[39m
                [36m<div[39m
                  [33mclass[39m=[32m"text-2xl mb-2"[39m
                [36m>[39m
                  [0m🏷️[0m
                [36m</div>[39m
                [36m<h4[39m
                  [33mclass[39m=[32m"font-medium text-gray-900"[39m
                [36m>[39m
                  [0mManage Categories[0m
                [36m</h4>[39m
                [36m<p[39m
                  [33mclass[39m=[32m"text-sm text-gray-500 mt-1"[39m
                [36m>[39m
                  [0mReview and organize exclusion categories[0m
                [36m</p>[39m
              [36m</button>[39m
              [36m<button[39m
                [33mclass[39m=[32m"p-4 border border-gray-200 rounded-lg hover:bg-gray-50 text-left"[39m
              [36m>[39m
                [36m<div[39m
                  [33mclass[39m=[32m"text-2xl mb-2"[39m
                [36m>[39m
                  [0m📈[0m
                [36m</div>[39m
                [36m<h4[39m
                  [33mclass[39m=[32m"font-medium text-gray-900"[39m
                [36m>[39m
                  [0mSharadar Coverage[0m
                [36m</h4>[39m
                [36m<p[39m
                  [33mclass[39m=[32m"text-sm text-gray-500 mt-1"[39m
                [36m>[39m
                  [0mAnalyze coverage against Sharadar universe[0m
                [36m</p>[39m
              [36m</button>[39m
              [36m<button[39m
                [33mclass[39m=[32m"p-4 border border-gray-200 rounded-lg hover:bg-gray-50 text-left"[39m
              [36m>[39m
                [36m<div[39m
                  [33mclass[39m=[32m"text-2xl mb-2"[39m
                [36m>[39m
                  [0m🔍[0m
                [36m</div>[39m
                [36m<h4[39m
                  [33mclass[39m=[32m"font-medium text-gray-900"[39m
                [36m>[39m
                  [0mData Quality[0m
                [36m</h4>[39m
                [36m<p[39m
                  [33mclass[39m=[32m"text-sm text-gray-500 mt-1"[39m
                [36m>[39m
                  [0mCheck for duplicates and data issues[0m
                [36m</p>[39m
              [36m</button>[39m
            [36m</div>[39m
          [36m</div>[39m
        [36m</div>[39m
      [36m</div>[39m
    [36m</div>[39m
  [36m</body>[39m
[36m</html>[39m
   × ExclusionsDashboard > handles network timeout gracefully 1022ms
     → Unable to find an element with the text: Error Loading Dashboard. This could be because the text is broken up by multiple elements. In this case, you can provide a function for your text matcher to make your matcher more flexible.

Ignored nodes: comments, script, style
[36m<body>[39m
  [36m<div>[39m
    [36m<div[39m
      [33mclass[39m=[32m"p-6 space-y-6"[39m
    [36m>[39m
      [36m<div[39m
        [33mclass[39m=[32m"grid grid-cols-1 md:grid-cols-2 lg:grid-cols-4 gap-6"[39m
      [36m>[39m
        [36m<div[39m
          [33mclass[39m=[32m"bg-white rounded-lg shadow p-6"[39m
        [36m>[39m
          [36m<div[39m
            [33mclass[39m=[32m"flex items-center"[39m
          [36m>[39m
            [36m<div[39m
              [33mclass[39m=[32m"flex-shrink-0"[39m
            [36m>[39m
              [36m<div[39m
                [33mclass[39m=[32m"text-2xl"[39m
              [36m>[39m
                [0m📊[0m
              [36m</div>[39m
            [36m</div>[39m
            [36m<div[39m
              [33mclass[39m=[32m"ml-4"[39m
            [36m>[39m
              [36m<p[39m
                [33mclass[39m=[32m"text-sm font-medium text-gray-500"[39m
              [36m>[39m
                [0mTotal Companies[0m
              [36m</p>[39m
              [36m<p[39m
                [33mclass[39m=[32m"text-2xl font-semibold text-gray-900"[39m
              [36m>[39m
                [0m0[0m
              [36m</p>[39m
            [36m</div>[39m
          [36m</div>[39m
        [36m</div>[39m
        [36m<div[39m
          [33mclass[39m=[32m"bg-white rounded-lg shadow p-6"[39m
        [36m>[39m
          [36m<div[39m
            [33mclass[39m=[32m"flex items-center"[39m
          [36m>[39m
            [36m<div[39m
              [33mclass[39m=[32m"flex-shrink-0"[39m
            [36m>[39m
              [36m<div[39m
                [33mclass[39m=[32m"text-2xl"[39m
              [36m>[39m
                [0m🚫[0m
              [36m</div>[39m
            [36m</div>[39m
            [36m<div[39m
              [33mclass[39m=[32m"ml-4"[39m
            [36m>[39m
              [36m<p[39m
                [33mclass[39m=[32m"text-sm font-medium text-gray-500"[39m
              [36m>[39m
                [0mTotal Exclusions[0m
              [36m</p>[39m
              [36m<p[39m
                [33mclass[39m=[32m"text-2xl font-semibold text-gray-900"[39m
              [36m>[39m
                [0m0[0m
              [36m</p>[39m
            [36m</div>[39m
          [36m</div>[39m
        [36m</div>[39m
        [36m<div[39m
          [33mclass[39m=[32m"bg-white rounded-lg shadow p-6"[39m
        [36m>[39m
          [36m<div[39m
            [33mclass[39m=[32m"flex items-center"[39m
          [36m>[39m
            [36m<div[39m
              [33mclass[39m=[32m"flex-shrink-0"[39m
            [36m>[39m
              [36m<div[39m
                [33mclass[39m=[32m"text-2xl"[39m
              [36m>[39m
                [0m📁[0m
              [36m</div>[39m
            [36m</div>[39m
            [36m<div[39m
              [33mclass[39m=[32m"ml-4"[39m
            [36m>[39m
              [36m<p[39m
                [33mclass[39m=[32m"text-sm font-medium text-gray-500"[39m
              [36m>[39m
                [0mActive Sources[0m
              [36m</p>[39m
              [36m<p[39m
                [33mclass[39m=[32m"text-2xl font-semibold text-gray-900"[39m
              [36m>[39m
                [0m0[0m
              [36m</p>[39m
            [36m</div>[39m
          [36m</div>[39m
        [36m</div>[39m
        [36m<div[39m
          [33mclass[39m=[32m"bg-white rounded-lg shadow p-6"[39m
        [36m>[39m
          [36m<div[39m
            [33mclass[39m=[32m"flex items-center"[39m
          [36m>[39m
            [36m<div[39m
              [33mclass[39m=[32m"flex-shrink-0"[39m
            [36m>[39m
              [36m<div[39m
                [33mclass[39m=[32m"text-2xl"[39m
              [36m>[39m
                [0m🏷️[0m
              [36m</div>[39m
            [36m</div>[39m
            [36m<div[39m
              [33mclass[39m=[32m"ml-4"[39m
            [36m>[39m
              [36m<p[39m
                [33mclass[39m=[32m"text-sm font-medium text-gray-500"[39m
              [36m>[39m
                [0mCategories[0m
              [36m</p>[39m
              [36m<p[39m
                [33mclass[39m=[32m"text-2xl font-semibold text-gray-900"[39m
              [36m>[39m
                [0m0[0m
              [36m</p>[39m
            [36m</div>[39m
          [36m</div>[39m
        [36m</div>[39m
      [36m</div>[39m
      [36m<div[39m
        [33mclass[39m=[32m"bg-white rounded-lg shadow"[39m
      [36m>[39m
        [36m<div[39m
          [33mclass[39m=[32m"px-6 py-4 border-b border-gray-200"[39m
        [36m>[39m
          [36m<h3[39m
            [33mclass[39m=[32m"text-lg font-medium text-gray-900"[39m
          [36m>[39m
            [0m📋 Recent Ingestion Activity[0m
          [36m</h3>[39m
        [36m</div>[39m
        [36m<div[39m
          [33mclass[39m=[32m"p-6"[39m
        [36m>[39m
          [36m<div[39m
            [33mclass[39m=[32m"text-center py-8 text-gray-500"[39m
          [36m>[39m
            [36m<div[39m
              [33mclass[39m=[32m"text-4xl mb-2"[39m
            [36m>[39m
              [0m📋[0m
            [36m</div>[39m
            [36m<p>[39m
              [0mNo recent ingestion activity[0m
            [36m</p>[39m
          [36m</div>[39m
        [36m</div>[39m
      [36m</div>[39m
      [36m<div[39m
        [33mclass[39m=[32m"bg-white rounded-lg shadow"[39m
      [36m>[39m
        [36m<div[39m
          [33mclass[39m=[32m"px-6 py-4 border-b border-gray-200"[39m
        [36m>[39m
          [36m<h3[39m
            [33mclass[39m=[32m"text-lg font-medium text-gray-900"[39m
          [36m>[39m
            [0m🚀 Quick Actions[0m
          [36m</h3>[39m
        [36m</div>[39m
        [36m<div[39m
          [33mclass[39m=[32m"p-6"[39m
        [36m>[39m
          [36m<div[39m
            [33mclass[39m=[32m"grid grid-cols-1 md:grid-cols-3 gap-4"[39m
          [36m>[39m
            [36m<button[39m
              [33mclass[39m=[32m"p-4 border border-gray-200 rounded-lg hover:bg-gray-50 text-left"[39m
            [36m>[39m
              [36m<div[39m
                [33mclass[39m=[32m"text-2xl mb-2"[39m
              [36m>[39m
                [0m🏷️[0m
              [36m</div>[39m
              [36m<h4[39m
                [33mclass[39m=[32m"font-medium text-gray-900"[39m
              [36m>[39m
                [0mManage Categories[0m
              [36m</h4>[39m
              [36m<p[39m
                [33mclass[39m=[32m"text-sm text-gray-500 mt-1"[39m
              [36m>[39m
                [0mReview and organize exclusion categories[0m
              [36m</p>[39m
            [36m</button>[39m
            [36m<button[39m
              [33mclass[39m=[32m"p-4 border border-gray-200 rounded-lg hover:bg-gray-50 text-left"[39m
            [36m>[39m
              [36m<div[39m
                [33mclass[39m=[32m"text-2xl mb-2"[39m
              [36m>[39m
                [0m📈[0m
              [36m</div>[39m
              [36m<h4[39m
                [33mclass[39m=[32m"font-medium text-gray-900"[39m
              [36m>[39m
                [0mSharadar Coverage[0m
              [36m</h4>[39m
              [36m<p[39m
                [33mclass[39m=[32m"text-sm text-gray-500 mt-1"[39m
              [36m>[39m
                [0mAnalyze coverage against Sharadar universe[0m
              [36m</p>[39m
            [36m</button>[39m
            [36m<button[39m
              [33mclass[39m=[32m"p-4 border border-gray-200 rounded-lg hover:bg-gray-50 text-left"[39m
            [36m>[39m
              [36m<div[39m
                [33mclass[39m=[32m"text-2xl mb-2"[39m
              [36m>[39m
                [0m🔍[0m
              [36m</div>[39m
              [36m<h4[39m
                [33mclass[39m=[32m"font-medium text-gray-900"[39m
              [36m>[39m
                [0mData Quality[0m
              [36m</h4>[39m
              [36m<p[39m
                [33mclass[39m=[32m"text-sm text-gray-500 mt-1"[39m
              [36m>[39m
                [0mCheck for duplicates and data issues[0m
              [36m</p>[39m
            [36m</button>[39m
          [36m</div>[39m
        [36m</div>[39m
      [36m</div>[39m
    [36m</div>[39m
  [36m</div>[39m
[36m</body>[39m

Ignored nodes: comments, script, style
[36m<html>[39m
  [36m<head />[39m
  [36m<body>[39m
    [36m<div>[39m
      [36m<div[39m
        [33mclass[39m=[32m"p-6 space-y-6"[39m
      [36m>[39m
        [36m<div[39m
          [33mclass[39m=[32m"grid grid-cols-1 md:grid-cols-2 lg:grid-cols-4 gap-6"[39m
        [36m>[39m
          [36m<div[39m
            [33mclass[39m=[32m"bg-white rounded-lg shadow p-6"[39m
          [36m>[39m
            [36m<div[39m
              [33mclass[39m=[32m"flex items-center"[39m
            [36m>[39m
              [36m<div[39m
                [33mclass[39m=[32m"flex-shrink-0"[39m
              [36m>[39m
                [36m<div[39m
                  [33mclass[39m=[32m"text-2xl"[39m
                [36m>[39m
                  [0m📊[0m
                [36m</div>[39m
              [36m</div>[39m
              [36m<div[39m
                [33mclass[39m=[32m"ml-4"[39m
              [36m>[39m
                [36m<p[39m
                  [33mclass[39m=[32m"text-sm font-medium text-gray-500"[39m
                [36m>[39m
                  [0mTotal Companies[0m
                [36m</p>[39m
                [36m<p[39m
                  [33mclass[39m=[32m"text-2xl font-semibold text-gray-900"[39m
                [36m>[39m
                  [0m0[0m
                [36m</p>[39m
              [36m</div>[39m
            [36m</div>[39m
          [36m</div>[39m
          [36m<div[39m
            [33mclass[39m=[32m"bg-white rounded-lg shadow p-6"[39m
          [36m>[39m
            [36m<div[39m
              [33mclass[39m=[32m"flex items-center"[39m
            [36m>[39m
              [36m<div[39m
                [33mclass[39m=[32m"flex-shrink-0"[39m
              [36m>[39m
                [36m<div[39m
                  [33mclass[39m=[32m"text-2xl"[39m
                [36m>[39m
                  [0m🚫[0m
                [36m</div>[39m
              [36m</div>[39m
              [36m<div[39m
                [33mclass[39m=[32m"ml-4"[39m
              [36m>[39m
                [36m<p[39m
                  [33mclass[39m=[32m"text-sm font-medium text-gray-500"[39m
                [36m>[39m
                  [0mTotal Exclusions[0m
                [36m</p>[39m
                [36m<p[39m
                  [33mclass[39m=[32m"text-2xl font-semibold text-gray-900"[39m
                [36m>[39m
                  [0m0[0m
                [36m</p>[39m
              [36m</div>[39m
            [36m</div>[39m
          [36m</div>[39m
          [36m<div[39m
            [33mclass[39m=[32m"bg-white rounded-lg shadow p-6"[39m
          [36m>[39m
            [36m<div[39m
              [33mclass[39m=[32m"flex items-center"[39m
            [36m>[39m
              [36m<div[39m
                [33mclass[39m=[32m"flex-shrink-0"[39m
              [36m>[39m
                [36m<div[39m
                  [33mclass[39m=[32m"text-2xl"[39m
                [36m>[39m
                  [0m📁[0m
                [36m</div>[39m
              [36m</div>[39m
              [36m<div[39m
                [33mclass[39m=[32m"ml-4"[39m
              [36m>[39m
                [36m<p[39m
                  [33mclass[39m=[32m"text-sm font-medium text-gray-500"[39m
                [36m>[39m
                  [0mActive Sources[0m
                [36m</p>[39m
                [36m<p[39m
                  [33mclass[39m=[32m"text-2xl font-semibold text-gray-900"[39m
                [36m>[39m
                  [0m0[0m
                [36m</p>[39m
              [36m</div>[39m
            [36m</div>[39m
          [36m</div>[39m
          [36m<div[39m
            [33mclass[39m=[32m"bg-white rounded-lg shadow p-6"[39m
          [36m>[39m
            [36m<div[39m
              [33mclass[39m=[32m"flex items-center"[39m
            [36m>[39m
              [36m<div[39m
                [33mclass[39m=[32m"flex-shrink-0"[39m
              [36m>[39m
                [36m<div[39m
                  [33mclass[39m=[32m"text-2xl"[39m
                [36m>[39m
                  [0m🏷️[0m
                [36m</div>[39m
              [36m</div>[39m
              [36m<div[39m
                [33mclass[39m=[32m"ml-4"[39m
              [36m>[39m
                [36m<p[39m
                  [33mclass[39m=[32m"text-sm font-medium text-gray-500"[39m
                [36m>[39m
                  [0mCategories[0m
                [36m</p>[39m
                [36m<p[39m
                  [33mclass[39m=[32m"text-2xl font-semibold text-gray-900"[39m
                [36m>[39m
                  [0m0[0m
                [36m</p>[39m
              [36m</div>[39m
            [36m</div>[39m
          [36m</div>[39m
        [36m</div>[39m
        [36m<div[39m
          [33mclass[39m=[32m"bg-white rounded-lg shadow"[39m
        [36m>[39m
          [36m<div[39m
            [33mclass[39m=[32m"px-6 py-4 border-b border-gray-200"[39m
          [36m>[39m
            [36m<h3[39m
              [33mclass[39m=[32m"text-lg font-medium text-gray-900"[39m
            [36m>[39m
              [0m📋 Recent Ingestion Activity[0m
            [36m</h3>[39m
          [36m</div>[39m
          [36m<div[39m
            [33mclass[39m=[32m"p-6"[39m
          [36m>[39m
            [36m<div[39m
              [33mclass[39m=[32m"text-center py-8 text-gray-500"[39m
            [36m>[39m
              [36m<div[39m
                [33mclass[39m=[32m"text-4xl mb-2"[39m
              [36m>[39m
                [0m📋[0m
              [36m</div>[39m
              [36m<p>[39m
                [0mNo recent ingestion activity[0m
              [36m</p>[39m
            [36m</div>[39m
          [36m</div>[39m
        [36m</div>[39m
        [36m<div[39m
          [33mclass[39m=[32m"bg-white rounded-lg shadow"[39m
        [36m>[39m
          [36m<div[39m
            [33mclass[39m=[32m"px-6 py-4 border-b border-gray-200"[39m
          [36m>[39m
            [36m<h3[39m
              [33mclass[39m=[32m"text-lg font-medium text-gray-900"[39m
            [36m>[39m
              [0m🚀 Quick Actions[0m
            [36m</h3>[39m
          [36m</div>[39m
          [36m<div[39m
            [33mclass[39m=[32m"p-6"[39m
          [36m>[39m
            [36m<div[39m
              [33mclass[39m=[32m"grid grid-cols-1 md:grid-cols-3 gap-4"[39m
            [36m>[39m
              [36m<button[39m
                [33mclass[39m=[32m"p-4 border border-gray-200 rounded-lg hover:bg-gray-50 text-left"[39m
              [36m>[39m
                [36m<div[39m
                  [33mclass[39m=[32m"text-2xl mb-2"[39m
                [36m>[39m
                  [0m🏷️[0m
                [36m</div>[39m
                [36m<h4[39m
                  [33mclass[39m=[32m"font-medium text-gray-900"[39m
                [36m>[39m
                  [0mManage Categories[0m
                [36m</h4>[39m
                [36m<p[39m
                  [33mclass[39m=[32m"text-sm text-gray-500 mt-1"[39m
                [36m>[39m
                  [0mReview and organize exclusion categories[0m
                [36m</p>[39m
              [36m</button>[39m
              [36m<button[39m
                [33mclass[39m=[32m"p-4 border border-gray-200 rounded-lg hover:bg-gray-50 text-left"[39m
              [36m>[39m
                [36m<div[39m
                  [33mclass[39m=[32m"text-2xl mb-2"[39m
                [36m>[39m
                  [0m📈[0m
                [36m</div>[39m
                [36m<h4[39m
                  [33mclass[39m=[32m"font-medium text-gray-900"[39m
                [36m>[39m
                  [0mSharadar Coverage[0m
                [36m</h4>[39m
                [36m<p[39m
                  [33mclass[39m=[32m"text-sm text-gray-500 mt-1"[39m
                [36m>[39m
                  [0mAnalyze coverage against Sharadar universe[0m
                [36m</p>[39m
              [36m</button>[39m
              [36m<button[39m
                [33mclass[39m=[32m"p-4 border border-gray-200 rounded-lg hover:bg-gray-50 text-left"[39m
              [36m>[39m
                [36m<div[39m
                  [33mclass[39m=[32m"text-2xl mb-2"[39m
                [36m>[39m
                  [0m🔍[0m
                [36m</div>[39m
                [36m<h4[39m
                  [33mclass[39m=[32m"font-medium text-gray-900"[39m
                [36m>[39m
                  [0mData Quality[0m
                [36m</h4>[39m
                [36m<p[39m
                  [33mclass[39m=[32m"text-sm text-gray-500 mt-1"[39m
                [36m>[39m
                  [0mCheck for duplicates and data issues[0m
                [36m</p>[39m
              [36m</button>[39m
            [36m</div>[39m
          [36m</div>[39m
        [36m</div>[39m
      [36m</div>[39m
    [36m</div>[39m
  [36m</body>[39m
[36m</html>[39m
   × ExclusionsDashboard > shows loading spinner during data fetch 6ms
     → Unable to find an element with the text: Loading exclusions dashboard.... This could be because the text is broken up by multiple elements. In this case, you can provide a function for your text matcher to make your matcher more flexible.

Ignored nodes: comments, script, style
[36m<body>[39m
  [36m<div>[39m
    [36m<div[39m
      [33mclass[39m=[32m"p-6 flex items-center justify-center"[39m
    [36m>[39m
      [36m<div[39m
        [33mclass[39m=[32m"animate-spin rounded-full h-8 w-8 border-b-2 border-blue-600"[39m
      [36m/>[39m
    [36m</div>[39m
  [36m</div>[39m
[36m</body>[39m
 ❯ src/components/Universe/__tests__/UniversePanel.test.tsx (11 tests | 10 failed) 10232ms
   ✓ UniversePanel > renders loading state initially 67ms
   × UniversePanel > displays securities list after loading 1021ms
     → Unable to find an element with the text: AAPL. This could be because the text is broken up by multiple elements. In this case, you can provide a function for your text matcher to make your matcher more flexible.

Ignored nodes: comments, script, style
[36m<body>[39m
  [36m<div>[39m
    [36m<div[39m
      [33mclass[39m=[32m"flex flex-col h-full"[39m
    [36m>[39m
      [36m<div[39m
        [33mclass[39m=[32m"p-4 border-b border-gray-200"[39m
      [36m>[39m
        [36m<div[39m
          [33mclass[39m=[32m"relative"[39m
        [36m>[39m
          [36m<input[39m
            [33mclass[39m=[32m"input-field w-full pl-10"[39m
            [33mplaceholder[39m=[32m"Search securities..."[39m
            [33mtype[39m=[32m"text"[39m
            [33mvalue[39m=[32m""[39m
          [36m/>[39m
          [36m<svg[39m
            [33mclass[39m=[32m"absolute left-3 top-1/2 -translate-y-1/2 w-4 h-4 text-gray-400"[39m
            [33mfill[39m=[32m"none"[39m
            [33mstroke[39m=[32m"currentColor"[39m
            [33mviewBox[39m=[32m"0 0 24 24"[39m
          [36m>[39m
            [36m<path[39m
              [33md[39m=[32m"M21 21l-6-6m2-5a7 7 0 11-14 0 7 7 0 0114 0z"[39m
              [33mstroke-linecap[39m=[32m"round"[39m
              [33mstroke-linejoin[39m=[32m"round"[39m
              [33mstroke-width[39m=[32m"2"[39m
            [36m/>[39m
          [36m</svg>[39m
        [36m</div>[39m
        [36m<div[39m
          [33mclass[39m=[32m"flex gap-2 mt-3"[39m
        [36m>[39m
          [36m<button[39m
            [33mclass[39m=[32m"btn-secondary text-sm"[39m
          [36m>[39m
            [0m🎲 Shuffle[0m
          [36m</button>[39m
          [36m<button[39m
            [33mclass[39m=[32m"btn-secondary text-sm"[39m
          [36m>[39m
            [0mUnseen 30d[0m
          [36m</button>[39m
          [36m<button[39m
            [33mclass[39m=[32m"btn-secondary text-sm"[39m
          [36m>[39m
            [0mUnseen 90d[0m
          [36m</button>[39m
        [36m</div>[39m
      [36m</div>[39m
      [36m<div[39m
        [33mclass[39m=[32m"flex-1 overflow-y-auto"[39m
      [36m>[39m
        [36m<div[39m
          [33mclass[39m=[32m"p-4 text-center text-gray-500"[39m
        [36m>[39m
          [0mNo results found[0m
        [36m</div>[39m
      [36m</div>[39m
      [36m<div[39m
        [33mclass[39m=[32m"p-2 border-t border-gray-200 text-xs text-gray-500 text-center"[39m
      [36m>[39m
        [0m0[0m
        [0m results • Use ↑↓ to navigate[0m
      [36m</div>[39m
    [36m</div>[39m
  [36m</div>[39m
[36m</body>[39m

Ignored nodes: comments, script, style
[36m<html>[39m
  [36m<head />[39m
  [36m<body>[39m
    [36m<div>[39m
      [36m<div[39m
        [33mclass[39m=[32m"flex flex-col h-full"[39m
      [36m>[39m
        [36m<div[39m
          [33mclass[39m=[32m"p-4 border-b border-gray-200"[39m
        [36m>[39m
          [36m<div[39m
            [33mclass[39m=[32m"relative"[39m
          [36m>[39m
            [36m<input[39m
              [33mclass[39m=[32m"input-field w-full pl-10"[39m
              [33mplaceholder[39m=[32m"Search securities..."[39m
              [33mtype[39m=[32m"text"[39m
              [33mvalue[39m=[32m""[39m
            [36m/>[39m
            [36m<svg[39m
              [33mclass[39m=[32m"absolute left-3 top-1/2 -translate-y-1/2 w-4 h-4 text-gray-400"[39m
              [33mfill[39m=[32m"none"[39m
              [33mstroke[39m=[32m"currentColor"[39m
              [33mviewBox[39m=[32m"0 0 24 24"[39m
            [36m>[39m
              [36m<path[39m
                [33md[39m=[32m"M21 21l-6-6m2-5a7 7 0 11-14 0 7 7 0 0114 0z"[39m
                [33mstroke-linecap[39m=[32m"round"[39m
                [33mstroke-linejoin[39m=[32m"round"[39m
                [33mstroke-width[39m=[32m"2"[39m
              [36m/>[39m
            [36m</svg>[39m
          [36m</div>[39m
          [36m<div[39m
            [33mclass[39m=[32m"flex gap-2 mt-3"[39m
          [36m>[39m
            [36m<button[39m
              [33mclass[39m=[32m"btn-secondary text-sm"[39m
            [36m>[39m
              [0m🎲 Shuffle[0m
            [36m</button>[39m
            [36m<button[39m
              [33mclass[39m=[32m"btn-secondary text-sm"[39m
            [36m>[39m
              [0mUnseen 30d[0m
            [36m</button>[39m
            [36m<button[39m
              [33mclass[39m=[32m"btn-secondary text-sm"[39m
            [36m>[39m
              [0mUnseen 90d[0m
            [36m</button>[39m
          [36m</div>[39m
        [36m</div>[39m
        [36m<div[39m
          [33mclass[39m=[32m"flex-1 overflow-y-auto"[39m
        [36m>[39m
          [36m<div[39m
            [33mclass[39m=[32m"p-4 text-center text-gray-500"[39m
          [36m>[39m
            [0mNo results found[0m
          [36m</div>[39m
        [36m</div>[39m
        [36m<div[39m
          [33mclass[39m=[32m"p-2 border-t border-gray-200 text-xs text-gray-500 text-center"[39m
        [36m>[39m
          [0m0[0m
          [0m results • Use ↑↓ to navigate[0m
        [36m</div>[39m
      [36m</div>[39m
    [36m</div>[39m
  [36m</body>[39m
[36m</html>[39m
   × UniversePanel > handles security selection 1022ms
     → Unable to find an element with the text: AAPL. This could be because the text is broken up by multiple elements. In this case, you can provide a function for your text matcher to make your matcher more flexible.

Ignored nodes: comments, script, style
[36m<body>[39m
  [36m<div>[39m
    [36m<div[39m
      [33mclass[39m=[32m"flex flex-col h-full"[39m
    [36m>[39m
      [36m<div[39m
        [33mclass[39m=[32m"p-4 border-b border-gray-200"[39m
      [36m>[39m
        [36m<div[39m
          [33mclass[39m=[32m"relative"[39m
        [36m>[39m
          [36m<input[39m
            [33mclass[39m=[32m"input-field w-full pl-10"[39m
            [33mplaceholder[39m=[32m"Search securities..."[39m
            [33mtype[39m=[32m"text"[39m
            [33mvalue[39m=[32m""[39m
          [36m/>[39m
          [36m<svg[39m
            [33mclass[39m=[32m"absolute left-3 top-1/2 -translate-y-1/2 w-4 h-4 text-gray-400"[39m
            [33mfill[39m=[32m"none"[39m
            [33mstroke[39m=[32m"currentColor"[39m
            [33mviewBox[39m=[32m"0 0 24 24"[39m
          [36m>[39m
            [36m<path[39m
              [33md[39m=[32m"M21 21l-6-6m2-5a7 7 0 11-14 0 7 7 0 0114 0z"[39m
              [33mstroke-linecap[39m=[32m"round"[39m
              [33mstroke-linejoin[39m=[32m"round"[39m
              [33mstroke-width[39m=[32m"2"[39m
            [36m/>[39m
          [36m</svg>[39m
        [36m</div>[39m
        [36m<div[39m
          [33mclass[39m=[32m"flex gap-2 mt-3"[39m
        [36m>[39m
          [36m<button[39m
            [33mclass[39m=[32m"btn-secondary text-sm"[39m
          [36m>[39m
            [0m🎲 Shuffle[0m
          [36m</button>[39m
          [36m<button[39m
            [33mclass[39m=[32m"btn-secondary text-sm"[39m
          [36m>[39m
            [0mUnseen 30d[0m
          [36m</button>[39m
          [36m<button[39m
            [33mclass[39m=[32m"btn-secondary text-sm"[39m
          [36m>[39m
            [0mUnseen 90d[0m
          [36m</button>[39m
        [36m</div>[39m
      [36m</div>[39m
      [36m<div[39m
        [33mclass[39m=[32m"flex-1 overflow-y-auto"[39m
      [36m>[39m
        [36m<div[39m
          [33mclass[39m=[32m"p-4 text-center text-gray-500"[39m
        [36m>[39m
          [0mNo results found[0m
        [36m</div>[39m
      [36m</div>[39m
      [36m<div[39m
        [33mclass[39m=[32m"p-2 border-t border-gray-200 text-xs text-gray-500 text-center"[39m
      [36m>[39m
        [0m0[0m
        [0m results • Use ↑↓ to navigate[0m
      [36m</div>[39m
    [36m</div>[39m
  [36m</div>[39m
[36m</body>[39m

Ignored nodes: comments, script, style
[36m<html>[39m
  [36m<head />[39m
  [36m<body>[39m
    [36m<div>[39m
      [36m<div[39m
        [33mclass[39m=[32m"flex flex-col h-full"[39m
      [36m>[39m
        [36m<div[39m
          [33mclass[39m=[32m"p-4 border-b border-gray-200"[39m
        [36m>[39m
          [36m<div[39m
            [33mclass[39m=[32m"relative"[39m
          [36m>[39m
            [36m<input[39m
              [33mclass[39m=[32m"input-field w-full pl-10"[39m
              [33mplaceholder[39m=[32m"Search securities..."[39m
              [33mtype[39m=[32m"text"[39m
              [33mvalue[39m=[32m""[39m
            [36m/>[39m
            [36m<svg[39m
              [33mclass[39m=[32m"absolute left-3 top-1/2 -translate-y-1/2 w-4 h-4 text-gray-400"[39m
              [33mfill[39m=[32m"none"[39m
              [33mstroke[39m=[32m"currentColor"[39m
              [33mviewBox[39m=[32m"0 0 24 24"[39m
            [36m>[39m
              [36m<path[39m
                [33md[39m=[32m"M21 21l-6-6m2-5a7 7 0 11-14 0 7 7 0 0114 0z"[39m
                [33mstroke-linecap[39m=[32m"round"[39m
                [33mstroke-linejoin[39m=[32m"round"[39m
                [33mstroke-width[39m=[32m"2"[39m
              [36m/>[39m
            [36m</svg>[39m
          [36m</div>[39m
          [36m<div[39m
            [33mclass[39m=[32m"flex gap-2 mt-3"[39m
          [36m>[39m
            [36m<button[39m
              [33mclass[39m=[32m"btn-secondary text-sm"[39m
            [36m>[39m
              [0m🎲 Shuffle[0m
            [36m</button>[39m
            [36m<button[39m
              [33mclass[39m=[32m"btn-secondary text-sm"[39m
            [36m>[39m
              [0mUnseen 30d[0m
            [36m</button>[39m
            [36m<button[39m
              [33mclass[39m=[32m"btn-secondary text-sm"[39m
            [36m>[39m
              [0mUnseen 90d[0m
            [36m</button>[39m
          [36m</div>[39m
        [36m</div>[39m
        [36m<div[39m
          [33mclass[39m=[32m"flex-1 overflow-y-auto"[39m
        [36m>[39m
          [36m<div[39m
            [33mclass[39m=[32m"p-4 text-center text-gray-500"[39m
          [36m>[39m
            [0mNo results found[0m
          [36m</div>[39m
        [36m</div>[39m
        [36m<div[39m
          [33mclass[39m=[32m"p-2 border-t border-gray-200 text-xs text-gray-500 text-center"[39m
        [36m>[39m
          [0m0[0m
          [0m results • Use ↑↓ to navigate[0m
        [36m</div>[39m
      [36m</div>[39m
    [36m</div>[39m
  [36m</body>[39m
[36m</html>[39m
   × UniversePanel > highlights selected security 1019ms
     → Unable to find an element with the text: GOOGL. This could be because the text is broken up by multiple elements. In this case, you can provide a function for your text matcher to make your matcher more flexible.

Ignored nodes: comments, script, style
[36m<body>[39m
  [36m<div>[39m
    [36m<div[39m
      [33mclass[39m=[32m"flex flex-col h-full"[39m
    [36m>[39m
      [36m<div[39m
        [33mclass[39m=[32m"p-4 border-b border-gray-200"[39m
      [36m>[39m
        [36m<div[39m
          [33mclass[39m=[32m"relative"[39m
        [36m>[39m
          [36m<input[39m
            [33mclass[39m=[32m"input-field w-full pl-10"[39m
            [33mplaceholder[39m=[32m"Search securities..."[39m
            [33mtype[39m=[32m"text"[39m
            [33mvalue[39m=[32m""[39m
          [36m/>[39m
          [36m<svg[39m
            [33mclass[39m=[32m"absolute left-3 top-1/2 -translate-y-1/2 w-4 h-4 text-gray-400"[39m
            [33mfill[39m=[32m"none"[39m
            [33mstroke[39m=[32m"currentColor"[39m
            [33mviewBox[39m=[32m"0 0 24 24"[39m
          [36m>[39m
            [36m<path[39m
              [33md[39m=[32m"M21 21l-6-6m2-5a7 7 0 11-14 0 7 7 0 0114 0z"[39m
              [33mstroke-linecap[39m=[32m"round"[39m
              [33mstroke-linejoin[39m=[32m"round"[39m
              [33mstroke-width[39m=[32m"2"[39m
            [36m/>[39m
          [36m</svg>[39m
        [36m</div>[39m
        [36m<div[39m
          [33mclass[39m=[32m"flex gap-2 mt-3"[39m
        [36m>[39m
          [36m<button[39m
            [33mclass[39m=[32m"btn-secondary text-sm"[39m
          [36m>[39m
            [0m🎲 Shuffle[0m
          [36m</button>[39m
          [36m<button[39m
            [33mclass[39m=[32m"btn-secondary text-sm"[39m
          [36m>[39m
            [0mUnseen 30d[0m
          [36m</button>[39m
          [36m<button[39m
            [33mclass[39m=[32m"btn-secondary text-sm"[39m
          [36m>[39m
            [0mUnseen 90d[0m
          [36m</button>[39m
        [36m</div>[39m
      [36m</div>[39m
      [36m<div[39m
        [33mclass[39m=[32m"flex-1 overflow-y-auto"[39m
      [36m>[39m
        [36m<div[39m
          [33mclass[39m=[32m"p-4 text-center text-gray-500"[39m
        [36m>[39m
          [0mNo results found[0m
        [36m</div>[39m
      [36m</div>[39m
      [36m<div[39m
        [33mclass[39m=[32m"p-2 border-t border-gray-200 text-xs text-gray-500 text-center"[39m
      [36m>[39m
        [0m0[0m
        [0m results • Use ↑↓ to navigate[0m
      [36m</div>[39m
    [36m</div>[39m
  [36m</div>[39m
[36m</body>[39m

Ignored nodes: comments, script, style
[36m<html>[39m
  [36m<head />[39m
  [36m<body>[39m
    [36m<div>[39m
      [36m<div[39m
        [33mclass[39m=[32m"flex flex-col h-full"[39m
      [36m>[39m
        [36m<div[39m
          [33mclass[39m=[32m"p-4 border-b border-gray-200"[39m
        [36m>[39m
          [36m<div[39m
            [33mclass[39m=[32m"relative"[39m
          [36m>[39m
            [36m<input[39m
              [33mclass[39m=[32m"input-field w-full pl-10"[39m
              [33mplaceholder[39m=[32m"Search securities..."[39m
              [33mtype[39m=[32m"text"[39m
              [33mvalue[39m=[32m""[39m
            [36m/>[39m
            [36m<svg[39m
              [33mclass[39m=[32m"absolute left-3 top-1/2 -translate-y-1/2 w-4 h-4 text-gray-400"[39m
              [33mfill[39m=[32m"none"[39m
              [33mstroke[39m=[32m"currentColor"[39m
              [33mviewBox[39m=[32m"0 0 24 24"[39m
            [36m>[39m
              [36m<path[39m
                [33md[39m=[32m"M21 21l-6-6m2-5a7 7 0 11-14 0 7 7 0 0114 0z"[39m
                [33mstroke-linecap[39m=[32m"round"[39m
                [33mstroke-linejoin[39m=[32m"round"[39m
                [33mstroke-width[39m=[32m"2"[39m
              [36m/>[39m
            [36m</svg>[39m
          [36m</div>[39m
          [36m<div[39m
            [33mclass[39m=[32m"flex gap-2 mt-3"[39m
          [36m>[39m
            [36m<button[39m
              [33mclass[39m=[32m"btn-secondary text-sm"[39m
            [36m>[39m
              [0m🎲 Shuffle[0m
            [36m</button>[39m
            [36m<button[39m
              [33mclass[39m=[32m"btn-secondary text-sm"[39m
            [36m>[39m
              [0mUnseen 30d[0m
            [36m</button>[39m
            [36m<button[39m
              [33mclass[39m=[32m"btn-secondary text-sm"[39m
            [36m>[39m
              [0mUnseen 90d[0m
            [36m</button>[39m
          [36m</div>[39m
        [36m</div>[39m
        [36m<div[39m
          [33mclass[39m=[32m"flex-1 overflow-y-auto"[39m
        [36m>[39m
          [36m<div[39m
            [33mclass[39m=[32m"p-4 text-center text-gray-500"[39m
          [36m>[39m
            [0mNo results found[0m
          [36m</div>[39m
        [36m</div>[39m
        [36m<div[39m
          [33mclass[39m=[32m"p-2 border-t border-gray-200 text-xs text-gray-500 text-center"[39m
        [36m>[39m
          [0m0[0m
          [0m results • Use ↑↓ to navigate[0m
        [36m</div>[39m
      [36m</div>[39m
    [36m</div>[39m
  [36m</body>[39m
[36m</html>[39m
   × UniversePanel > filters securities by search term 1014ms
     → Unable to find an element with the text: AAPL. This could be because the text is broken up by multiple elements. In this case, you can provide a function for your text matcher to make your matcher more flexible.

Ignored nodes: comments, script, style
[36m<body>[39m
  [36m<div>[39m
    [36m<div[39m
      [33mclass[39m=[32m"flex flex-col h-full"[39m
    [36m>[39m
      [36m<div[39m
        [33mclass[39m=[32m"p-4 border-b border-gray-200"[39m
      [36m>[39m
        [36m<div[39m
          [33mclass[39m=[32m"relative"[39m
        [36m>[39m
          [36m<input[39m
            [33mclass[39m=[32m"input-field w-full pl-10"[39m
            [33mplaceholder[39m=[32m"Search securities..."[39m
            [33mtype[39m=[32m"text"[39m
            [33mvalue[39m=[32m""[39m
          [36m/>[39m
          [36m<svg[39m
            [33mclass[39m=[32m"absolute left-3 top-1/2 -translate-y-1/2 w-4 h-4 text-gray-400"[39m
            [33mfill[39m=[32m"none"[39m
            [33mstroke[39m=[32m"currentColor"[39m
            [33mviewBox[39m=[32m"0 0 24 24"[39m
          [36m>[39m
            [36m<path[39m
              [33md[39m=[32m"M21 21l-6-6m2-5a7 7 0 11-14 0 7 7 0 0114 0z"[39m
              [33mstroke-linecap[39m=[32m"round"[39m
              [33mstroke-linejoin[39m=[32m"round"[39m
              [33mstroke-width[39m=[32m"2"[39m
            [36m/>[39m
          [36m</svg>[39m
        [36m</div>[39m
        [36m<div[39m
          [33mclass[39m=[32m"flex gap-2 mt-3"[39m
        [36m>[39m
          [36m<button[39m
            [33mclass[39m=[32m"btn-secondary text-sm"[39m
          [36m>[39m
            [0m🎲 Shuffle[0m
          [36m</button>[39m
          [36m<button[39m
            [33mclass[39m=[32m"btn-secondary text-sm"[39m
          [36m>[39m
            [0mUnseen 30d[0m
          [36m</button>[39m
          [36m<button[39m
            [33mclass[39m=[32m"btn-secondary text-sm"[39m
          [36m>[39m
            [0mUnseen 90d[0m
          [36m</button>[39m
        [36m</div>[39m
      [36m</div>[39m
      [36m<div[39m
        [33mclass[39m=[32m"flex-1 overflow-y-auto"[39m
      [36m>[39m
        [36m<div[39m
          [33mclass[39m=[32m"p-4 text-center text-gray-500"[39m
        [36m>[39m
          [0mNo results found[0m
        [36m</div>[39m
      [36m</div>[39m
      [36m<div[39m
        [33mclass[39m=[32m"p-2 border-t border-gray-200 text-xs text-gray-500 text-center"[39m
      [36m>[39m
        [0m0[0m
        [0m results • Use ↑↓ to navigate[0m
      [36m</div>[39m
    [36m</div>[39m
  [36m</div>[39m
[36m</body>[39m

Ignored nodes: comments, script, style
[36m<html>[39m
  [36m<head />[39m
  [36m<body>[39m
    [36m<div>[39m
      [36m<div[39m
        [33mclass[39m=[32m"flex flex-col h-full"[39m
      [36m>[39m
        [36m<div[39m
          [33mclass[39m=[32m"p-4 border-b border-gray-200"[39m
        [36m>[39m
          [36m<div[39m
            [33mclass[39m=[32m"relative"[39m
          [36m>[39m
            [36m<input[39m
              [33mclass[39m=[32m"input-field w-full pl-10"[39m
              [33mplaceholder[39m=[32m"Search securities..."[39m
              [33mtype[39m=[32m"text"[39m
              [33mvalue[39m=[32m""[39m
            [36m/>[39m
            [36m<svg[39m
              [33mclass[39m=[32m"absolute left-3 top-1/2 -translate-y-1/2 w-4 h-4 text-gray-400"[39m
              [33mfill[39m=[32m"none"[39m
              [33mstroke[39m=[32m"currentColor"[39m
              [33mviewBox[39m=[32m"0 0 24 24"[39m
            [36m>[39m
              [36m<path[39m
                [33md[39m=[32m"M21 21l-6-6m2-5a7 7 0 11-14 0 7 7 0 0114 0z"[39m
                [33mstroke-linecap[39m=[32m"round"[39m
                [33mstroke-linejoin[39m=[32m"round"[39m
                [33mstroke-width[39m=[32m"2"[39m
              [36m/>[39m
            [36m</svg>[39m
          [36m</div>[39m
          [36m<div[39m
            [33mclass[39m=[32m"flex gap-2 mt-3"[39m
          [36m>[39m
            [36m<button[39m
              [33mclass[39m=[32m"btn-secondary text-sm"[39m
            [36m>[39m
              [0m🎲 Shuffle[0m
            [36m</button>[39m
            [36m<button[39m
              [33mclass[39m=[32m"btn-secondary text-sm"[39m
            [36m>[39m
              [0mUnseen 30d[0m
            [36m</button>[39m
            [36m<button[39m
              [33mclass[39m=[32m"btn-secondary text-sm"[39m
            [36m>[39m
              [0mUnseen 90d[0m
            [36m</button>[39m
          [36m</div>[39m
        [36m</div>[39m
        [36m<div[39m
          [33mclass[39m=[32m"flex-1 overflow-y-auto"[39m
        [36m>[39m
          [36m<div[39m
            [33mclass[39m=[32m"p-4 text-center text-gray-500"[39m
          [36m>[39m
            [0mNo results found[0m
          [36m</div>[39m
        [36m</div>[39m
        [36m<div[39m
          [33mclass[39m=[32m"p-2 border-t border-gray-200 text-xs text-gray-500 text-center"[39m
        [36m>[39m
          [0m0[0m
          [0m results • Use ↑↓ to navigate[0m
        [36m</div>[39m
      [36m</div>[39m
    [36m</div>[39m
  [36m</body>[39m
[36m</html>[39m
   × UniversePanel > filters by sector 1014ms
     → Unable to find an element with the text: AAPL. This could be because the text is broken up by multiple elements. In this case, you can provide a function for your text matcher to make your matcher more flexible.

Ignored nodes: comments, script, style
[36m<body>[39m
  [36m<div>[39m
    [36m<div[39m
      [33mclass[39m=[32m"flex flex-col h-full"[39m
    [36m>[39m
      [36m<div[39m
        [33mclass[39m=[32m"p-4 border-b border-gray-200"[39m
      [36m>[39m
        [36m<div[39m
          [33mclass[39m=[32m"relative"[39m
        [36m>[39m
          [36m<input[39m
            [33mclass[39m=[32m"input-field w-full pl-10"[39m
            [33mplaceholder[39m=[32m"Search securities..."[39m
            [33mtype[39m=[32m"text"[39m
            [33mvalue[39m=[32m""[39m
          [36m/>[39m
          [36m<svg[39m
            [33mclass[39m=[32m"absolute left-3 top-1/2 -translate-y-1/2 w-4 h-4 text-gray-400"[39m
            [33mfill[39m=[32m"none"[39m
            [33mstroke[39m=[32m"currentColor"[39m
            [33mviewBox[39m=[32m"0 0 24 24"[39m
          [36m>[39m
            [36m<path[39m
              [33md[39m=[32m"M21 21l-6-6m2-5a7 7 0 11-14 0 7 7 0 0114 0z"[39m
              [33mstroke-linecap[39m=[32m"round"[39m
              [33mstroke-linejoin[39m=[32m"round"[39m
              [33mstroke-width[39m=[32m"2"[39m
            [36m/>[39m
          [36m</svg>[39m
        [36m</div>[39m
        [36m<div[39m
          [33mclass[39m=[32m"flex gap-2 mt-3"[39m
        [36m>[39m
          [36m<button[39m
            [33mclass[39m=[32m"btn-secondary text-sm"[39m
          [36m>[39m
            [0m🎲 Shuffle[0m
          [36m</button>[39m
          [36m<button[39m
            [33mclass[39m=[32m"btn-secondary text-sm"[39m
          [36m>[39m
            [0mUnseen 30d[0m
          [36m</button>[39m
          [36m<button[39m
            [33mclass[39m=[32m"btn-secondary text-sm"[39m
          [36m>[39m
            [0mUnseen 90d[0m
          [36m</button>[39m
        [36m</div>[39m
      [36m</div>[39m
      [36m<div[39m
        [33mclass[39m=[32m"flex-1 overflow-y-auto"[39m
      [36m>[39m
        [36m<div[39m
          [33mclass[39m=[32m"p-4 text-center text-gray-500"[39m
        [36m>[39m
          [0mNo results found[0m
        [36m</div>[39m
      [36m</div>[39m
      [36m<div[39m
        [33mclass[39m=[32m"p-2 border-t border-gray-200 text-xs text-gray-500 text-center"[39m
      [36m>[39m
        [0m0[0m
        [0m results • Use ↑↓ to navigate[0m
      [36m</div>[39m
    [36m</div>[39m
  [36m</div>[39m
[36m</body>[39m

Ignored nodes: comments, script, style
[36m<html>[39m
  [36m<head />[39m
  [36m<body>[39m
    [36m<div>[39m
      [36m<div[39m
        [33mclass[39m=[32m"flex flex-col h-full"[39m
      [36m>[39m
        [36m<div[39m
          [33mclass[39m=[32m"p-4 border-b border-gray-200"[39m
        [36m>[39m
          [36m<div[39m
            [33mclass[39m=[32m"relative"[39m
          [36m>[39m
            [36m<input[39m
              [33mclass[39m=[32m"input-field w-full pl-10"[39m
              [33mplaceholder[39m=[32m"Search securities..."[39m
              [33mtype[39m=[32m"text"[39m
              [33mvalue[39m=[32m""[39m
            [36m/>[39m
            [36m<svg[39m
              [33mclass[39m=[32m"absolute left-3 top-1/2 -translate-y-1/2 w-4 h-4 text-gray-400"[39m
              [33mfill[39m=[32m"none"[39m
              [33mstroke[39m=[32m"currentColor"[39m
              [33mviewBox[39m=[32m"0 0 24 24"[39m
            [36m>[39m
              [36m<path[39m
                [33md[39m=[32m"M21 21l-6-6m2-5a7 7 0 11-14 0 7 7 0 0114 0z"[39m
                [33mstroke-linecap[39m=[32m"round"[39m
                [33mstroke-linejoin[39m=[32m"round"[39m
                [33mstroke-width[39m=[32m"2"[39m
              [36m/>[39m
            [36m</svg>[39m
          [36m</div>[39m
          [36m<div[39m
            [33mclass[39m=[32m"flex gap-2 mt-3"[39m
          [36m>[39m
            [36m<button[39m
              [33mclass[39m=[32m"btn-secondary text-sm"[39m
            [36m>[39m
              [0m🎲 Shuffle[0m
            [36m</button>[39m
            [36m<button[39m
              [33mclass[39m=[32m"btn-secondary text-sm"[39m
            [36m>[39m
              [0mUnseen 30d[0m
            [36m</button>[39m
            [36m<button[39m
              [33mclass[39m=[32m"btn-secondary text-sm"[39m
            [36m>[39m
              [0mUnseen 90d[0m
            [36m</button>[39m
          [36m</div>[39m
        [36m</div>[39m
        [36m<div[39m
          [33mclass[39m=[32m"flex-1 overflow-y-auto"[39m
        [36m>[39m
          [36m<div[39m
            [33mclass[39m=[32m"p-4 text-center text-gray-500"[39m
          [36m>[39m
            [0mNo results found[0m
          [36m</div>[39m
        [36m</div>[39m
        [36m<div[39m
          [33mclass[39m=[32m"p-2 border-t border-gray-200 text-xs text-gray-500 text-center"[39m
        [36m>[39m
          [0m0[0m
          [0m results • Use ↑↓ to navigate[0m
        [36m</div>[39m
      [36m</div>[39m
    [36m</div>[39m
  [36m</body>[39m
[36m</html>[39m
   × UniversePanel > sorts by tick score 1011ms
     → Unable to find an element with the text: AAPL. This could be because the text is broken up by multiple elements. In this case, you can provide a function for your text matcher to make your matcher more flexible.

Ignored nodes: comments, script, style
[36m<body>[39m
  [36m<div>[39m
    [36m<div[39m
      [33mclass[39m=[32m"flex flex-col h-full"[39m
    [36m>[39m
      [36m<div[39m
        [33mclass[39m=[32m"p-4 border-b border-gray-200"[39m
      [36m>[39m
        [36m<div[39m
          [33mclass[39m=[32m"relative"[39m
        [36m>[39m
          [36m<input[39m
            [33mclass[39m=[32m"input-field w-full pl-10"[39m
            [33mplaceholder[39m=[32m"Search securities..."[39m
            [33mtype[39m=[32m"text"[39m
            [33mvalue[39m=[32m""[39m
          [36m/>[39m
          [36m<svg[39m
            [33mclass[39m=[32m"absolute left-3 top-1/2 -translate-y-1/2 w-4 h-4 text-gray-400"[39m
            [33mfill[39m=[32m"none"[39m
            [33mstroke[39m=[32m"currentColor"[39m
            [33mviewBox[39m=[32m"0 0 24 24"[39m
          [36m>[39m
            [36m<path[39m
              [33md[39m=[32m"M21 21l-6-6m2-5a7 7 0 11-14 0 7 7 0 0114 0z"[39m
              [33mstroke-linecap[39m=[32m"round"[39m
              [33mstroke-linejoin[39m=[32m"round"[39m
              [33mstroke-width[39m=[32m"2"[39m
            [36m/>[39m
          [36m</svg>[39m
        [36m</div>[39m
        [36m<div[39m
          [33mclass[39m=[32m"flex gap-2 mt-3"[39m
        [36m>[39m
          [36m<button[39m
            [33mclass[39m=[32m"btn-secondary text-sm"[39m
          [36m>[39m
            [0m🎲 Shuffle[0m
          [36m</button>[39m
          [36m<button[39m
            [33mclass[39m=[32m"btn-secondary text-sm"[39m
          [36m>[39m
            [0mUnseen 30d[0m
          [36m</button>[39m
          [36m<button[39m
            [33mclass[39m=[32m"btn-secondary text-sm"[39m
          [36m>[39m
            [0mUnseen 90d[0m
          [36m</button>[39m
        [36m</div>[39m
      [36m</div>[39m
      [36m<div[39m
        [33mclass[39m=[32m"flex-1 overflow-y-auto"[39m
      [36m>[39m
        [36m<div[39m
          [33mclass[39m=[32m"p-4 text-center text-gray-500"[39m
        [36m>[39m
          [0mNo results found[0m
        [36m</div>[39m
      [36m</div>[39m
      [36m<div[39m
        [33mclass[39m=[32m"p-2 border-t border-gray-200 text-xs text-gray-500 text-center"[39m
      [36m>[39m
        [0m0[0m
        [0m results • Use ↑↓ to navigate[0m
      [36m</div>[39m
    [36m</div>[39m
  [36m</div>[39m
[36m</body>[39m

Ignored nodes: comments, script, style
[36m<html>[39m
  [36m<head />[39m
  [36m<body>[39m
    [36m<div>[39m
      [36m<div[39m
        [33mclass[39m=[32m"flex flex-col h-full"[39m
      [36m>[39m
        [36m<div[39m
          [33mclass[39m=[32m"p-4 border-b border-gray-200"[39m
        [36m>[39m
          [36m<div[39m
            [33mclass[39m=[32m"relative"[39m
          [36m>[39m
            [36m<input[39m
              [33mclass[39m=[32m"input-field w-full pl-10"[39m
              [33mplaceholder[39m=[32m"Search securities..."[39m
              [33mtype[39m=[32m"text"[39m
              [33mvalue[39m=[32m""[39m
            [36m/>[39m
            [36m<svg[39m
              [33mclass[39m=[32m"absolute left-3 top-1/2 -translate-y-1/2 w-4 h-4 text-gray-400"[39m
              [33mfill[39m=[32m"none"[39m
              [33mstroke[39m=[32m"currentColor"[39m
              [33mviewBox[39m=[32m"0 0 24 24"[39m
            [36m>[39m
              [36m<path[39m
                [33md[39m=[32m"M21 21l-6-6m2-5a7 7 0 11-14 0 7 7 0 0114 0z"[39m
                [33mstroke-linecap[39m=[32m"round"[39m
                [33mstroke-linejoin[39m=[32m"round"[39m
                [33mstroke-width[39m=[32m"2"[39m
              [36m/>[39m
            [36m</svg>[39m
          [36m</div>[39m
          [36m<div[39m
            [33mclass[39m=[32m"flex gap-2 mt-3"[39m
          [36m>[39m
            [36m<button[39m
              [33mclass[39m=[32m"btn-secondary text-sm"[39m
            [36m>[39m
              [0m🎲 Shuffle[0m
            [36m</button>[39m
            [36m<button[39m
              [33mclass[39m=[32m"btn-secondary text-sm"[39m
            [36m>[39m
              [0mUnseen 30d[0m
            [36m</button>[39m
            [36m<button[39m
              [33mclass[39m=[32m"btn-secondary text-sm"[39m
            [36m>[39m
              [0mUnseen 90d[0m
            [36m</button>[39m
          [36m</div>[39m
        [36m</div>[39m
        [36m<div[39m
          [33mclass[39m=[32m"flex-1 overflow-y-auto"[39m
        [36m>[39m
          [36m<div[39m
            [33mclass[39m=[32m"p-4 text-center text-gray-500"[39m
          [36m>[39m
            [0mNo results found[0m
          [36m</div>[39m
        [36m</div>[39m
        [36m<div[39m
          [33mclass[39m=[32m"p-2 border-t border-gray-200 text-xs text-gray-500 text-center"[39m
        [36m>[39m
          [0m0[0m
          [0m results • Use ↑↓ to navigate[0m
        [36m</div>[39m
      [36m</div>[39m
    [36m</div>[39m
  [36m</body>[39m
[36m</html>[39m
   × UniversePanel > handles keyboard navigation 1014ms
     → Unable to find an element with the text: AAPL. This could be because the text is broken up by multiple elements. In this case, you can provide a function for your text matcher to make your matcher more flexible.

Ignored nodes: comments, script, style
[36m<body>[39m
  [36m<div>[39m
    [36m<div[39m
      [33mclass[39m=[32m"flex flex-col h-full"[39m
    [36m>[39m
      [36m<div[39m
        [33mclass[39m=[32m"p-4 border-b border-gray-200"[39m
      [36m>[39m
        [36m<div[39m
          [33mclass[39m=[32m"relative"[39m
        [36m>[39m
          [36m<input[39m
            [33mclass[39m=[32m"input-field w-full pl-10"[39m
            [33mplaceholder[39m=[32m"Search securities..."[39m
            [33mtype[39m=[32m"text"[39m
            [33mvalue[39m=[32m""[39m
          [36m/>[39m
          [36m<svg[39m
            [33mclass[39m=[32m"absolute left-3 top-1/2 -translate-y-1/2 w-4 h-4 text-gray-400"[39m
            [33mfill[39m=[32m"none"[39m
            [33mstroke[39m=[32m"currentColor"[39m
            [33mviewBox[39m=[32m"0 0 24 24"[39m
          [36m>[39m
            [36m<path[39m
              [33md[39m=[32m"M21 21l-6-6m2-5a7 7 0 11-14 0 7 7 0 0114 0z"[39m
              [33mstroke-linecap[39m=[32m"round"[39m
              [33mstroke-linejoin[39m=[32m"round"[39m
              [33mstroke-width[39m=[32m"2"[39m
            [36m/>[39m
          [36m</svg>[39m
        [36m</div>[39m
        [36m<div[39m
          [33mclass[39m=[32m"flex gap-2 mt-3"[39m
        [36m>[39m
          [36m<button[39m
            [33mclass[39m=[32m"btn-secondary text-sm"[39m
          [36m>[39m
            [0m🎲 Shuffle[0m
          [36m</button>[39m
          [36m<button[39m
            [33mclass[39m=[32m"btn-secondary text-sm"[39m
          [36m>[39m
            [0mUnseen 30d[0m
          [36m</button>[39m
          [36m<button[39m
            [33mclass[39m=[32m"btn-secondary text-sm"[39m
          [36m>[39m
            [0mUnseen 90d[0m
          [36m</button>[39m
        [36m</div>[39m
      [36m</div>[39m
      [36m<div[39m
        [33mclass[39m=[32m"flex-1 overflow-y-auto"[39m
      [36m>[39m
        [36m<div[39m
          [33mclass[39m=[32m"p-4 text-center text-gray-500"[39m
        [36m>[39m
          [0mNo results found[0m
        [36m</div>[39m
      [36m</div>[39m
      [36m<div[39m
        [33mclass[39m=[32m"p-2 border-t border-gray-200 text-xs text-gray-500 text-center"[39m
      [36m>[39m
        [0m0[0m
        [0m results • Use ↑↓ to navigate[0m
      [36m</div>[39m
    [36m</div>[39m
  [36m</div>[39m
[36m</body>[39m

Ignored nodes: comments, script, style
[36m<html>[39m
  [36m<head />[39m
  [36m<body>[39m
    [36m<div>[39m
      [36m<div[39m
        [33mclass[39m=[32m"flex flex-col h-full"[39m
      [36m>[39m
        [36m<div[39m
          [33mclass[39m=[32m"p-4 border-b border-gray-200"[39m
        [36m>[39m
          [36m<div[39m
            [33mclass[39m=[32m"relative"[39m
          [36m>[39m
            [36m<input[39m
              [33mclass[39m=[32m"input-field w-full pl-10"[39m
              [33mplaceholder[39m=[32m"Search securities..."[39m
              [33mtype[39m=[32m"text"[39m
              [33mvalue[39m=[32m""[39m
            [36m/>[39m
            [36m<svg[39m
              [33mclass[39m=[32m"absolute left-3 top-1/2 -translate-y-1/2 w-4 h-4 text-gray-400"[39m
              [33mfill[39m=[32m"none"[39m
              [33mstroke[39m=[32m"currentColor"[39m
              [33mviewBox[39m=[32m"0 0 24 24"[39m
            [36m>[39m
              [36m<path[39m
                [33md[39m=[32m"M21 21l-6-6m2-5a7 7 0 11-14 0 7 7 0 0114 0z"[39m
                [33mstroke-linecap[39m=[32m"round"[39m
                [33mstroke-linejoin[39m=[32m"round"[39m
                [33mstroke-width[39m=[32m"2"[39m
              [36m/>[39m
            [36m</svg>[39m
          [36m</div>[39m
          [36m<div[39m
            [33mclass[39m=[32m"flex gap-2 mt-3"[39m
          [36m>[39m
            [36m<button[39m
              [33mclass[39m=[32m"btn-secondary text-sm"[39m
            [36m>[39m
              [0m🎲 Shuffle[0m
            [36m</button>[39m
            [36m<button[39m
              [33mclass[39m=[32m"btn-secondary text-sm"[39m
            [36m>[39m
              [0mUnseen 30d[0m
            [36m</button>[39m
            [36m<button[39m
              [33mclass[39m=[32m"btn-secondary text-sm"[39m
            [36m>[39m
              [0mUnseen 90d[0m
            [36m</button>[39m
          [36m</div>[39m
        [36m</div>[39m
        [36m<div[39m
          [33mclass[39m=[32m"flex-1 overflow-y-auto"[39m
        [36m>[39m
          [36m<div[39m
            [33mclass[39m=[32m"p-4 text-center text-gray-500"[39m
          [36m>[39m
            [0mNo results found[0m
          [36m</div>[39m
        [36m</div>[39m
        [36m<div[39m
          [33mclass[39m=[32m"p-2 border-t border-gray-200 text-xs text-gray-500 text-center"[39m
        [36m>[39m
          [0m0[0m
          [0m results • Use ↑↓ to navigate[0m
        [36m</div>[39m
      [36m</div>[39m
    [36m</div>[39m
  [36m</body>[39m
[36m</html>[39m
   × UniversePanel > displays security stats correctly 1014ms
     → Unable to find an element with the text: $175.50. This could be because the text is broken up by multiple elements. In this case, you can provide a function for your text matcher to make your matcher more flexible.

Ignored nodes: comments, script, style
[36m<body>[39m
  [36m<div>[39m
    [36m<div[39m
      [33mclass[39m=[32m"flex flex-col h-full"[39m
    [36m>[39m
      [36m<div[39m
        [33mclass[39m=[32m"p-4 border-b border-gray-200"[39m
      [36m>[39m
        [36m<div[39m
          [33mclass[39m=[32m"relative"[39m
        [36m>[39m
          [36m<input[39m
            [33mclass[39m=[32m"input-field w-full pl-10"[39m
            [33mplaceholder[39m=[32m"Search securities..."[39m
            [33mtype[39m=[32m"text"[39m
            [33mvalue[39m=[32m""[39m
          [36m/>[39m
          [36m<svg[39m
            [33mclass[39m=[32m"absolute left-3 top-1/2 -translate-y-1/2 w-4 h-4 text-gray-400"[39m
            [33mfill[39m=[32m"none"[39m
            [33mstroke[39m=[32m"currentColor"[39m
            [33mviewBox[39m=[32m"0 0 24 24"[39m
          [36m>[39m
            [36m<path[39m
              [33md[39m=[32m"M21 21l-6-6m2-5a7 7 0 11-14 0 7 7 0 0114 0z"[39m
              [33mstroke-linecap[39m=[32m"round"[39m
              [33mstroke-linejoin[39m=[32m"round"[39m
              [33mstroke-width[39m=[32m"2"[39m
            [36m/>[39m
          [36m</svg>[39m
        [36m</div>[39m
        [36m<div[39m
          [33mclass[39m=[32m"flex gap-2 mt-3"[39m
        [36m>[39m
          [36m<button[39m
            [33mclass[39m=[32m"btn-secondary text-sm"[39m
          [36m>[39m
            [0m🎲 Shuffle[0m
          [36m</button>[39m
          [36m<button[39m
            [33mclass[39m=[32m"btn-secondary text-sm"[39m
          [36m>[39m
            [0mUnseen 30d[0m
          [36m</button>[39m
          [36m<button[39m
            [33mclass[39m=[32m"btn-secondary text-sm"[39m
          [36m>[39m
            [0mUnseen 90d[0m
          [36m</button>[39m
        [36m</div>[39m
      [36m</div>[39m
      [36m<div[39m
        [33mclass[39m=[32m"flex-1 overflow-y-auto"[39m
      [36m>[39m
        [36m<div[39m
          [33mclass[39m=[32m"p-4 text-center text-gray-500"[39m
        [36m>[39m
          [0mNo results found[0m
        [36m</div>[39m
      [36m</div>[39m
      [36m<div[39m
        [33mclass[39m=[32m"p-2 border-t border-gray-200 text-xs text-gray-500 text-center"[39m
      [36m>[39m
        [0m0[0m
        [0m results • Use ↑↓ to navigate[0m
      [36m</div>[39m
    [36m</div>[39m
  [36m</div>[39m
[36m</body>[39m

Ignored nodes: comments, script, style
[36m<html>[39m
  [36m<head />[39m
  [36m<body>[39m
    [36m<div>[39m
      [36m<div[39m
        [33mclass[39m=[32m"flex flex-col h-full"[39m
      [36m>[39m
        [36m<div[39m
          [33mclass[39m=[32m"p-4 border-b border-gray-200"[39m
        [36m>[39m
          [36m<div[39m
            [33mclass[39m=[32m"relative"[39m
          [36m>[39m
            [36m<input[39m
              [33mclass[39m=[32m"input-field w-full pl-10"[39m
              [33mplaceholder[39m=[32m"Search securities..."[39m
              [33mtype[39m=[32m"text"[39m
              [33mvalue[39m=[32m""[39m
            [36m/>[39m
            [36m<svg[39m
              [33mclass[39m=[32m"absolute left-3 top-1/2 -translate-y-1/2 w-4 h-4 text-gray-400"[39m
              [33mfill[39m=[32m"none"[39m
              [33mstroke[39m=[32m"currentColor"[39m
              [33mviewBox[39m=[32m"0 0 24 24"[39m
            [36m>[39m
              [36m<path[39m
                [33md[39m=[32m"M21 21l-6-6m2-5a7 7 0 11-14 0 7 7 0 0114 0z"[39m
                [33mstroke-linecap[39m=[32m"round"[39m
                [33mstroke-linejoin[39m=[32m"round"[39m
                [33mstroke-width[39m=[32m"2"[39m
              [36m/>[39m
            [36m</svg>[39m
          [36m</div>[39m
          [36m<div[39m
            [33mclass[39m=[32m"flex gap-2 mt-3"[39m
          [36m>[39m
            [36m<button[39m
              [33mclass[39m=[32m"btn-secondary text-sm"[39m
            [36m>[39m
              [0m🎲 Shuffle[0m
            [36m</button>[39m
            [36m<button[39m
              [33mclass[39m=[32m"btn-secondary text-sm"[39m
            [36m>[39m
              [0mUnseen 30d[0m
            [36m</button>[39m
            [36m<button[39m
              [33mclass[39m=[32m"btn-secondary text-sm"[39m
            [36m>[39m
              [0mUnseen 90d[0m
            [36m</button>[39m
          [36m</div>[39m
        [36m</div>[39m
        [36m<div[39m
          [33mclass[39m=[32m"flex-1 overflow-y-auto"[39m
        [36m>[39m
          [36m<div[39m
            [33mclass[39m=[32m"p-4 text-center text-gray-500"[39m
          [36m>[39m
            [0mNo results found[0m
          [36m</div>[39m
        [36m</div>[39m
        [36m<div[39m
          [33mclass[39m=[32m"p-2 border-t border-gray-200 text-xs text-gray-500 text-center"[39m
        [36m>[39m
          [0m0[0m
          [0m results • Use ↑↓ to navigate[0m
        [36m</div>[39m
      [36m</div>[39m
    [36m</div>[39m
  [36m</body>[39m
[36m</html>[39m
   × UniversePanel > handles empty search results 1019ms
     → Unable to find an element with the text: AAPL. This could be because the text is broken up by multiple elements. In this case, you can provide a function for your text matcher to make your matcher more flexible.

Ignored nodes: comments, script, style
[36m<body>[39m
  [36m<div>[39m
    [36m<div[39m
      [33mclass[39m=[32m"flex flex-col h-full"[39m
    [36m>[39m
      [36m<div[39m
        [33mclass[39m=[32m"p-4 border-b border-gray-200"[39m
      [36m>[39m
        [36m<div[39m
          [33mclass[39m=[32m"relative"[39m
        [36m>[39m
          [36m<input[39m
            [33mclass[39m=[32m"input-field w-full pl-10"[39m
            [33mplaceholder[39m=[32m"Search securities..."[39m
            [33mtype[39m=[32m"text"[39m
            [33mvalue[39m=[32m""[39m
          [36m/>[39m
          [36m<svg[39m
            [33mclass[39m=[32m"absolute left-3 top-1/2 -translate-y-1/2 w-4 h-4 text-gray-400"[39m
            [33mfill[39m=[32m"none"[39m
            [33mstroke[39m=[32m"currentColor"[39m
            [33mviewBox[39m=[32m"0 0 24 24"[39m
          [36m>[39m
            [36m<path[39m
              [33md[39m=[32m"M21 21l-6-6m2-5a7 7 0 11-14 0 7 7 0 0114 0z"[39m
              [33mstroke-linecap[39m=[32m"round"[39m
              [33mstroke-linejoin[39m=[32m"round"[39m
              [33mstroke-width[39m=[32m"2"[39m
            [36m/>[39m
          [36m</svg>[39m
        [36m</div>[39m
        [36m<div[39m
          [33mclass[39m=[32m"flex gap-2 mt-3"[39m
        [36m>[39m
          [36m<button[39m
            [33mclass[39m=[32m"btn-secondary text-sm"[39m
          [36m>[39m
            [0m🎲 Shuffle[0m
          [36m</button>[39m
          [36m<button[39m
            [33mclass[39m=[32m"btn-secondary text-sm"[39m
          [36m>[39m
            [0mUnseen 30d[0m
          [36m</button>[39m
          [36m<button[39m
            [33mclass[39m=[32m"btn-secondary text-sm"[39m
          [36m>[39m
            [0mUnseen 90d[0m
          [36m</button>[39m
        [36m</div>[39m
      [36m</div>[39m
      [36m<div[39m
        [33mclass[39m=[32m"flex-1 overflow-y-auto"[39m
      [36m>[39m
        [36m<div[39m
          [33mclass[39m=[32m"p-4 text-center text-gray-500"[39m
        [36m>[39m
          [0mNo results found[0m
        [36m</div>[39m
      [36m</div>[39m
      [36m<div[39m
        [33mclass[39m=[32m"p-2 border-t border-gray-200 text-xs text-gray-500 text-center"[39m
      [36m>[39m
        [0m0[0m
        [0m results • Use ↑↓ to navigate[0m
      [36m</div>[39m
    [36m</div>[39m
  [36m</div>[39m
[36m</body>[39m

Ignored nodes: comments, script, style
[36m<html>[39m
  [36m<head />[39m
  [36m<body>[39m
    [36m<div>[39m
      [36m<div[39m
        [33mclass[39m=[32m"flex flex-col h-full"[39m
      [36m>[39m
        [36m<div[39m
          [33mclass[39m=[32m"p-4 border-b border-gray-200"[39m
        [36m>[39m
          [36m<div[39m
            [33mclass[39m=[32m"relative"[39m
          [36m>[39m
            [36m<input[39m
              [33mclass[39m=[32m"input-field w-full pl-10"[39m
              [33mplaceholder[39m=[32m"Search securities..."[39m
              [33mtype[39m=[32m"text"[39m
              [33mvalue[39m=[32m""[39m
            [36m/>[39m
            [36m<svg[39m
              [33mclass[39m=[32m"absolute left-3 top-1/2 -translate-y-1/2 w-4 h-4 text-gray-400"[39m
              [33mfill[39m=[32m"none"[39m
              [33mstroke[39m=[32m"currentColor"[39m
              [33mviewBox[39m=[32m"0 0 24 24"[39m
            [36m>[39m
              [36m<path[39m
                [33md[39m=[32m"M21 21l-6-6m2-5a7 7 0 11-14 0 7 7 0 0114 0z"[39m
                [33mstroke-linecap[39m=[32m"round"[39m
                [33mstroke-linejoin[39m=[32m"round"[39m
                [33mstroke-width[39m=[32m"2"[39m
              [36m/>[39m
            [36m</svg>[39m
          [36m</div>[39m
          [36m<div[39m
            [33mclass[39m=[32m"flex gap-2 mt-3"[39m
          [36m>[39m
            [36m<button[39m
              [33mclass[39m=[32m"btn-secondary text-sm"[39m
            [36m>[39m
              [0m🎲 Shuffle[0m
            [36m</button>[39m
            [36m<button[39m
              [33mclass[39m=[32m"btn-secondary text-sm"[39m
            [36m>[39m
              [0mUnseen 30d[0m
            [36m</button>[39m
            [36m<button[39m
              [33mclass[39m=[32m"btn-secondary text-sm"[39m
            [36m>[39m
              [0mUnseen 90d[0m
            [36m</button>[39m
          [36m</div>[39m
        [36m</div>[39m
        [36m<div[39m
          [33mclass[39m=[32m"flex-1 overflow-y-auto"[39m
        [36m>[39m
          [36m<div[39m
            [33mclass[39m=[32m"p-4 text-center text-gray-500"[39m
          [36m>[39m
            [0mNo results found[0m
          [36m</div>[39m
        [36m</div>[39m
        [36m<div[39m
          [33mclass[39m=[32m"p-2 border-t border-gray-200 text-xs text-gray-500 text-center"[39m
        [36m>[39m
          [0m0[0m
          [0m results • Use ↑↓ to navigate[0m
        [36m</div>[39m
      [36m</div>[39m
    [36m</div>[39m
  [36m</body>[39m
[36m</html>[39m
   × UniversePanel > shows total count 1011ms
     → Unable to find an element with the text: 3 securities. This could be because the text is broken up by multiple elements. In this case, you can provide a function for your text matcher to make your matcher more flexible.

Ignored nodes: comments, script, style
[36m<body>[39m
  [36m<div>[39m
    [36m<div[39m
      [33mclass[39m=[32m"flex flex-col h-full"[39m
    [36m>[39m
      [36m<div[39m
        [33mclass[39m=[32m"p-4 border-b border-gray-200"[39m
      [36m>[39m
        [36m<div[39m
          [33mclass[39m=[32m"relative"[39m
        [36m>[39m
          [36m<input[39m
            [33mclass[39m=[32m"input-field w-full pl-10"[39m
            [33mplaceholder[39m=[32m"Search securities..."[39m
            [33mtype[39m=[32m"text"[39m
            [33mvalue[39m=[32m""[39m
          [36m/>[39m
          [36m<svg[39m
            [33mclass[39m=[32m"absolute left-3 top-1/2 -translate-y-1/2 w-4 h-4 text-gray-400"[39m
            [33mfill[39m=[32m"none"[39m
            [33mstroke[39m=[32m"currentColor"[39m
            [33mviewBox[39m=[32m"0 0 24 24"[39m
          [36m>[39m
            [36m<path[39m
              [33md[39m=[32m"M21 21l-6-6m2-5a7 7 0 11-14 0 7 7 0 0114 0z"[39m
              [33mstroke-linecap[39m=[32m"round"[39m
              [33mstroke-linejoin[39m=[32m"round"[39m
              [33mstroke-width[39m=[32m"2"[39m
            [36m/>[39m
          [36m</svg>[39m
        [36m</div>[39m
        [36m<div[39m
          [33mclass[39m=[32m"flex gap-2 mt-3"[39m
        [36m>[39m
          [36m<button[39m
            [33mclass[39m=[32m"btn-secondary text-sm"[39m
          [36m>[39m
            [0m🎲 Shuffle[0m
          [36m</button>[39m
          [36m<button[39m
            [33mclass[39m=[32m"btn-secondary text-sm"[39m
          [36m>[39m
            [0mUnseen 30d[0m
          [36m</button>[39m
          [36m<button[39m
            [33mclass[39m=[32m"btn-secondary text-sm"[39m
          [36m>[39m
            [0mUnseen 90d[0m
          [36m</button>[39m
        [36m</div>[39m
      [36m</div>[39m
      [36m<div[39m
        [33mclass[39m=[32m"flex-1 overflow-y-auto"[39m
      [36m>[39m
        [36m<div[39m
          [33mclass[39m=[32m"p-4 text-center text-gray-500"[39m
        [36m>[39m
          [0mNo results found[0m
        [36m</div>[39m
      [36m</div>[39m
      [36m<div[39m
        [33mclass[39m=[32m"p-2 border-t border-gray-200 text-xs text-gray-500 text-center"[39m
      [36m>[39m
        [0m0[0m
        [0m results • Use ↑↓ to navigate[0m
      [36m</div>[39m
    [36m</div>[39m
  [36m</div>[39m
[36m</body>[39m

Ignored nodes: comments, script, style
[36m<html>[39m
  [36m<head />[39m
  [36m<body>[39m
    [36m<div>[39m
      [36m<div[39m
        [33mclass[39m=[32m"flex flex-col h-full"[39m
      [36m>[39m
        [36m<div[39m
          [33mclass[39m=[32m"p-4 border-b border-gray-200"[39m
        [36m>[39m
          [36m<div[39m
            [33mclass[39m=[32m"relative"[39m
          [36m>[39m
            [36m<input[39m
              [33mclass[39m=[32m"input-field w-full pl-10"[39m
              [33mplaceholder[39m=[32m"Search securities..."[39m
              [33mtype[39m=[32m"text"[39m
              [33mvalue[39m=[32m""[39m
            [36m/>[39m
            [36m<svg[39m
              [33mclass[39m=[32m"absolute left-3 top-1/2 -translate-y-1/2 w-4 h-4 text-gray-400"[39m
              [33mfill[39m=[32m"none"[39m
              [33mstroke[39m=[32m"currentColor"[39m
              [33mviewBox[39m=[32m"0 0 24 24"[39m
            [36m>[39m
              [36m<path[39m
                [33md[39m=[32m"M21 21l-6-6m2-5a7 7 0 11-14 0 7 7 0 0114 0z"[39m
                [33mstroke-linecap[39m=[32m"round"[39m
                [33mstroke-linejoin[39m=[32m"round"[39m
                [33mstroke-width[39m=[32m"2"[39m
              [36m/>[39m
            [36m</svg>[39m
          [36m</div>[39m
          [36m<div[39m
            [33mclass[39m=[32m"flex gap-2 mt-3"[39m
          [36m>[39m
            [36m<button[39m
              [33mclass[39m=[32m"btn-secondary text-sm"[39m
            [36m>[39m
              [0m🎲 Shuffle[0m
            [36m</button>[39m
            [36m<button[39m
              [33mclass[39m=[32m"btn-secondary text-sm"[39m
            [36m>[39m
              [0mUnseen 30d[0m
            [36m</button>[39m
            [36m<button[39m
              [33mclass[39m=[32m"btn-secondary text-sm"[39m
            [36m>[39m
              [0mUnseen 90d[0m
            [36m</button>[39m
          [36m</div>[39m
        [36m</div>[39m
        [36m<div[39m
          [33mclass[39m=[32m"flex-1 overflow-y-auto"[39m
        [36m>[39m
          [36m<div[39m
            [33mclass[39m=[32m"p-4 text-center text-gray-500"[39m
          [36m>[39m
            [0mNo results found[0m
          [36m</div>[39m
        [36m</div>[39m
        [36m<div[39m
          [33mclass[39m=[32m"p-2 border-t border-gray-200 text-xs text-gray-500 text-center"[39m
        [36m>[39m
          [0m0[0m
          [0m results • Use ↑↓ to navigate[0m
        [36m</div>[39m
      [36m</div>[39m
    [36m</div>[39m
  [36m</body>[39m
[36m</html>[39m
 ❯ src/components/Exclusions/__tests__/SharadarCoveragePanel.test.tsx (13 tests | 13 failed) 12189ms
   × SharadarCoveragePanel > renders loading state initially 55ms
     → Unable to find an element with the text: Loading Sharadar coverage analysis.... This could be because the text is broken up by multiple elements. In this case, you can provide a function for your text matcher to make your matcher more flexible.

Ignored nodes: comments, script, style
[36m<body>[39m
  [36m<div>[39m
    [36m<div[39m
      [33mclass[39m=[32m"p-6 flex items-center justify-center"[39m
    [36m>[39m
      [36m<div[39m
        [33mclass[39m=[32m"animate-spin rounded-full h-8 w-8 border-b-2 border-blue-600"[39m
      [36m/>[39m
      [36m<span[39m
        [33mclass[39m=[32m"ml-3 text-gray-600"[39m
      [36m>[39m
        [0mAnalyzing Sharadar coverage...[0m
      [36m</span>[39m
    [36m</div>[39m
  [36m</div>[39m
[36m</body>[39m
   × SharadarCoveragePanel > displays coverage statistics correctly 1013ms
     → Unable to find an element with the text: 3,500. This could be because the text is broken up by multiple elements. In this case, you can provide a function for your text matcher to make your matcher more flexible.

Ignored nodes: comments, script, style
[36m<body>[39m
  [36m<div />[39m
[36m</body>[39m

Ignored nodes: comments, script, style
[36m<html>[39m
  [36m<head />[39m
  [36m<body>[39m
    [36m<div />[39m
  [36m</body>[39m
[36m</html>[39m
   × SharadarCoveragePanel > displays category coverage breakdown 1009ms
     → Unable to find an element with the text: Coverage by Category. This could be because the text is broken up by multiple elements. In this case, you can provide a function for your text matcher to make your matcher more flexible.

Ignored nodes: comments, script, style
[36m<body>[39m
  [36m<div />[39m
[36m</body>[39m

Ignored nodes: comments, script, style
[36m<html>[39m
  [36m<head />[39m
  [36m<body>[39m
    [36m<div />[39m
  [36m</body>[39m
[36m</html>[39m
   × SharadarCoveragePanel > displays top matches table 1009ms
     → Unable to find an element with the text: Top Matched Companies. This could be because the text is broken up by multiple elements. In this case, you can provide a function for your text matcher to make your matcher more flexible.

Ignored nodes: comments, script, style
[36m<body>[39m
  [36m<div />[39m
[36m</body>[39m

Ignored nodes: comments, script, style
[36m<html>[39m
  [36m<head />[39m
  [36m<body>[39m
    [36m<div />[39m
  [36m</body>[39m
[36m</html>[39m
   × SharadarCoveragePanel > displays unmatched companies section 1009ms
     → Unable to find an element with the text: Unmatched Companies. This could be because the text is broken up by multiple elements. In this case, you can provide a function for your text matcher to make your matcher more flexible.

Ignored nodes: comments, script, style
[36m<body>[39m
  [36m<div />[39m
[36m</body>[39m

Ignored nodes: comments, script, style
[36m<html>[39m
  [36m<head />[39m
  [36m<body>[39m
    [36m<div />[39m
  [36m</body>[39m
[36m</html>[39m
   × SharadarCoveragePanel > handles error state gracefully 1014ms
     → Unable to find an element with the text: Error Loading Sharadar Coverage. This could be because the text is broken up by multiple elements. In this case, you can provide a function for your text matcher to make your matcher more flexible.

Ignored nodes: comments, script, style
[36m<body>[39m
  [36m<div>[39m
    [36m<div[39m
      [33mclass[39m=[32m"p-6 text-center"[39m
    [36m>[39m
      [36m<div[39m
        [33mclass[39m=[32m"text-red-500 text-lg mb-2"[39m
      [36m>[39m
        [0m❌ Error loading coverage analysis[0m
      [36m</div>[39m
      [36m<p[39m
        [33mclass[39m=[32m"text-gray-600"[39m
      [36m>[39m
        [0mCoverage API Error[0m
      [36m</p>[39m
    [36m</div>[39m
  [36m</div>[39m
[36m</body>[39m

Ignored nodes: comments, script, style
[36m<html>[39m
  [36m<head />[39m
  [36m<body>[39m
    [36m<div>[39m
      [36m<div[39m
        [33mclass[39m=[32m"p-6 text-center"[39m
      [36m>[39m
        [36m<div[39m
          [33mclass[39m=[32m"text-red-500 text-lg mb-2"[39m
        [36m>[39m
          [0m❌ Error loading coverage analysis[0m
        [36m</div>[39m
        [36m<p[39m
          [33mclass[39m=[32m"text-gray-600"[39m
        [36m>[39m
          [0mCoverage API Error[0m
        [36m</p>[39m
      [36m</div>[39m
    [36m</div>[39m
  [36m</body>[39m
[36m</html>[39m
   × SharadarCoveragePanel > handles empty data gracefully 1009ms
     → Unable to find an element with the text: 0. This could be because the text is broken up by multiple elements. In this case, you can provide a function for your text matcher to make your matcher more flexible.

Ignored nodes: comments, script, style
[36m<body>[39m
  [36m<div />[39m
[36m</body>[39m

Ignored nodes: comments, script, style
[36m<html>[39m
  [36m<head />[39m
  [36m<body>[39m
    [36m<div />[39m
  [36m</body>[39m
[36m</html>[39m
   × SharadarCoveragePanel > formats percentages correctly 1011ms
     → Unable to find an element with the text: 66.7%. This could be because the text is broken up by multiple elements. In this case, you can provide a function for your text matcher to make your matcher more flexible.

Ignored nodes: comments, script, style
[36m<body>[39m
  [36m<div />[39m
[36m</body>[39m

Ignored nodes: comments, script, style
[36m<html>[39m
  [36m<head />[39m
  [36m<body>[39m
    [36m<div />[39m
  [36m</body>[39m
[36m</html>[39m
   × SharadarCoveragePanel > displays progress bars for category coverage 1011ms
     → Unable to find an element with the text: 80.0%. This could be because the text is broken up by multiple elements. In this case, you can provide a function for your text matcher to make your matcher more flexible.

Ignored nodes: comments, script, style
[36m<body>[39m
  [36m<div />[39m
[36m</body>[39m

Ignored nodes: comments, script, style
[36m<html>[39m
  [36m<head />[39m
  [36m<body>[39m
    [36m<div />[39m
  [36m</body>[39m
[36m</html>[39m
   × SharadarCoveragePanel > handles large numbers with proper formatting 1008ms
     → Unable to find an element with the text: 1,234,567. This could be because the text is broken up by multiple elements. In this case, you can provide a function for your text matcher to make your matcher more flexible.

Ignored nodes: comments, script, style
[36m<body>[39m
  [36m<div />[39m
[36m</body>[39m

Ignored nodes: comments, script, style
[36m<html>[39m
  [36m<head />[39m
  [36m<body>[39m
    [36m<div />[39m
  [36m</body>[39m
[36m</html>[39m
   × SharadarCoveragePanel > limits displayed items appropriately 1010ms
     → Unable to find an element with the text: Company 1. This could be because the text is broken up by multiple elements. In this case, you can provide a function for your text matcher to make your matcher more flexible.

Ignored nodes: comments, script, style
[36m<body>[39m
  [36m<div />[39m
[36m</body>[39m

Ignored nodes: comments, script, style
[36m<html>[39m
  [36m<head />[39m
  [36m<body>[39m
    [36m<div />[39m
  [36m</body>[39m
[36m</html>[39m
   × SharadarCoveragePanel > refreshes data automatically 1010ms
     → Unable to find an element with the text: 1,000. This could be because the text is broken up by multiple elements. In this case, you can provide a function for your text matcher to make your matcher more flexible.

Ignored nodes: comments, script, style
[36m<body>[39m
  [36m<div />[39m
[36m</body>[39m

Ignored nodes: comments, script, style
[36m<html>[39m
  [36m<head />[39m
  [36m<body>[39m
    [36m<div />[39m
  [36m</body>[39m
[36m</html>[39m
   × SharadarCoveragePanel > maintains responsive layout 1012ms
     → Unable to find an element with the text: 1,000. This could be because the text is broken up by multiple elements. In this case, you can provide a function for your text matcher to make your matcher more flexible.

Ignored nodes: comments, script, style
[36m<body>[39m
  [36m<div />[39m
[36m</body>[39m

Ignored nodes: comments, script, style
[36m<html>[39m
  [36m<head />[39m
  [36m<body>[39m
    [36m<div />[39m
  [36m</body>[39m
[36m</html>[39m

 Test Files  10 failed | 3 passed (13)
      Tests  56 failed | 62 passed (118)
     Errors  11 errors
   Start at  14:36:49
   Duration  14.79s (transform 1.94s, setup 6.14s, collect 5.07s, tests 36.49s, environment 13.17s, prepare 4.85s)

